Component: ARM Compiler 5.06 update 5 (build 528) Tool: armlink [4d35e2]

==============================================================================

Section Cross References

    startup_stm32f10x_md.o(RESET) refers to startup_stm32f10x_md.o(STACK) for __initial_sp
    startup_stm32f10x_md.o(RESET) refers to startup_stm32f10x_md.o(.text) for Reset_Handler
    startup_stm32f10x_md.o(RESET) refers to stm32f10x_it.o(i.NMI_Handler) for NMI_Handler
    startup_stm32f10x_md.o(RESET) refers to stm32f10x_it.o(i.HardFault_Handler) for HardFault_Handler
    startup_stm32f10x_md.o(RESET) refers to stm32f10x_it.o(i.MemManage_Handler) for MemManage_Handler
    startup_stm32f10x_md.o(RESET) refers to stm32f10x_it.o(i.BusFault_Handler) for BusFault_Handler
    startup_stm32f10x_md.o(RESET) refers to stm32f10x_it.o(i.UsageFault_Handler) for UsageFault_Handler
    startup_stm32f10x_md.o(RESET) refers to stm32f10x_it.o(i.SVC_Handler) for SVC_Handler
    startup_stm32f10x_md.o(RESET) refers to stm32f10x_it.o(i.DebugMon_Handler) for DebugMon_Handler
    startup_stm32f10x_md.o(RESET) refers to stm32f10x_it.o(i.PendSV_Handler) for PendSV_Handler
    startup_stm32f10x_md.o(RESET) refers to stm32f10x_it.o(i.SysTick_Handler) for SysTick_Handler
    startup_stm32f10x_md.o(RESET) refers to encoder.o(i.TIM3_IRQHandler) for TIM3_IRQHandler
    startup_stm32f10x_md.o(RESET) refers to encoder.o(i.TIM4_IRQHandler) for TIM4_IRQHandler
    startup_stm32f10x_md.o(RESET) refers to sbus.o(i.USART3_IRQHandler) for USART3_IRQHandler
    startup_stm32f10x_md.o(RESET) refers to main.o(i.EXTI15_10_IRQHandler) for EXTI15_10_IRQHandler
    startup_stm32f10x_md.o(.text) refers to system_stm32f10x.o(i.SystemInit) for SystemInit
    startup_stm32f10x_md.o(.text) refers to entry.o(.ARM.Collect$$$$00000000) for __main
    system_stm32f10x.o(i.SetSysClock) refers to system_stm32f10x.o(i.SetSysClockTo72) for SetSysClockTo72
    system_stm32f10x.o(i.SystemCoreClockUpdate) refers to system_stm32f10x.o(.data) for SystemCoreClock
    system_stm32f10x.o(i.SystemInit) refers to system_stm32f10x.o(i.SetSysClock) for SetSysClock
    stm32f10x_adc.o(i.ADC_DeInit) refers to stm32f10x_rcc.o(i.RCC_APB2PeriphResetCmd) for RCC_APB2PeriphResetCmd
    stm32f10x_bkp.o(i.BKP_DeInit) refers to stm32f10x_rcc.o(i.RCC_BackupResetCmd) for RCC_BackupResetCmd
    stm32f10x_can.o(i.CAN_DeInit) refers to stm32f10x_rcc.o(i.RCC_APB1PeriphResetCmd) for RCC_APB1PeriphResetCmd
    stm32f10x_can.o(i.CAN_GetITStatus) refers to stm32f10x_can.o(i.CheckITStatus) for CheckITStatus
    stm32f10x_cec.o(i.CEC_DeInit) refers to stm32f10x_rcc.o(i.RCC_APB1PeriphResetCmd) for RCC_APB1PeriphResetCmd
    stm32f10x_dac.o(i.DAC_DeInit) refers to stm32f10x_rcc.o(i.RCC_APB1PeriphResetCmd) for RCC_APB1PeriphResetCmd
    stm32f10x_flash.o(i.FLASH_EnableWriteProtection) refers to stm32f10x_flash.o(i.FLASH_WaitForLastOperation) for FLASH_WaitForLastOperation
    stm32f10x_flash.o(i.FLASH_EraseAllBank1Pages) refers to stm32f10x_flash.o(i.FLASH_WaitForLastBank1Operation) for FLASH_WaitForLastBank1Operation
    stm32f10x_flash.o(i.FLASH_EraseAllPages) refers to stm32f10x_flash.o(i.FLASH_WaitForLastOperation) for FLASH_WaitForLastOperation
    stm32f10x_flash.o(i.FLASH_EraseOptionBytes) refers to stm32f10x_flash.o(i.FLASH_GetReadOutProtectionStatus) for FLASH_GetReadOutProtectionStatus
    stm32f10x_flash.o(i.FLASH_EraseOptionBytes) refers to stm32f10x_flash.o(i.FLASH_WaitForLastOperation) for FLASH_WaitForLastOperation
    stm32f10x_flash.o(i.FLASH_ErasePage) refers to stm32f10x_flash.o(i.FLASH_WaitForLastOperation) for FLASH_WaitForLastOperation
    stm32f10x_flash.o(i.FLASH_ProgramHalfWord) refers to stm32f10x_flash.o(i.FLASH_WaitForLastOperation) for FLASH_WaitForLastOperation
    stm32f10x_flash.o(i.FLASH_ProgramOptionByteData) refers to stm32f10x_flash.o(i.FLASH_WaitForLastOperation) for FLASH_WaitForLastOperation
    stm32f10x_flash.o(i.FLASH_ProgramWord) refers to stm32f10x_flash.o(i.FLASH_WaitForLastOperation) for FLASH_WaitForLastOperation
    stm32f10x_flash.o(i.FLASH_ReadOutProtection) refers to stm32f10x_flash.o(i.FLASH_WaitForLastOperation) for FLASH_WaitForLastOperation
    stm32f10x_flash.o(i.FLASH_UserOptionByteConfig) refers to stm32f10x_flash.o(i.FLASH_WaitForLastOperation) for FLASH_WaitForLastOperation
    stm32f10x_flash.o(i.FLASH_WaitForLastBank1Operation) refers to stm32f10x_flash.o(i.FLASH_GetBank1Status) for FLASH_GetBank1Status
    stm32f10x_flash.o(i.FLASH_WaitForLastOperation) refers to stm32f10x_flash.o(i.FLASH_GetBank1Status) for FLASH_GetBank1Status
    stm32f10x_gpio.o(i.GPIO_AFIODeInit) refers to stm32f10x_rcc.o(i.RCC_APB2PeriphResetCmd) for RCC_APB2PeriphResetCmd
    stm32f10x_gpio.o(i.GPIO_DeInit) refers to stm32f10x_rcc.o(i.RCC_APB2PeriphResetCmd) for RCC_APB2PeriphResetCmd
    stm32f10x_i2c.o(i.I2C_DeInit) refers to stm32f10x_rcc.o(i.RCC_APB1PeriphResetCmd) for RCC_APB1PeriphResetCmd
[...]
    i.TIM_SetIC4Prescaler                    0x080031cc   Section        0  stm32f10x_tim.o(i.TIM_SetIC4Prescaler)
    i.TIM_TimeBaseInit                       0x080031e8   Section        0  stm32f10x_tim.o(i.TIM_TimeBaseInit)
    i.TIM_TimeBaseStructInit                 0x0800328c   Section        0  stm32f10x_tim.o(i.TIM_TimeBaseStructInit)
    i.Turn_Off                               0x080032a0   Section        0  motor.o(i.Turn_Off)
    i.Turn_PD                                0x08003318   Section        0  pid_control.o(i.Turn_PD)
    i.USART3_IRQHandler                      0x0800338c   Section        0  sbus.o(i.USART3_IRQHandler)
    i.USART_ClearITPendingBit                0x08003420   Section        0  stm32f10x_usart.o(i.USART_ClearITPendingBit)
    i.USART_Cmd                              0x0800343e   Section        0  stm32f10x_usart.o(i.USART_Cmd)
    i.USART_GetFlagStatus                    0x08003456   Section        0  stm32f10x_usart.o(i.USART_GetFlagStatus)
    i.USART_GetITStatus                      0x08003470   Section        0  stm32f10x_usart.o(i.USART_GetITStatus)
    i.USART_ITConfig                         0x080034c4   Section        0  stm32f10x_usart.o(i.USART_ITConfig)
    i.USART_Init                             0x08003510   Section        0  stm32f10x_usart.o(i.USART_Init)
    i.USART_ReceiveData                      0x080035e8   Section        0  stm32f10x_usart.o(i.USART_ReceiveData)
    i.USART_SendData                         0x080035f2   Section        0  stm32f10x_usart.o(i.USART_SendData)
    i.USB_USARTConfig                        0x080035fc   Section        0  usblinker.o(i.USB_USARTConfig)
    i.USB_UsartSendArray                     0x08003688   Section        0  usblinker.o(i.USB_UsartSendArray)
    i.USB_UsartSendByte                      0x080036b8   Section        0  usblinker.o(i.USB_UsartSendByte)
    i.USB_UsartSendpacket                    0x080036d6   Section        0  usblinker.o(i.USB_UsartSendpacket)
    i.UsageFault_Handler                     0x080036fa   Section        0  stm32f10x_it.o(i.UsageFault_Handler)
    i.Velocity_PI                            0x08003700   Section        0  pid_control.o(i.Velocity_PI)
    i.__0printf$1                            0x08003854   Section        0  printf1.o(i.__0printf$1)
    i.__ARM_fpclassify                       0x08003874   Section        0  fpclassify.o(i.__ARM_fpclassify)
    i.__kernel_poly                          0x0800389c   Section        0  poly.o(i.__kernel_poly)
    i.__mathlib_dbl_infnan                   0x08003946   Section        0  dunder.o(i.__mathlib_dbl_infnan)
    i.__mathlib_dbl_infnan2                  0x0800394c   Section        0  dunder.o(i.__mathlib_dbl_infnan2)
    i.__mathlib_dbl_invalid                  0x08003950   Section        0  dunder.o(i.__mathlib_dbl_invalid)
    i.__mathlib_dbl_underflow                0x0800395c   Section        0  dunder.o(i.__mathlib_dbl_underflow)
    i.__scatterload_copy                     0x0800396c   Section       14  handlers.o(i.__scatterload_copy)
    i.__scatterload_null                     0x0800397a   Section        2  handlers.o(i.__scatterload_null)
    i.__scatterload_zeroinit                 0x0800397c   Section       14  handlers.o(i.__scatterload_zeroinit)
    i.__set_errno                            0x0800398c   Section        0  errno.o(i.__set_errno)
    i._printf_core                           0x08003998   Section        0  printf1.o(i._printf_core)
    _printf_core                             0x08003999   Thumb Code   336  printf1.o(i._printf_core)
    i.accel_self_test                        0x08003aec   Section        0  inv_mpu.o(i.accel_self_test)
    accel_self_test                          0x08003aed   Thumb Code   164  inv_mpu.o(i.accel_self_test)
    i.asin                                   0x08003b94   Section        0  asin.o(i.asin)
    i.atan                                   0x08003e04   Section        0  atan.o(i.atan)
    i.atan2                                  0x08004024   Section        0  atan2.o(i.atan2)
    i.decode_gesture                         0x080041a4   Section        0  inv_mpu_dmp_motion_driver.o(i.decode_gesture)
    decode_gesture                           0x080041a5   Thumb Code    94  inv_mpu_dmp_motion_driver.o(i.decode_gesture)
    i.delay_init                             0x08004208   Section        0  delay.o(i.delay_init)
    i.delay_ms                               0x08004254   Section        0  delay.o(i.delay_ms)
    i.delay_us                               0x08004290   Section        0  delay.o(i.delay_us)
    i.dmp_enable_6x_lp_quat                  0x080042cc   Section        0  inv_mpu_dmp_motion_driver.o(i.dmp_enable_6x_lp_quat)
    i.dmp_enable_feature                     0x08004308   Section        0  inv_mpu_dmp_motion_driver.o(i.dmp_enable_feature)
    i.dmp_enable_gyro_cal                    0x08004524   Section        0  inv_mpu_dmp_motion_driver.o(i.dmp_enable_gyro_cal)
    i.dmp_enable_lp_quat                     0x0800457c   Section        0  inv_mpu_dmp_motion_driver.o(i.dmp_enable_lp_quat)
    i.dmp_load_motion_driver_firmware        0x080045b8   Section        0  inv_mpu_dmp_motion_driver.o(i.dmp_load_motion_driver_firmware)
    i.dmp_read_fifo                          0x080045d0   Section        0  inv_mpu_dmp_motion_driver.o(i.dmp_read_fifo)
    i.dmp_set_accel_bias                     0x0800479c   Section        0  inv_mpu_dmp_motion_driver.o(i.dmp_set_accel_bias)
    i.dmp_set_fifo_rate                      0x080048cc   Section        0  inv_mpu_dmp_motion_driver.o(i.dmp_set_fifo_rate)
    i.dmp_set_gyro_bias                      0x0800493c   Section        0  inv_mpu_dmp_motion_driver.o(i.dmp_set_gyro_bias)
    i.dmp_set_orientation                    0x08004a6c   Section        0  inv_mpu_dmp_motion_driver.o(i.dmp_set_orientation)
    i.dmp_set_shake_reject_thresh            0x08004ba4   Section        0  inv_mpu_dmp_motion_driver.o(i.dmp_set_shake_reject_thresh)
    i.dmp_set_shake_reject_time              0x08004bdc   Section        0  inv_mpu_dmp_motion_driver.o(i.dmp_set_shake_reject_time)
    i.dmp_set_shake_reject_timeout           0x08004c02   Section        0  inv_mpu_dmp_motion_driver.o(i.dmp_set_shake_reject_timeout)
    i.dmp_set_tap_axes                       0x08004c28   Section        0  inv_mpu_dmp_motion_driver.o(i.dmp_set_tap_axes)
    i.dmp_set_tap_count                      0x08004c6e   Section        0  inv_mpu_dmp_motion_driver.o(i.dmp_set_tap_count)
    i.dmp_set_tap_thresh                     0x08004c94   Section        0  inv_mpu_dmp_motion_driver.o(i.dmp_set_tap_thresh)
    i.dmp_set_tap_time                       0x08004e34   Section        0  inv_mpu_dmp_motion_driver.o(i.dmp_set_tap_time)
    i.dmp_set_tap_time_multi                 0x08004e5a   Section        0  inv_mpu_dmp_motion_driver.o(i.dmp_set_tap_time_multi)
    i.fputc                                  0x08004e80   Section        0  usblinker.o(i.fputc)
    i.get_accel_prod_shift                   0x08004ea4   Section        0  inv_mpu.o(i.get_accel_prod_shift)
    get_accel_prod_shift                     0x08004ea5   Thumb Code   168  inv_mpu.o(i.get_accel_prod_shift)
    i.get_st_biases                          0x08004f58   Section        0  inv_mpu.o(i.get_st_biases)
    get_st_biases                            0x08004f59   Thumb Code  1132  inv_mpu.o(i.get_st_biases)
    i.gyro_self_test                         0x080053c8   Section        0  inv_mpu.o(i.gyro_self_test)
    gyro_self_test                           0x080053c9   Thumb Code   256  inv_mpu.o(i.gyro_self_test)
    i.i2cRead                                0x080054d8   Section        0  ioi2c.o(i.i2cRead)
    i.i2cWrite                               0x0800554e   Section        0  ioi2c.o(i.i2cWrite)
    i.inv_orientation_matrix_to_scalar       0x080055ae   Section        0  mpu6050.o(i.inv_orientation_matrix_to_scalar)
    inv_orientation_matrix_to_scalar         0x080055af   Thumb Code    40  mpu6050.o(i.inv_orientation_matrix_to_scalar)
    i.inv_row_2_scale                        0x080055d6   Section        0  mpu6050.o(i.inv_row_2_scale)
    inv_row_2_scale                          0x080055d7   Thumb Code    78  mpu6050.o(i.inv_row_2_scale)
    i.main                                   0x08005624   Section        0  main.o(i.main)
    i.mpu_configure_fifo                     0x08005680   Section        0  inv_mpu.o(i.mpu_configure_fifo)
    i.mpu_get_accel_fsr                      0x080056f0   Section        0  inv_mpu.o(i.mpu_get_accel_fsr)
    i.mpu_get_accel_sens                     0x0800573c   Section        0  inv_mpu.o(i.mpu_get_accel_sens)
    i.mpu_get_fifo_config                    0x08005790   Section        0  inv_mpu.o(i.mpu_get_fifo_config)
    i.mpu_get_gyro_fsr                       0x080057a0   Section        0  inv_mpu.o(i.mpu_get_gyro_fsr)
    i.mpu_get_gyro_sens                      0x080057e4   Section        0  inv_mpu.o(i.mpu_get_gyro_sens)
    i.mpu_get_lpf                            0x08005834   Section        0  inv_mpu.o(i.mpu_get_lpf)
    i.mpu_get_sample_rate                    0x08005884   Section        0  inv_mpu.o(i.mpu_get_sample_rate)
    i.mpu_init                               0x080058a4   Section        0  inv_mpu.o(i.mpu_init)
    i.mpu_load_firmware                      0x08005a94   Section        0  inv_mpu.o(i.mpu_load_firmware)
    i.mpu_lp_accel_mode                      0x08005b4c   Section        0  inv_mpu.o(i.mpu_lp_accel_mode)
    i.mpu_read_fifo_stream                   0x08005c2c   Section        0  inv_mpu.o(i.mpu_read_fifo_stream)
    i.mpu_read_mem                           0x08005cec   Section        0  inv_mpu.o(i.mpu_read_mem)
    i.mpu_reset_fifo                         0x08005d6c   Section        0  inv_mpu.o(i.mpu_reset_fifo)
    i.mpu_run_self_test                      0x08005f28   Section        0  inv_mpu.o(i.mpu_run_self_test)
    i.mpu_set_accel_fsr                      0x08006044   Section        0  inv_mpu.o(i.mpu_set_accel_fsr)
    i.mpu_set_bypass                         0x080060c8   Section        0  inv_mpu.o(i.mpu_set_bypass)
    i.mpu_set_dmp_state                      0x08006214   Section        0  inv_mpu.o(i.mpu_set_dmp_state)
    i.mpu_set_gyro_fsr                       0x080062a4   Section        0  inv_mpu.o(i.mpu_set_gyro_fsr)
    i.mpu_set_int_latched                    0x0800632c   Section        0  inv_mpu.o(i.mpu_set_int_latched)
    i.mpu_set_lpf                            0x08006398   Section        0  inv_mpu.o(i.mpu_set_lpf)
    i.mpu_set_sample_rate                    0x0800641c   Section        0  inv_mpu.o(i.mpu_set_sample_rate)
    i.mpu_set_sensors                        0x080064b8   Section        0  inv_mpu.o(i.mpu_set_sensors)
    i.mpu_write_mem                          0x08006588   Section        0  inv_mpu.o(i.mpu_write_mem)
    i.mul                                    0x08006608   Section        0  kf.o(i.mul)
    i.myabs                                  0x080066ac   Section        0  motor.o(i.myabs)
    i.myget_ms                               0x080066ba   Section        0  inv_mpu.o(i.myget_ms)
    i.run_self_test                          0x080066bc   Section        0  mpu6050.o(i.run_self_test)
    run_self_test                            0x080066bd   Thumb Code   144  mpu6050.o(i.run_self_test)
    i.set_int_enable                         0x0800674c   Section        0  inv_mpu.o(i.set_int_enable)
    set_int_enable                           0x0800674d   Thumb Code   138  inv_mpu.o(i.set_int_enable)
    i.sqrt                                   0x080067dc   Section        0  sqrt.o(i.sqrt)
    .constdata                               0x08006828   Section      184  kf.o(.constdata)
    .constdata                               0x080068e0   Section       80  inv_mpu.o(.constdata)
    .constdata                               0x08006930   Section     3062  inv_mpu_dmp_motion_driver.o(.constdata)
    dmp_memory                               0x08006930   Data        3062  inv_mpu_dmp_motion_driver.o(.constdata)
    .constdata                               0x08007528   Section       80  asin.o(.constdata)
    pS                                       0x08007528   Data          48  asin.o(.constdata)
    qS                                       0x08007558   Data          32  asin.o(.constdata)
    .constdata                               0x08007578   Section      152  atan.o(.constdata)
    atanhi                                   0x08007578   Data          32  atan.o(.constdata)
    atanlo                                   0x08007598   Data          32  atan.o(.constdata)
    aTodd                                    0x080075b8   Data          40  atan.o(.constdata)
    aTeven                                   0x080075e0   Data          48  atan.o(.constdata)
    .constdata                               0x08007610   Section        8  qnan.o(.constdata)
    .conststring                             0x08007618   Section       78  inv_mpu.o(.conststring)
    .data                                    0x20000000   Section       20  system_stm32f10x.o(.data)
    .data                                    0x20000014   Section       20  stm32f10x_rcc.o(.data)
    APBAHBPrescTable                         0x20000014   Data          16  stm32f10x_rcc.o(.data)
    ADCPrescTable                            0x20000024   Data           4  stm32f10x_rcc.o(.data)
    .data                                    0x20000028   Section        4  delay.o(.data)
    fac_us                                   0x20000028   Data           1  delay.o(.data)
    fac_ms                                   0x2000002a   Data           2  delay.o(.data)
    .data                                    0x2000002c   Section        3  sbus.o(.data)
    RxState                                  0x2000002d   Data           1  sbus.o(.data)
    pRxPacket                                0x2000002e   Data           1  sbus.o(.data)
    .data                                    0x20000030   Section        4  app_control.o(.data)
    .data                                    0x20000034   Section       52  pid_control.o(.data)
    velocity                                 0x2000004c   Data           4  pid_control.o(.data)
    Encoder_Least                            0x20000050   Data           4  pid_control.o(.data)
    Encoder_bias                             0x20000054   Data           4  pid_control.o(.data)
    Movement                                 0x20000058   Data           4  pid_control.o(.data)
    Encoder_Integral                         0x2000005c   Data           4  pid_control.o(.data)
    Turn_Target                              0x20000060   Data           4  pid_control.o(.data)
    turn_PWM                                 0x20000064   Data           4  pid_control.o(.data)
    .data                                    0x20000068   Section       80  kf.o(.data)
    x_hat                                    0x20000068   Data           8  kf.o(.data)
    x_hat_minus                              0x20000070   Data           8  kf.o(.data)
    p_hat                                    0x20000078   Data          16  kf.o(.data)
    K                                        0x20000088   Data           8  kf.o(.data)
    x_hat                                    0x20000090   Data           8  kf.o(.data)
    x_hat_minus                              0x20000098   Data           8  kf.o(.data)
    p_hat                                    0x200000a0   Data          16  kf.o(.data)
    K                                        0x200000b0   Data           8  kf.o(.data)
    .data                                    0x200000b8   Section      124  filter.o(.data)
    angle                                    0x200000bc   Data           4  filter.o(.data)
    Q_bias                                   0x200000c0   Data           4  filter.o(.data)
    Angle_err                                0x200000c4   Data           4  filter.o(.data)
    PCt_0                                    0x200000c8   Data           4  filter.o(.data)
    PCt_1                                    0x200000cc   Data           4  filter.o(.data)
    E                                        0x200000d0   Data           4  filter.o(.data)
    K_0                                      0x200000d4   Data           4  filter.o(.data)
    K_1                                      0x200000d8   Data           4  filter.o(.data)
    t_0                                      0x200000dc   Data           4  filter.o(.data)
    t_1                                      0x200000e0   Data           4  filter.o(.data)
    PP                                       0x200000e4   Data          16  filter.o(.data)
    angle                                    0x200000f4   Data           4  filter.o(.data)
    angle                                    0x200000f8   Data           4  filter.o(.data)
    Q_bias                                   0x200000fc   Data           4  filter.o(.data)
    Angle_err                                0x20000100   Data           4  filter.o(.data)
    PCt_0                                    0x20000104   Data           4  filter.o(.data)
    PCt_1                                    0x20000108   Data           4  filter.o(.data)
    E                                        0x2000010c   Data           4  filter.o(.data)
    K_0                                      0x20000110   Data           4  filter.o(.data)
    K_1                                      0x20000114   Data           4  filter.o(.data)
    t_0                                      0x20000118   Data           4  filter.o(.data)
    t_1                                      0x2000011c   Data           4  filter.o(.data)
    PP                                       0x20000120   Data          16  filter.o(.data)
    angle                                    0x20000130   Data           4  filter.o(.data)
    .data                                    0x20000134   Section        9  motor.o(.data)
    .data                                    0x20000140   Section       60  mpu6050.o(.data)
    gyro_orientation                         0x2000016c   Data           9  mpu6050.o(.data)
    .data                                    0x2000017c   Section       44  inv_mpu.o(.data)
    st                                       0x2000017c   Data          44  inv_mpu.o(.data)
    .data                                    0x200001a8   Section       55  main.o(.data)
    .data                                    0x200001e0   Section        4  stdout.o(.data)
    .data                                    0x200001e4   Section        4  errno.o(.data)
    _errno                                   0x200001e4   Data           4  errno.o(.data)
    .bss                                     0x200001e8   Section       25  sbus.o(.bss)
    .bss                                     0x20000204   Section       32  kf.o(.bss)
    p_hat_minus                              0x20000204   Data          16  kf.o(.bss)
    p_hat_minus                              0x20000214   Data          16  kf.o(.bss)
    .bss                                     0x20000224   Section       16  inv_mpu_dmp_motion_driver.o(.bss)
    dmp                                      0x20000224   Data          16  inv_mpu_dmp_motion_driver.o(.bss)
    STACK                                    0x20000238   Section     1024  startup_stm32f10x_md.o(STACK)

    Global Symbols

    Symbol Name                              Value     Ov Type        Size  Object(Section)

    BuildAttributes$$THM_ISAv4$P$D$K$B$S$PE$A:L22UL41UL21$X:L11$S22US41US21$IEEE1$IW$USESV6$~STKCKD$USESV7$~SHL$OTIME$ROPI$IEEEX$EBA8$MICROLIB$REQ8$PRES8$EABIv2 0x00000000   Number         0  anon$$obj.o ABSOLUTE
    __ARM_use_no_argv                        0x00000000   Number         0  main.o ABSOLUTE
    _printf_a                                0x00000000   Number         0  stubs.o ABSOLUTE
    _printf_c                                0x00000000   Number         0  stubs.o ABSOLUTE
    _printf_charcount                        0x00000000   Number         0  stubs.o ABSOLUTE
    _printf_d                                0x00000000   Number         0  stubs.o ABSOLUTE
    _printf_e                                0x00000000   Number         0  stubs.o ABSOLUTE
    _printf_f                                0x00000000   Number         0  stubs.o ABSOLUTE
    _printf_flags                            0x00000000   Number         0  stubs.o ABSOLUTE
    _printf_fp_dec                           0x00000000   Number         0  stubs.o ABSOLUTE
    _printf_fp_hex                           0x00000000   Number         0  stubs.o ABSOLUTE
    _printf_g                                0x00000000   Number         0  stubs.o ABSOLUTE
    _printf_i                                0x00000000   Number         0  stubs.o ABSOLUTE
    _printf_int_dec                          0x00000000   Number         0  stubs.o ABSOLUTE
    _printf_l                                0x00000000   Number         0  stubs.o ABSOLUTE
    _printf_lc                               0x00000000   Number         0  stubs.o ABSOLUTE
    _printf_ll                               0x00000000   Number         0  stubs.o ABSOLUTE
    _printf_lld                              0x00000000   Number         0  stubs.o ABSOLUTE
    _printf_lli                              0x00000000   Number         0  stubs.o ABSOLUTE
    _printf_llo                              0x00000000   Number         0  stubs.o ABSOLUTE
    _printf_llu                              0x00000000   Number         0  stubs.o ABSOLUTE
    _printf_llx                              0x00000000   Number         0  stubs.o ABSOLUTE
    _printf_longlong_dec                     0x00000000   Number         0  stubs.o ABSOLUTE
    _printf_longlong_hex                     0x00000000   Number         0  stubs.o ABSOLUTE
    _printf_longlong_oct                     0x00000000   Number         0  stubs.o ABSOLUTE
    _printf_ls                               0x00000000   Number         0  stubs.o ABSOLUTE
    _printf_mbtowc                           0x00000000   Number         0  stubs.o ABSOLUTE
    _printf_n                                0x00000000   Number         0  stubs.o ABSOLUTE
    _printf_o                                0x00000000   Number         0  stubs.o ABSOLUTE
    _printf_p                                0x00000000   Number         0  stubs.o ABSOLUTE
    _printf_percent                          0x00000000   Number         0  stubs.o ABSOLUTE
    _printf_pre_padding                      0x00000000   Number         0  stubs.o ABSOLUTE
    _printf_return_value                     0x00000000   Number         0  stubs.o ABSOLUTE
    _printf_s                                0x00000000   Number         0  stubs.o ABSOLUTE
    _printf_sizespec                         0x00000000   Number         0  stubs.o ABSOLUTE
    _printf_str                              0x00000000   Number         0  stubs.o ABSOLUTE
    _printf_truncate_signed                  0x00000000   Number         0  stubs.o ABSOLUTE
    _printf_truncate_unsigned                0x00000000   Number         0  stubs.o ABSOLUTE
    _printf_u                                0x00000000   Number         0  stubs.o ABSOLUTE
    _printf_wc                               0x00000000   Number         0  stubs.o ABSOLUTE
    _printf_wctomb                           0x00000000   Number         0  stubs.o ABSOLUTE
    _printf_widthprec                        0x00000000   Number         0  stubs.o ABSOLUTE
    _printf_x                                0x00000000   Number         0  stubs.o ABSOLUTE
    __cpp_initialize__aeabi_                  - Undefined Weak Reference
    __cxa_finalize                            - Undefined Weak Reference
    _clock_init                               - Undefined Weak Reference
    _microlib_exit                            - Undefined Weak Reference
    __Vectors_Size                           0x000000ec   Number         0  startup_stm32f10x_md.o ABSOLUTE
    __Vectors                                0x08000000   Data           4  startup_stm32f10x_md.o(RESET)
    __Vectors_End                            0x080000ec   Data           0  startup_stm32f10x_md.o(RESET)
    __main                                   0x080000ed   Thumb Code     0  entry.o(.ARM.Collect$$$$00000000)
    _main_stk                                0x080000ed   Thumb Code     0  entry2.o(.ARM.Collect$$$$00000001)
    _main_scatterload                        0x080000f1   Thumb Code     0  entry5.o(.ARM.Collect$$$$00000004)
    __main_after_scatterload                 0x080000f5   Thumb Code     0  entry5.o(.ARM.Collect$$$$00000004)
    _main_clock                              0x080000f5   Thumb Code     0  entry7b.o(.ARM.Collect$$$$00000008)
    _main_cpp_init                           0x080000f5   Thumb Code     0  entry8b.o(.ARM.Collect$$$$0000000A)
    _main_init                               0x080000f5   Thumb Code     0  entry9a.o(.ARM.Collect$$$$0000000B)
    __rt_final_cpp                           0x080000fd   Thumb Code     0  entry10a.o(.ARM.Collect$$$$0000000D)
    __rt_final_exit                          0x080000fd   Thumb Code     0  entry11a.o(.ARM.Collect$$$$0000000F)
    Reset_Handler                            0x08000101   Thumb Code     8  startup_stm32f10x_md.o(.text)
    ADC1_2_IRQHandler                        0x0800011b   Thumb Code     0  startup_stm32f10x_md.o(.text)
    CAN1_RX1_IRQHandler                      0x0800011b   Thumb Code     0  startup_stm32f10x_md.o(.text)
    CAN1_SCE_IRQHandler                      0x0800011b   Thumb Code     0  startup_stm32f10x_md.o(.text)
    DMA1_Channel1_IRQHandler                 0x0800011b   Thumb Code     0  startup_stm32f10x_md.o(.text)
    DMA1_Channel2_IRQHandler                 0x0800011b   Thumb Code     0  startup_stm32f10x_md.o(.text)
    DMA1_Channel3_IRQHandler                 0x0800011b   Thumb Code     0  startup_stm32f10x_md.o(.text)
    DMA1_Channel4_IRQHandler                 0x0800011b   Thumb Code     0  startup_stm32f10x_md.o(.text)
    DMA1_Channel5_IRQHandler                 0x0800011b   Thumb Code     0  startup_stm32f10x_md.o(.text)
    DMA1_Channel6_IRQHandler                 0x0800011b   Thumb Code     0  startup_stm32f10x_md.o(.text)
    DMA1_Channel7_IRQHandler                 0x0800011b   Thumb Code     0  startup_stm32f10x_md.o(.text)
    EXTI0_IRQHandler                         0x0800011b   Thumb Code     0  startup_stm32f10x_md.o(.text)
    EXTI1_IRQHandler                         0x0800011b   Thumb Code     0  startup_stm32f10x_md.o(.text)
    EXTI2_IRQHandler                         0x0800011b   Thumb Code     0  startup_stm32f10x_md.o(.text)
    EXTI3_IRQHandler                         0x0800011b   Thumb Code     0  startup_stm32f10x_md.o(.text)
    EXTI4_IRQHandler                         0x0800011b   Thumb Code     0  startup_stm32f10x_md.o(.text)
    EXTI9_5_IRQHandler                       0x0800011b   Thumb Code     0  startup_stm32f10x_md.o(.text)
    FLASH_IRQHandler                         0x0800011b   Thumb Code     0  startup_stm32f10x_md.o(.text)
    I2C1_ER_IRQHandler                       0x0800011b   Thumb Code     0  startup_stm32f10x_md.o(.text)
    I2C1_EV_IRQHandler                       0x0800011b   Thumb Code     0  startup_stm32f10x_md.o(.text)
    I2C2_ER_IRQHandler                       0x0800011b   Thumb Code     0  startup_stm32f10x_md.o(.text)
    I2C2_EV_IRQHandler                       0x0800011b   Thumb Code     0  startup_stm32f10x_md.o(.text)
    PVD_IRQHandler                           0x0800011b   Thumb Code     0  startup_stm32f10x_md.o(.text)
    RCC_IRQHandler                           0x0800011b   Thumb Code     0  startup_stm32f10x_md.o(.text)
    RTCAlarm_IRQHandler                      0x0800011b   Thumb Code     0  startup_stm32f10x_md.o(.text)
    RTC_IRQHandler                           0x0800011b   Thumb Code     0  startup_stm32f10x_md.o(.text)
    SPI1_IRQHandler                          0x0800011b   Thumb Code     0  startup_stm32f10x_md.o(.text)
    SPI2_IRQHandler                          0x0800011b   Thumb Code     0  startup_stm32f10x_md.o(.text)
    TAMPER_IRQHandler                        0x0800011b   Thumb Code     0  startup_stm32f10x_md.o(.text)
    TIM1_BRK_IRQHandler                      0x0800011b   Thumb Code     0  startup_stm32f10x_md.o(.text)
    TIM1_CC_IRQHandler                       0x0800011b   Thumb Code     0  startup_stm32f10x_md.o(.text)
    TIM1_TRG_COM_IRQHandler                  0x0800011b   Thumb Code     0  startup_stm32f10x_md.o(.text)
    TIM1_UP_IRQHandler                       0x0800011b   Thumb Code     0  startup_stm32f10x_md.o(.text)
    TIM2_IRQHandler                          0x0800011b   Thumb Code     0  startup_stm32f10x_md.o(.text)
    USART1_IRQHandler                        0x0800011b   Thumb Code     0  startup_stm32f10x_md.o(.text)
    USART2_IRQHandler                        0x0800011b   Thumb Code     0  startup_stm32f10x_md.o(.text)
    USBWakeUp_IRQHandler                     0x0800011b   Thumb Code     0  startup_stm32f10x_md.o(.text)
    USB_HP_CAN1_TX_IRQHandler                0x0800011b   Thumb Code     0  startup_stm32f10x_md.o(.text)
    USB_LP_CAN1_RX0_IRQHandler               0x0800011b   Thumb Code     0  startup_stm32f10x_md.o(.text)
    WWDG_IRQHandler                          0x0800011b   Thumb Code     0  startup_stm32f10x_md.o(.text)
    __aeabi_ldivmod                          0x08000125   Thumb Code    98  ldiv.o(.text)
    __aeabi_memset                           0x08000187   Thumb Code    14  memseta.o(.text)
    __aeabi_memset4                          0x08000187   Thumb Code     0  memseta.o(.text)
    __aeabi_memset8                          0x08000187   Thumb Code     0  memseta.o(.text)
    __aeabi_memclr                           0x08000195   Thumb Code     4  memseta.o(.text)
    __aeabi_memclr4                          0x08000195   Thumb Code     0  memseta.o(.text)
    __aeabi_memclr8                          0x08000195   Thumb Code     0  memseta.o(.text)
    _memset$wrapper                          0x08000199   Thumb Code    18  memseta.o(.text)
    memcmp                                   0x080001ab   Thumb Code    26  memcmp.o(.text)
    __aeabi_fadd                             0x080001c5   Thumb Code   164  fadd.o(.text)
    __aeabi_fsub                             0x08000269   Thumb Code     6  fadd.o(.text)
    __aeabi_frsub                            0x0800026f   Thumb Code     6  fadd.o(.text)
    __aeabi_fmul                             0x08000275   Thumb Code   100  fmul.o(.text)
    __aeabi_fdiv                             0x080002d9   Thumb Code   124  fdiv.o(.text)
    __aeabi_dadd                             0x08000355   Thumb Code   322  dadd.o(.text)
    __aeabi_dsub                             0x08000497   Thumb Code     6  dadd.o(.text)
    __aeabi_drsub                            0x0800049d   Thumb Code     6  dadd.o(.text)
    __aeabi_dmul                             0x080004a3   Thumb Code   228  dmul.o(.text)
    __aeabi_ddiv                             0x08000587   Thumb Code   222  ddiv.o(.text)
    __aeabi_i2f                              0x08000665   Thumb Code    18  fflti.o(.text)
    __aeabi_ui2f                             0x08000677   Thumb Code    10  ffltui.o(.text)
    __aeabi_f2iz                             0x08000681   Thumb Code    50  ffixi.o(.text)
    __aeabi_f2uiz                            0x080006b3   Thumb Code    40  ffixui.o(.text)
    __aeabi_f2d                              0x080006db   Thumb Code    38  f2d.o(.text)
    __aeabi_cdcmpeq                          0x08000701   Thumb Code     0  cdcmple.o(.text)
    __aeabi_cdcmple                          0x08000701   Thumb Code    48  cdcmple.o(.text)
    __aeabi_d2f                              0x08000731   Thumb Code    56  d2f.o(.text)
    __aeabi_cfcmpeq                          0x08000769   Thumb Code     0  cfcmple.o(.text)
    __aeabi_cfcmple                          0x08000769   Thumb Code    20  cfcmple.o(.text)
    __aeabi_cfrcmple                         0x0800077d   Thumb Code    20  cfrcmple.o(.text)
    __aeabi_uidiv                            0x08000791   Thumb Code     0  uidiv.o(.text)
    __aeabi_uidivmod                         0x08000791   Thumb Code    44  uidiv.o(.text)
    __aeabi_uldivmod                         0x080007bd   Thumb Code    98  uldiv.o(.text)
    __aeabi_llsl                             0x0800081f   Thumb Code    30  llshl.o(.text)
    _ll_shift_l                              0x0800081f   Thumb Code     0  llshl.o(.text)
    __aeabi_lasr                             0x0800083d   Thumb Code    36  llsshr.o(.text)
    _ll_sshift_r                             0x0800083d   Thumb Code     0  llsshr.o(.text)
    __I$use$fp                               0x08000861   Thumb Code     0  iusefp.o(.text)
    _float_round                             0x08000861   Thumb Code    18  fepilogue.o(.text)
    _float_epilogue                          0x08000873   Thumb Code    92  fepilogue.o(.text)
    _double_round                            0x080008cf   Thumb Code    30  depilogue.o(.text)
    _double_epilogue                         0x080008ed   Thumb Code   156  depilogue.o(.text)
    __ARM_scalbn                             0x08000989   Thumb Code    46  dscalb.o(.text)
    scalbn                                   0x08000989   Thumb Code     0  dscalb.o(.text)
    __scatterload                            0x080009b9   Thumb Code    28  init.o(.text)
    __scatterload_rt2                        0x080009b9   Thumb Code     0  init.o(.text)
    __aeabi_llsr                             0x080009dd   Thumb Code    32  llushr.o(.text)
    _ll_ushift_r                             0x080009dd   Thumb Code     0  llushr.o(.text)
    _dsqrt                                   0x080009fd   Thumb Code   162  dsqrt.o(.text)
    __decompress                             0x08000a9f   Thumb Code     0  __dczerorl2.o(.text)
    __decompress1                            0x08000a9f   Thumb Code    86  __dczerorl2.o(.text)
    All_config                               0x08000af5   Thumb Code    62  allconfig.o(i.All_config)
    Balance_Motor_Init                       0x08000b35   Thumb Code    40  motor.o(i.Balance_Motor_Init)
    Balance_PD                               0x08000b61   Thumb Code   102  pid_control.o(i.Balance_PD)
    Balance_PWM_Init                         0x08000bd9   Thumb Code   166  motor.o(i.Balance_PWM_Init)
    BusFault_Handler                         0x08000c85   Thumb Code     4  stm32f10x_it.o(i.BusFault_Handler)
    Complementary_Filter_x                   0x08000c89   Thumb Code    82  filter.o(i.Complementary_Filter_x)
    Complementary_Filter_y                   0x08000ce9   Thumb Code    82  filter.o(i.Complementary_Filter_y)
    DMP_Init                                 0x08000d49   Thumb Code   194  mpu6050.o(i.DMP_Init)
    DebugMon_Handler                         0x08000f59   Thumb Code     2  stm32f10x_it.o(i.DebugMon_Handler)
    EXTI15_10_IRQHandler                     0x08000f5d   Thumb Code   190  main.o(i.EXTI15_10_IRQHandler)
    EXTI_Init                                0x08001049   Thumb Code   142  stm32f10x_exti.o(i.EXTI_Init)
    Encoder_Init_TIM3                        0x080010dd   Thumb Code   148  encoder.o(i.Encoder_Init_TIM3)
    Encoder_Init_TIM4                        0x08001179   Thumb Code   148  encoder.o(i.Encoder_Init_TIM4)
    GPIO_EXTILineConfig                      0x08001215   Thumb Code    60  stm32f10x_gpio.o(i.GPIO_EXTILineConfig)
    GPIO_Init                                0x08001255   Thumb Code   278  stm32f10x_gpio.o(i.GPIO_Init)
    Get_Angle                                0x0800136d   Thumb Code   920  app_control.o(i.Get_Angle)
    HardFault_Handler                        0x08001749   Thumb Code     4  stm32f10x_it.o(i.HardFault_Handler)
    I2C_ReadOneByte                          0x0800174d   Thumb Code    70  ioi2c.o(i.I2C_ReadOneByte)
    IIC_Ack                                  0x08001795   Thumb Code    64  ioi2c.o(i.IIC_Ack)
    IIC_MPU6050_Init                         0x080017e1   Thumb Code    40  ioi2c.o(i.IIC_MPU6050_Init)
    IIC_NAck                                 0x0800180d   Thumb Code    62  ioi2c.o(i.IIC_NAck)
    IIC_Read_Byte                            0x08001859   Thumb Code    98  ioi2c.o(i.IIC_Read_Byte)
    IIC_Send_Byte                            0x080018c9   Thumb Code    88  ioi2c.o(i.IIC_Send_Byte)
    IIC_Start                                0x0800192d   Thumb Code    92  ioi2c.o(i.IIC_Start)
    IIC_Stop                                 0x08001995   Thumb Code    60  ioi2c.o(i.IIC_Stop)
    IIC_Wait_Ack                             0x080019dd   Thumb Code    92  ioi2c.o(i.IIC_Wait_Ack)
    IICreadByte                              0x08001a45   Thumb Code    22  ioi2c.o(i.IICreadByte)
    IICwriteBit                              0x08001a5b   Thumb Code    64  ioi2c.o(i.IICwriteBit)
    IICwriteBits                             0x08001a9b   Thumb Code   106  ioi2c.o(i.IICwriteBits)
    IICwriteByte                             0x08001b05   Thumb Code    20  ioi2c.o(i.IICwriteByte)
    IICwriteBytes                            0x08001b19   Thumb Code    70  ioi2c.o(i.IICwriteBytes)
    KF_X                                     0x08001b61   Thumb Code   666  kf.o(i.KF_X)
    KF_Y                                     0x08001e19   Thumb Code   666  kf.o(i.KF_Y)
    MPU6050_EXTI_Init                        0x080020d1   Thumb Code    74  intsever.o(i.MPU6050_EXTI_Init)
    MPU6050_initialize                       0x08002121   Thumb Code    40  mpu6050.o(i.MPU6050_initialize)
    MPU6050_setClockSource                   0x08002149   Thumb Code    20  mpu6050.o(i.MPU6050_setClockSource)
    MPU6050_setFullScaleAccelRange           0x0800215d   Thumb Code    20  mpu6050.o(i.MPU6050_setFullScaleAccelRange)
    MPU6050_setFullScaleGyroRange            0x08002171   Thumb Code    20  mpu6050.o(i.MPU6050_setFullScaleGyroRange)
    MPU6050_setI2CBypassEnabled              0x08002185   Thumb Code    18  mpu6050.o(i.MPU6050_setI2CBypassEnabled)
    MPU6050_setI2CMasterModeEnabled          0x08002197   Thumb Code    18  mpu6050.o(i.MPU6050_setI2CMasterModeEnabled)
    MPU6050_setSleepEnabled                  0x080021a9   Thumb Code    18  mpu6050.o(i.MPU6050_setSleepEnabled)
    MemManage_Handler                        0x080021bb   Thumb Code     4  stm32f10x_it.o(i.MemManage_Handler)
    NMI_Handler                              0x080021bf   Thumb Code     2  stm32f10x_it.o(i.NMI_Handler)
    NVIC_Config                              0x080021c1   Thumb Code    68  allconfig.o(i.NVIC_Config)
    NVIC_Init                                0x08002205   Thumb Code   100  misc.o(i.NVIC_Init)
    NVIC_PriorityGroupConfig                 0x08002275   Thumb Code    10  misc.o(i.NVIC_PriorityGroupConfig)
    PWM_Ignore                               0x08002289   Thumb Code    26  motor.o(i.PWM_Ignore)
    PWM_Limit                                0x080022a3   Thumb Code    18  motor.o(i.PWM_Limit)
    PendSV_Handler                           0x080022b5   Thumb Code     2  stm32f10x_it.o(i.PendSV_Handler)
    RCC_APB1PeriphClockCmd                   0x080022b9   Thumb Code    26  stm32f10x_rcc.o(i.RCC_APB1PeriphClockCmd)
    RCC_APB1PeriphResetCmd                   0x080022d9   Thumb Code    26  stm32f10x_rcc.o(i.RCC_APB1PeriphResetCmd)
    RCC_APB2PeriphClockCmd                   0x080022f9   Thumb Code    26  stm32f10x_rcc.o(i.RCC_APB2PeriphClockCmd)
    RCC_APB2PeriphResetCmd                   0x08002319   Thumb Code    26  stm32f10x_rcc.o(i.RCC_APB2PeriphResetCmd)
    RCC_GetClocksFreq                        0x08002339   Thumb Code   192  stm32f10x_rcc.o(i.RCC_GetClocksFreq)
    Read_DMP                                 0x0800240d   Thumb Code   560  mpu6050.o(i.Read_DMP)
    Read_Encoder                             0x08002669   Thumb Code    46  encoder.o(i.Read_Encoder)
    Read_Temperature                         0x080026a1   Thumb Code   110  mpu6050.o(i.Read_Temperature)
    SVC_Handler                              0x08002721   Thumb Code     2  stm32f10x_it.o(i.SVC_Handler)
    Set_Pwm                                  0x0800280d   Thumb Code   120  motor.o(i.Set_Pwm)
    SysTick_CLKSourceConfig                  0x08002889   Thumb Code    40  misc.o(i.SysTick_CLKSourceConfig)
    SysTick_Handler                          0x080028b1   Thumb Code     2  stm32f10x_it.o(i.SysTick_Handler)
    SystemInit                               0x080028b5   Thumb Code    78  system_stm32f10x.o(i.SystemInit)
    TIM3_IRQHandler                          0x08002b55   Thumb Code    18  encoder.o(i.TIM3_IRQHandler)
    TIM4_IRQHandler                          0x08002b6d   Thumb Code    18  encoder.o(i.TIM4_IRQHandler)
    TIM_ARRPreloadConfig                     0x08002b85   Thumb Code    24  stm32f10x_tim.o(i.TIM_ARRPreloadConfig)
    TIM_ClearFlag                            0x08002b9d   Thumb Code     6  stm32f10x_tim.o(i.TIM_ClearFlag)
    TIM_Cmd                                  0x08002ba3   Thumb Code    24  stm32f10x_tim.o(i.TIM_Cmd)
    TIM_CtrlPWMOutputs                       0x08002bbb   Thumb Code    30  stm32f10x_tim.o(i.TIM_CtrlPWMOutputs)
    TIM_DeInit                               0x08002bd9   Thumb Code   424  stm32f10x_tim.o(i.TIM_DeInit)
    TIM_EncoderInterfaceConfig               0x08002dc1   Thumb Code    66  stm32f10x_tim.o(i.TIM_EncoderInterfaceConfig)
    TIM_ICInit                               0x08002e05   Thumb Code   150  stm32f10x_tim.o(i.TIM_ICInit)
    TIM_ICStructInit                         0x08002eb1   Thumb Code    18  stm32f10x_tim.o(i.TIM_ICStructInit)
    TIM_ITConfig                             0x08002ec3   Thumb Code    18  stm32f10x_tim.o(i.TIM_ITConfig)
    TIM_OC1Init                              0x08002ed5   Thumb Code   132  stm32f10x_tim.o(i.TIM_OC1Init)
    TIM_OC1PreloadConfig                     0x08002f6d   Thumb Code    18  stm32f10x_tim.o(i.TIM_OC1PreloadConfig)
    TIM_OC2Init                              0x08002f81   Thumb Code   154  stm32f10x_tim.o(i.TIM_OC2Init)
    TIM_OC2PreloadConfig                     0x08003025   Thumb Code    26  stm32f10x_tim.o(i.TIM_OC2PreloadConfig)
    TIM_OC3Init                              0x08003041   Thumb Code   150  stm32f10x_tim.o(i.TIM_OC3Init)
    TIM_OC3PreloadConfig                     0x080030e1   Thumb Code    18  stm32f10x_tim.o(i.TIM_OC3PreloadConfig)
    TIM_OC4Init                              0x080030f5   Thumb Code   114  stm32f10x_tim.o(i.TIM_OC4Init)
    TIM_OC4PreloadConfig                     0x08003171   Thumb Code    26  stm32f10x_tim.o(i.TIM_OC4PreloadConfig)
    TIM_SetCounter                           0x0800318b   Thumb Code     4  stm32f10x_tim.o(i.TIM_SetCounter)
    TIM_SetIC1Prescaler                      0x0800318f   Thumb Code    18  stm32f10x_tim.o(i.TIM_SetIC1Prescaler)
    TIM_SetIC2Prescaler                      0x080031a1   Thumb Code    26  stm32f10x_tim.o(i.TIM_SetIC2Prescaler)
    TIM_SetIC3Prescaler                      0x080031bb   Thumb Code    18  stm32f10x_tim.o(i.TIM_SetIC3Prescaler)
    TIM_SetIC4Prescaler                      0x080031cd   Thumb Code    26  stm32f10x_tim.o(i.TIM_SetIC4Prescaler)
    TIM_TimeBaseInit                         0x080031e9   Thumb Code   122  stm32f10x_tim.o(i.TIM_TimeBaseInit)
    TIM_TimeBaseStructInit                   0x0800328d   Thumb Code    18  stm32f10x_tim.o(i.TIM_TimeBaseStructInit)
    Turn_Off                                 0x080032a1   Thumb Code    96  motor.o(i.Turn_Off)
    Turn_PD                                  0x08003319   Thumb Code    92  pid_control.o(i.Turn_PD)
    USART3_IRQHandler                        0x0800338d   Thumb Code   126  sbus.o(i.USART3_IRQHandler)
    USART_ClearITPendingBit                  0x08003421   Thumb Code    30  stm32f10x_usart.o(i.USART_ClearITPendingBit)
    USART_Cmd                                0x0800343f   Thumb Code    24  stm32f10x_usart.o(i.USART_Cmd)
    USART_GetFlagStatus                      0x08003457   Thumb Code    26  stm32f10x_usart.o(i.USART_GetFlagStatus)
    USART_GetITStatus                        0x08003471   Thumb Code    84  stm32f10x_usart.o(i.USART_GetITStatus)
    USART_ITConfig                           0x080034c5   Thumb Code    74  stm32f10x_usart.o(i.USART_ITConfig)
    USART_Init                               0x08003511   Thumb Code   210  stm32f10x_usart.o(i.USART_Init)
    USART_ReceiveData                        0x080035e9   Thumb Code    10  stm32f10x_usart.o(i.USART_ReceiveData)
    USART_SendData                           0x080035f3   Thumb Code     8  stm32f10x_usart.o(i.USART_SendData)
    USB_USARTConfig                          0x080035fd   Thumb Code   132  usblinker.o(i.USB_USARTConfig)
    USB_UsartSendArray                       0x08003689   Thumb Code    48  usblinker.o(i.USB_UsartSendArray)
    USB_UsartSendByte                        0x080036b9   Thumb Code    30  usblinker.o(i.USB_UsartSendByte)
    USB_UsartSendpacket                      0x080036d7   Thumb Code    36  usblinker.o(i.USB_UsartSendpacket)
    UsageFault_Handler                       0x080036fb   Thumb Code     4  stm32f10x_it.o(i.UsageFault_Handler)
    Velocity_PI                              0x08003701   Thumb Code   272  pid_control.o(i.Velocity_PI)
    __0printf$1                              0x08003855   Thumb Code    22  printf1.o(i.__0printf$1)
    __1printf$1                              0x08003855   Thumb Code     0  printf1.o(i.__0printf$1)
    __2printf                                0x08003855   Thumb Code     0  printf1.o(i.__0printf$1)
    __ARM_fpclassify                         0x08003875   Thumb Code    40  fpclassify.o(i.__ARM_fpclassify)
    __kernel_poly                            0x0800389d   Thumb Code   170  poly.o(i.__kernel_poly)
    __mathlib_dbl_infnan                     0x08003947   Thumb Code     6  dunder.o(i.__mathlib_dbl_infnan)
    __mathlib_dbl_infnan2                    0x0800394d   Thumb Code     4  dunder.o(i.__mathlib_dbl_infnan2)
    __mathlib_dbl_invalid                    0x08003951   Thumb Code    12  dunder.o(i.__mathlib_dbl_invalid)
    __mathlib_dbl_underflow                  0x0800395d   Thumb Code    10  dunder.o(i.__mathlib_dbl_underflow)
    __scatterload_copy                       0x0800396d   Thumb Code    14  handlers.o(i.__scatterload_copy)
    __scatterload_null                       0x0800397b   Thumb Code     2  handlers.o(i.__scatterload_null)
    __scatterload_zeroinit                   0x0800397d   Thumb Code    14  handlers.o(i.__scatterload_zeroinit)
    __set_errno                              0x0800398d   Thumb Code     6  errno.o(i.__set_errno)
    asin                                     0x08003b95   Thumb Code   572  asin.o(i.asin)
    atan                                     0x08003e05   Thumb Code   474  atan.o(i.atan)
    atan2                                    0x08004025   Thumb Code   346  atan2.o(i.atan2)
    delay_init                               0x08004209   Thumb Code    60  delay.o(i.delay_init)
    delay_ms                                 0x08004255   Thumb Code    56  delay.o(i.delay_ms)
    delay_us                                 0x08004291   Thumb Code    56  delay.o(i.delay_us)
    dmp_enable_6x_lp_quat                    0x080042cd   Thumb Code    60  inv_mpu_dmp_motion_driver.o(i.dmp_enable_6x_lp_quat)
    dmp_enable_feature                       0x08004309   Thumb Code   530  inv_mpu_dmp_motion_driver.o(i.dmp_enable_feature)
    dmp_enable_gyro_cal                      0x08004525   Thumb Code    62  inv_mpu_dmp_motion_driver.o(i.dmp_enable_gyro_cal)
    dmp_enable_lp_quat                       0x0800457d   Thumb Code    60  inv_mpu_dmp_motion_driver.o(i.dmp_enable_lp_quat)
    dmp_load_motion_driver_firmware          0x080045b9   Thumb Code    20  inv_mpu_dmp_motion_driver.o(i.dmp_load_motion_driver_firmware)
    dmp_read_fifo                            0x080045d1   Thumb Code   456  inv_mpu_dmp_motion_driver.o(i.dmp_read_fifo)
    dmp_set_accel_bias                       0x0800479d   Thumb Code   300  inv_mpu_dmp_motion_driver.o(i.dmp_set_accel_bias)
    dmp_set_fifo_rate                        0x080048cd   Thumb Code    96  inv_mpu_dmp_motion_driver.o(i.dmp_set_fifo_rate)
    dmp_set_gyro_bias                        0x0800493d   Thumb Code   294  inv_mpu_dmp_motion_driver.o(i.dmp_set_gyro_bias)
    dmp_set_orientation                      0x08004a6d   Thumb Code   290  inv_mpu_dmp_motion_driver.o(i.dmp_set_orientation)
    dmp_set_shake_reject_thresh              0x08004ba5   Thumb Code    56  inv_mpu_dmp_motion_driver.o(i.dmp_set_shake_reject_thresh)
    dmp_set_shake_reject_time                0x08004bdd   Thumb Code    38  inv_mpu_dmp_motion_driver.o(i.dmp_set_shake_reject_time)
    dmp_set_shake_reject_timeout             0x08004c03   Thumb Code    38  inv_mpu_dmp_motion_driver.o(i.dmp_set_shake_reject_timeout)
    dmp_set_tap_axes                         0x08004c29   Thumb Code    70  inv_mpu_dmp_motion_driver.o(i.dmp_set_tap_axes)
    dmp_set_tap_count                        0x08004c6f   Thumb Code    38  inv_mpu_dmp_motion_driver.o(i.dmp_set_tap_count)
    dmp_set_tap_thresh                       0x08004c95   Thumb Code   396  inv_mpu_dmp_motion_driver.o(i.dmp_set_tap_thresh)
    dmp_set_tap_time                         0x08004e35   Thumb Code    38  inv_mpu_dmp_motion_driver.o(i.dmp_set_tap_time)
    dmp_set_tap_time_multi                   0x08004e5b   Thumb Code    38  inv_mpu_dmp_motion_driver.o(i.dmp_set_tap_time_multi)
    fputc                                    0x08004e81   Thumb Code    32  usblinker.o(i.fputc)
    i2cRead                                  0x080054d9   Thumb Code   118  ioi2c.o(i.i2cRead)
    i2cWrite                                 0x0800554f   Thumb Code    96  ioi2c.o(i.i2cWrite)
    main                                     0x08005625   Thumb Code    66  main.o(i.main)
    mpu_configure_fifo                       0x08005681   Thumb Code   106  inv_mpu.o(i.mpu_configure_fifo)
    mpu_get_accel_fsr                        0x080056f1   Thumb Code    72  inv_mpu.o(i.mpu_get_accel_fsr)
    mpu_get_accel_sens                       0x0800573d   Thumb Code    78  inv_mpu.o(i.mpu_get_accel_sens)
    mpu_get_fifo_config                      0x08005791   Thumb Code    12  inv_mpu.o(i.mpu_get_fifo_config)
    mpu_get_gyro_fsr                         0x080057a1   Thumb Code    64  inv_mpu.o(i.mpu_get_gyro_fsr)
    mpu_get_gyro_sens                        0x080057e5   Thumb Code    58  inv_mpu.o(i.mpu_get_gyro_sens)
    mpu_get_lpf                              0x08005835   Thumb Code    74  inv_mpu.o(i.mpu_get_lpf)
    mpu_get_sample_rate                      0x08005885   Thumb Code    26  inv_mpu.o(i.mpu_get_sample_rate)
    mpu_init                                 0x080058a5   Thumb Code   416  inv_mpu.o(i.mpu_init)
    mpu_load_firmware                        0x08005a95   Thumb Code   180  inv_mpu.o(i.mpu_load_firmware)
    mpu_lp_accel_mode                        0x08005b4d   Thumb Code   218  inv_mpu.o(i.mpu_lp_accel_mode)
    mpu_read_fifo_stream                     0x08005c2d   Thumb Code   186  inv_mpu.o(i.mpu_read_fifo_stream)
    mpu_read_mem                             0x08005ced   Thumb Code   122  inv_mpu.o(i.mpu_read_mem)
    mpu_reset_fifo                           0x08005d6d   Thumb Code   438  inv_mpu.o(i.mpu_reset_fifo)
    mpu_run_self_test                        0x08005f29   Thumb Code   278  inv_mpu.o(i.mpu_run_self_test)
    mpu_set_accel_fsr                        0x08006045   Thumb Code   126  inv_mpu.o(i.mpu_set_accel_fsr)
    mpu_set_bypass                           0x080060c9   Thumb Code   328  inv_mpu.o(i.mpu_set_bypass)
    mpu_set_dmp_state                        0x08006215   Thumb Code   138  inv_mpu.o(i.mpu_set_dmp_state)
    mpu_set_gyro_fsr                         0x080062a5   Thumb Code   132  inv_mpu.o(i.mpu_set_gyro_fsr)
    mpu_set_int_latched                      0x0800632d   Thumb Code   102  inv_mpu.o(i.mpu_set_int_latched)
    mpu_set_lpf                              0x08006399   Thumb Code   126  inv_mpu.o(i.mpu_set_lpf)
    mpu_set_sample_rate                      0x0800641d   Thumb Code   152  inv_mpu.o(i.mpu_set_sample_rate)
    mpu_set_sensors                          0x080064b9   Thumb Code   202  inv_mpu.o(i.mpu_set_sensors)
    mpu_write_mem                            0x08006589   Thumb Code   122  inv_mpu.o(i.mpu_write_mem)
    mul                                      0x08006609   Thumb Code   154  kf.o(i.mul)
    myabs                                    0x080066ad   Thumb Code    14  motor.o(i.myabs)
    myget_ms                                 0x080066bb   Thumb Code     2  inv_mpu.o(i.myget_ms)
    sqrt                                     0x080067dd   Thumb Code    76  sqrt.o(i.sqrt)
    hw                                       0x080068e0   Data          12  inv_mpu.o(.constdata)
    reg                                      0x080068ec   Data          27  inv_mpu.o(.constdata)
    test                                     0x08006908   Data          40  inv_mpu.o(.constdata)
    __mathlib_zero                           0x08007610   Data           8  qnan.o(.constdata)
    Region$$Table$$Base                      0x08007668   Number         0  anon$$obj.o(Region$$Table)
    Region$$Table$$Limit                     0x08007688   Number         0  anon$$obj.o(Region$$Table)
    SystemCoreClock                          0x20000000   Data           4  system_stm32f10x.o(.data)
    AHBPrescTable                            0x20000004   Data          16  system_stm32f10x.o(.data)
    RxFlag                                   0x2000002c   Data           1  sbus.o(.data)
    battery                                  0x20000030   Data           4  app_control.o(.data)
    Balance_Kp                               0x20000034   Data           4  pid_control.o(.data)
    Balance_Kd                               0x20000038   Data           4  pid_control.o(.data)
    Velocity_Kp                              0x2000003c   Data           4  pid_control.o(.data)
    Velocity_Ki                              0x20000040   Data           4  pid_control.o(.data)
    Turn_Kp                                  0x20000044   Data           4  pid_control.o(.data)
    Turn_Kd                                  0x20000048   Data           4  pid_control.o(.data)
    dt                                       0x200000b8   Data           4  filter.o(.data)
    Velocity_Left                            0x20000134   Data           4  motor.o(.data)
    Velocity_Right                           0x20000138   Data           4  motor.o(.data)
    angle_max                                0x2000013c   Data           1  motor.o(.data)
    gyro                                     0x20000140   Data           6  mpu6050.o(.data)
    accel                                    0x20000146   Data           6  mpu6050.o(.data)
    sensors                                  0x2000014c   Data           2  mpu6050.o(.data)
    Roll                                     0x20000150   Data           4  mpu6050.o(.data)
    Pitch                                    0x20000154   Data           4  mpu6050.o(.data)
    Yaw                                      0x20000158   Data           4  mpu6050.o(.data)
    q0                                       0x2000015c   Data           4  mpu6050.o(.data)
    q1                                       0x20000160   Data           4  mpu6050.o(.data)
    q2                                       0x20000164   Data           4  mpu6050.o(.data)
    q3                                       0x20000168   Data           4  mpu6050.o(.data)
    Gx_offset                                0x20000176   Data           2  mpu6050.o(.data)
    Gy_offset                                0x20000178   Data           2  mpu6050.o(.data)
    Gz_offset                                0x2000017a   Data           2  mpu6050.o(.data)
    GET_Angle_Way                            0x200001a8   Data           1  main.o(.data)
    Angle_Balance                            0x200001ac   Data           4  main.o(.data)
    Gyro_Balance                             0x200001b0   Data           4  main.o(.data)
    Gyro_Turn                                0x200001b4   Data           4  main.o(.data)
    Motor_Left                               0x200001b8   Data           4  main.o(.data)
    Motor_Right                              0x200001bc   Data           4  main.o(.data)
    Temperature                              0x200001c0   Data           4  main.o(.data)
    Acceleration_Z                           0x200001c4   Data           4  main.o(.data)
    Mid_Angle                                0x200001c8   Data           4  main.o(.data)
    Move_X                                   0x200001cc   Data           4  main.o(.data)
    Move_Z                                   0x200001d0   Data           4  main.o(.data)
    Stop_Flag                                0x200001d4   Data           1  main.o(.data)
    Costime                                  0x200001d8   Data           4  main.o(.data)
    datapacket                               0x200001dc   Data           3  main.o(.data)
    __stdout                                 0x200001e0   Data           4  stdout.o(.data)
    SBUS_Packet                              0x200001e8   Data          25  sbus.o(.bss)
    __initial_sp                             0x20000638   Data           0  startup_stm32f10x_md.o(STACK)



==============================================================================

Memory Map of the image

  Image Entry point : 0x080000ed

  Load Region LR_IROM1 (Base: 0x08000000, Size: 0x00007870, Max: 0x00010000, ABSOLUTE, COMPRESSED[0x000076e4])

    Execution Region ER_IROM1 (Exec base: 0x08000000, Load base: 0x08000000, Size: 0x00007688, Max: 0x00010000, ABSOLUTE)

    Exec Addr    Load Addr    Size         Type   Attr      Idx    E Section Name        Object

    0x08000000   0x08000000   0x000000ec   Data   RO            3    RESET               startup_stm32f10x_md.o
    0x080000ec   0x080000ec   0x00000000   Code   RO         4767  * .ARM.Collect$$$$00000000  mc_w.l(entry.o)
    0x080000ec   0x080000ec   0x00000004   Code   RO         5106    .ARM.Collect$$$$00000001  mc_w.l(entry2.o)
    0x080000f0   0x080000f0   0x00000004   Code   RO         5109    .ARM.Collect$$$$00000004  mc_w.l(entry5.o)
    0x080000f4   0x080000f4   0x00000000   Code   RO         5111    .ARM.Collect$$$$00000008  mc_w.l(entry7b.o)
    0x080000f4   0x080000f4   0x00000000   Code   RO         5113    .ARM.Collect$$$$0000000A  mc_w.l(entry8b.o)
    0x080000f4   0x080000f4   0x00000008   Code   RO         5114    .ARM.Collect$$$$0000000B  mc_w.l(entry9a.o)
    0x080000fc   0x080000fc   0x00000000   Code   RO         5116    .ARM.Collect$$$$0000000D  mc_w.l(entry10a.o)
    0x080000fc   0x080000fc   0x00000000   Code   RO         5118    .ARM.Collect$$$$0000000F  mc_w.l(entry11a.o)
    0x080000fc   0x080000fc   0x00000004   Code   RO         5107    .ARM.Collect$$$$00002712  mc_w.l(entry2.o)
    0x08000100   0x08000100   0x00000024   Code   RO            4    .text               startup_stm32f10x_md.o
    0x08000124   0x08000124   0x00000062   Code   RO         4770    .text               mc_w.l(ldiv.o)
    0x08000186   0x08000186   0x00000024   Code   RO         4772    .text               mc_w.l(memseta.o)
    0x080001aa   0x080001aa   0x0000001a   Code   RO         4774    .text               mc_w.l(memcmp.o)
    0x080001c4   0x080001c4   0x000000b0   Code   RO         5037    .text               mf_w.l(fadd.o)
    0x08000274   0x08000274   0x00000064   Code   RO         5039    .text               mf_w.l(fmul.o)
    0x080002d8   0x080002d8   0x0000007c   Code   RO         5041    .text               mf_w.l(fdiv.o)
    0x08000354   0x08000354   0x0000014e   Code   RO         5043    .text               mf_w.l(dadd.o)
    0x080004a2   0x080004a2   0x000000e4   Code   RO         5045    .text               mf_w.l(dmul.o)
    0x08000586   0x08000586   0x000000de   Code   RO         5047    .text               mf_w.l(ddiv.o)
    0x08000664   0x08000664   0x00000012   Code   RO         5049    .text               mf_w.l(fflti.o)
    0x08000676   0x08000676   0x0000000a   Code   RO         5051    .text               mf_w.l(ffltui.o)
    0x08000680   0x08000680   0x00000032   Code   RO         5055    .text               mf_w.l(ffixi.o)
    0x080006b2   0x080006b2   0x00000028   Code   RO         5057    .text               mf_w.l(ffixui.o)
    0x080006da   0x080006da   0x00000026   Code   RO         5059    .text               mf_w.l(f2d.o)
    0x08000700   0x08000700   0x00000030   Code   RO         5061    .text               mf_w.l(cdcmple.o)
    0x08000730   0x08000730   0x00000038   Code   RO         5063    .text               mf_w.l(d2f.o)
    0x08000768   0x08000768   0x00000014   Code   RO         5065    .text               mf_w.l(cfcmple.o)
    0x0800077c   0x0800077c   0x00000014   Code   RO         5067    .text               mf_w.l(cfrcmple.o)
    0x08000790   0x08000790   0x0000002c   Code   RO         5121    .text               mc_w.l(uidiv.o)
    0x080007bc   0x080007bc   0x00000062   Code   RO         5123    .text               mc_w.l(uldiv.o)
    0x0800081e   0x0800081e   0x0000001e   Code   RO         5125    .text               mc_w.l(llshl.o)
    0x0800083c   0x0800083c   0x00000024   Code   RO         5127    .text               mc_w.l(llsshr.o)
    0x08000860   0x08000860   0x00000000   Code   RO         5136    .text               mc_w.l(iusefp.o)
    0x08000860   0x08000860   0x0000006e   Code   RO         5137    .text               mf_w.l(fepilogue.o)
    0x080008ce   0x080008ce   0x000000ba   Code   RO         5139    .text               mf_w.l(depilogue.o)
    0x08000988   0x08000988   0x0000002e   Code   RO         5141    .text               mf_w.l(dscalb.o)
    0x080009b6   0x080009b6   0x00000002   PAD
    0x080009b8   0x080009b8   0x00000024   Code   RO         5147    .text               mc_w.l(init.o)
    0x080009dc   0x080009dc   0x00000020   Code   RO         5149    .text               mc_w.l(llushr.o)
    0x080009fc   0x080009fc   0x000000a2   Code   RO         5151    .text               mf_w.l(dsqrt.o)
    0x08000a9e   0x08000a9e   0x00000056   Code   RO         5161    .text               mc_w.l(__dczerorl2.o)
    0x08000af4   0x08000af4   0x0000003e   Code   RO         4664    i.All_config        allconfig.o
    0x08000b32   0x08000b32   0x00000002   PAD
    0x08000b34   0x08000b34   0x0000002c   Code   RO         3581    i.Balance_Motor_Init  motor.o
    0x08000b60   0x08000b60   0x00000078   Code   RO         3432    i.Balance_PD        pid_control.o
    0x08000bd8   0x08000bd8   0x000000ac   Code   RO         3582    i.Balance_PWM_Init  motor.o
    0x08000c84   0x08000c84   0x00000004   Code   RO         4686    i.BusFault_Handler  stm32f10x_it.o
    0x08000c88   0x08000c88   0x00000060   Code   RO         3499    i.Complementary_Filter_x  filter.o
    0x08000ce8   0x08000ce8   0x00000060   Code   RO         3500    i.Complementary_Filter_y  filter.o
    0x08000d48   0x08000d48   0x00000210   Code   RO         3937    i.DMP_Init          mpu6050.o
    0x08000f58   0x08000f58   0x00000002   Code   RO         4687    i.DebugMon_Handler  stm32f10x_it.o
    0x08000f5a   0x08000f5a   0x00000002   PAD
    0x08000f5c   0x08000f5c   0x000000ec   Code   RO         4639    i.EXTI15_10_IRQHandler  main.o
    0x08001048   0x08001048   0x00000094   Code   RO          990    i.EXTI_Init         stm32f10x_exti.o
    0x080010dc   0x080010dc   0x0000009c   Code   RO         3542    i.Encoder_Init_TIM3  encoder.o
    0x08001178   0x08001178   0x0000009c   Code   RO         3543    i.Encoder_Init_TIM4  encoder.o
    0x08001214   0x08001214   0x00000040   Code   RO         1344    i.GPIO_EXTILineConfig  stm32f10x_gpio.o
    0x08001254   0x08001254   0x00000116   Code   RO         1347    i.GPIO_Init         stm32f10x_gpio.o
    0x0800136a   0x0800136a   0x00000002   PAD
    0x0800136c   0x0800136c   0x000003dc   Code   RO         3337    i.Get_Angle         app_control.o
    0x08001748   0x08001748   0x00000004   Code   RO         4688    i.HardFault_Handler  stm32f10x_it.o
    0x0800174c   0x0800174c   0x00000046   Code   RO         4528    i.I2C_ReadOneByte   ioi2c.o
    0x08001792   0x08001792   0x00000002   PAD
    0x08001794   0x08001794   0x0000004c   Code   RO         4529    i.IIC_Ack           ioi2c.o
    0x080017e0   0x080017e0   0x0000002c   Code   RO         4530    i.IIC_MPU6050_Init  ioi2c.o
    0x0800180c   0x0800180c   0x0000004c   Code   RO         4531    i.IIC_NAck          ioi2c.o
    0x08001858   0x08001858   0x00000070   Code   RO         4532    i.IIC_Read_Byte     ioi2c.o
    0x080018c8   0x080018c8   0x00000064   Code   RO         4533    i.IIC_Send_Byte     ioi2c.o
    0x0800192c   0x0800192c   0x00000068   Code   RO         4534    i.IIC_Start         ioi2c.o
    0x08001994   0x08001994   0x00000048   Code   RO         4535    i.IIC_Stop          ioi2c.o
    0x080019dc   0x080019dc   0x00000068   Code   RO         4536    i.IIC_Wait_Ack      ioi2c.o
    0x08001a44   0x08001a44   0x00000016   Code   RO         4537    i.IICreadByte       ioi2c.o
    0x08001a5a   0x08001a5a   0x00000040   Code   RO         4539    i.IICwriteBit       ioi2c.o
    0x08001a9a   0x08001a9a   0x0000006a   Code   RO         4540    i.IICwriteBits      ioi2c.o
    0x08001b04   0x08001b04   0x00000014   Code   RO         4541    i.IICwriteByte      ioi2c.o
    0x08001b18   0x08001b18   0x00000046   Code   RO         4542    i.IICwriteBytes     ioi2c.o
    0x08001b5e   0x08001b5e   0x00000002   PAD
    0x08001b60   0x08001b60   0x000002b8   Code   RO         3469    i.KF_X              kf.o
    0x08001e18   0x08001e18   0x000002b8   Code   RO         3470    i.KF_Y              kf.o
    0x080020d0   0x080020d0   0x00000050   Code   RO         4513    i.MPU6050_EXTI_Init  intsever.o
    0x08002120   0x08002120   0x00000028   Code   RO         3939    i.MPU6050_initialize  mpu6050.o
    0x08002148   0x08002148   0x00000014   Code   RO         3941    i.MPU6050_setClockSource  mpu6050.o
    0x0800215c   0x0800215c   0x00000014   Code   RO         3942    i.MPU6050_setFullScaleAccelRange  mpu6050.o
    0x08002170   0x08002170   0x00000014   Code   RO         3943    i.MPU6050_setFullScaleGyroRange  mpu6050.o
    0x08002184   0x08002184   0x00000012   Code   RO         3944    i.MPU6050_setI2CBypassEnabled  mpu6050.o
    0x08002196   0x08002196   0x00000012   Code   RO         3945    i.MPU6050_setI2CMasterModeEnabled  mpu6050.o
    0x080021a8   0x080021a8   0x00000012   Code   RO         3946    i.MPU6050_setSleepEnabled  mpu6050.o
    0x080021ba   0x080021ba   0x00000004   Code   RO         4689    i.MemManage_Handler  stm32f10x_it.o
    0x080021be   0x080021be   0x00000002   Code   RO         4690    i.NMI_Handler       stm32f10x_it.o
    0x080021c0   0x080021c0   0x00000044   Code   RO         4665    i.NVIC_Config       allconfig.o
    0x08002204   0x08002204   0x00000070   Code   RO          137    i.NVIC_Init         misc.o
    0x08002274   0x08002274   0x00000014   Code   RO          138    i.NVIC_PriorityGroupConfig  misc.o
    0x08002288   0x08002288   0x0000001a   Code   RO         3584    i.PWM_Ignore        motor.o
    0x080022a2   0x080022a2   0x00000012   Code   RO         3585    i.PWM_Limit         motor.o
    0x080022b4   0x080022b4   0x00000002   Code   RO         4691    i.PendSV_Handler    stm32f10x_it.o
    0x080022b6   0x080022b6   0x00000002   PAD
    0x080022b8   0x080022b8   0x00000020   Code   RO         1775    i.RCC_APB1PeriphClockCmd  stm32f10x_rcc.o
    0x080022d8   0x080022d8   0x00000020   Code   RO         1776    i.RCC_APB1PeriphResetCmd  stm32f10x_rcc.o
    0x080022f8   0x080022f8   0x00000020   Code   RO         1777    i.RCC_APB2PeriphClockCmd  stm32f10x_rcc.o
    0x08002318   0x08002318   0x00000020   Code   RO         1778    i.RCC_APB2PeriphResetCmd  stm32f10x_rcc.o
    0x08002338   0x08002338   0x000000d4   Code   RO         1785    i.RCC_GetClocksFreq  stm32f10x_rcc.o
    0x0800240c   0x0800240c   0x0000025c   Code   RO         3948    i.Read_DMP          mpu6050.o
    0x08002668   0x08002668   0x00000038   Code   RO         3544    i.Read_Encoder      encoder.o
    0x080026a0   0x080026a0   0x00000080   Code   RO         3949    i.Read_Temperature  mpu6050.o
    0x08002720   0x08002720   0x00000002   Code   RO         4692    i.SVC_Handler       stm32f10x_it.o
    0x08002722   0x08002722   0x00000008   Code   RO           24    i.SetSysClock       system_stm32f10x.o
    0x0800272a   0x0800272a   0x00000002   PAD
    0x0800272c   0x0800272c   0x000000e0   Code   RO           25    i.SetSysClockTo72   system_stm32f10x.o
    0x0800280c   0x0800280c   0x0000007c   Code   RO         3586    i.Set_Pwm           motor.o
    0x08002888   0x08002888   0x00000028   Code   RO          141    i.SysTick_CLKSourceConfig  misc.o
    0x080028b0   0x080028b0   0x00000002   Code   RO         4693    i.SysTick_Handler   stm32f10x_it.o
    0x080028b2   0x080028b2   0x00000002   PAD
    0x080028b4   0x080028b4   0x00000060   Code   RO           27    i.SystemInit        system_stm32f10x.o
    0x08002914   0x08002914   0x00000080   Code   RO         2405    i.TI1_Config        stm32f10x_tim.o
    0x08002994   0x08002994   0x00000098   Code   RO         2406    i.TI2_Config        stm32f10x_tim.o
    0x08002a2c   0x08002a2c   0x00000090   Code   RO         2407    i.TI3_Config        stm32f10x_tim.o
    0x08002abc   0x08002abc   0x00000098   Code   RO         2408    i.TI4_Config        stm32f10x_tim.o
    0x08002b54   0x08002b54   0x00000018   Code   RO         3545    i.TIM3_IRQHandler   encoder.o
    0x08002b6c   0x08002b6c   0x00000018   Code   RO         3546    i.TIM4_IRQHandler   encoder.o
    0x08002b84   0x08002b84   0x00000018   Code   RO         2409    i.TIM_ARRPreloadConfig  stm32f10x_tim.o
    0x08002b9c   0x08002b9c   0x00000006   Code   RO         2415    i.TIM_ClearFlag     stm32f10x_tim.o
    0x08002ba2   0x08002ba2   0x00000018   Code   RO         2421    i.TIM_Cmd           stm32f10x_tim.o
    0x08002bba   0x08002bba   0x0000001e   Code   RO         2423    i.TIM_CtrlPWMOutputs  stm32f10x_tim.o
    0x08002bd8   0x08002bd8   0x000001e8   Code   RO         2426    i.TIM_DeInit        stm32f10x_tim.o
    0x08002dc0   0x08002dc0   0x00000042   Code   RO         2430    i.TIM_EncoderInterfaceConfig  stm32f10x_tim.o
    0x08002e02   0x08002e02   0x00000002   PAD
    0x08002e04   0x08002e04   0x000000ac   Code   RO         2444    i.TIM_ICInit        stm32f10x_tim.o
    0x08002eb0   0x08002eb0   0x00000012   Code   RO         2445    i.TIM_ICStructInit  stm32f10x_tim.o
    0x08002ec2   0x08002ec2   0x00000012   Code   RO         2446    i.TIM_ITConfig      stm32f10x_tim.o
    0x08002ed4   0x08002ed4   0x00000098   Code   RO         2450    i.TIM_OC1Init       stm32f10x_tim.o
    0x08002f6c   0x08002f6c   0x00000012   Code   RO         2453    i.TIM_OC1PreloadConfig  stm32f10x_tim.o
    0x08002f7e   0x08002f7e   0x00000002   PAD
    0x08002f80   0x08002f80   0x000000a4   Code   RO         2455    i.TIM_OC2Init       stm32f10x_tim.o
    0x08003024   0x08003024   0x0000001a   Code   RO         2458    i.TIM_OC2PreloadConfig  stm32f10x_tim.o
    0x0800303e   0x0800303e   0x00000002   PAD
    0x08003040   0x08003040   0x000000a0   Code   RO         2460    i.TIM_OC3Init       stm32f10x_tim.o
    0x080030e0   0x080030e0   0x00000012   Code   RO         2463    i.TIM_OC3PreloadConfig  stm32f10x_tim.o
    0x080030f2   0x080030f2   0x00000002   PAD
    0x080030f4   0x080030f4   0x0000007c   Code   RO         2465    i.TIM_OC4Init       stm32f10x_tim.o
    0x08003170   0x08003170   0x0000001a   Code   RO         2467    i.TIM_OC4PreloadConfig  stm32f10x_tim.o
    0x0800318a   0x0800318a   0x00000004   Code   RO         2486    i.TIM_SetCounter    stm32f10x_tim.o
    0x0800318e   0x0800318e   0x00000012   Code   RO         2487    i.TIM_SetIC1Prescaler  stm32f10x_tim.o
    0x080031a0   0x080031a0   0x0000001a   Code   RO         2488    i.TIM_SetIC2Prescaler  stm32f10x_tim.o
    0x080031ba   0x080031ba   0x00000012   Code   RO         2489    i.TIM_SetIC3Prescaler  stm32f10x_tim.o
    0x080031cc   0x080031cc   0x0000001a   Code   RO         2490    i.TIM_SetIC4Prescaler  stm32f10x_tim.o
    0x080031e6   0x080031e6   0x00000002   PAD
    0x080031e8   0x080031e8   0x000000a4   Code   RO         2492    i.TIM_TimeBaseInit  stm32f10x_tim.o
    0x0800328c   0x0800328c   0x00000012   Code   RO         2493    i.TIM_TimeBaseStructInit  stm32f10x_tim.o
    0x0800329e   0x0800329e   0x00000002   PAD
    0x080032a0   0x080032a0   0x00000078   Code   RO         3587    i.Turn_Off          motor.o
    0x08003318   0x08003318   0x00000074   Code   RO         3433    i.Turn_PD           pid_control.o
    0x0800338c   0x0800338c   0x00000094   Code   RO         3243    i.USART3_IRQHandler  sbus.o
    0x08003420   0x08003420   0x0000001e   Code   RO         2957    i.USART_ClearITPendingBit  stm32f10x_usart.o
    0x0800343e   0x0800343e   0x00000018   Code   RO         2960    i.USART_Cmd         stm32f10x_usart.o
    0x08003456   0x08003456   0x0000001a   Code   RO         2963    i.USART_GetFlagStatus  stm32f10x_usart.o
    0x08003470   0x08003470   0x00000054   Code   RO         2964    i.USART_GetITStatus  stm32f10x_usart.o
    0x080034c4   0x080034c4   0x0000004a   Code   RO         2966    i.USART_ITConfig    stm32f10x_usart.o
    0x0800350e   0x0800350e   0x00000002   PAD
    0x08003510   0x08003510   0x000000d8   Code   RO         2967    i.USART_Init        stm32f10x_usart.o
    0x080035e8   0x080035e8   0x0000000a   Code   RO         2974    i.USART_ReceiveData  stm32f10x_usart.o
    0x080035f2   0x080035f2   0x00000008   Code   RO         2977    i.USART_SendData    stm32f10x_usart.o
    0x080035fa   0x080035fa   0x00000002   PAD
    0x080035fc   0x080035fc   0x0000008c   Code   RO         3276    i.USB_USARTConfig   usblinker.o
    0x08003688   0x08003688   0x00000030   Code   RO         3277    i.USB_UsartSendArray  usblinker.o
    0x080036b8   0x080036b8   0x0000001e   Code   RO         3278    i.USB_UsartSendByte  usblinker.o
    0x080036d6   0x080036d6   0x00000024   Code   RO         3281    i.USB_UsartSendpacket  usblinker.o
    0x080036fa   0x080036fa   0x00000004   Code   RO         4694    i.UsageFault_Handler  stm32f10x_it.o
    0x080036fe   0x080036fe   0x00000002   PAD
    0x08003700   0x08003700   0x00000154   Code   RO         3434    i.Velocity_PI       pid_control.o
    0x08003854   0x08003854   0x00000020   Code   RO         4821    i.__0printf$1       mc_w.l(printf1.o)
    0x08003874   0x08003874   0x00000028   Code   RO         5093    i.__ARM_fpclassify  m_ws.l(fpclassify.o)
    0x0800389c   0x0800389c   0x000000aa   Code   RO         5095    i.__kernel_poly     m_ws.l(poly.o)
    0x08003946   0x08003946   0x00000006   Code   RO         5080    i.__mathlib_dbl_infnan  m_ws.l(dunder.o)
    0x0800394c   0x0800394c   0x00000004   Code   RO         5081    i.__mathlib_dbl_infnan2  m_ws.l(dunder.o)
    0x08003950   0x08003950   0x0000000c   Code   RO         5082    i.__mathlib_dbl_invalid  m_ws.l(dunder.o)
    0x0800395c   0x0800395c   0x00000010   Code   RO         5085    i.__mathlib_dbl_underflow  m_ws.l(dunder.o)
    0x0800396c   0x0800396c   0x0000000e   Code   RO         5155    i.__scatterload_copy  mc_w.l(handlers.o)
    0x0800397a   0x0800397a   0x00000002   Code   RO         5156    i.__scatterload_null  mc_w.l(handlers.o)
    0x0800397c   0x0800397c   0x0000000e   Code   RO         5157    i.__scatterload_zeroinit  mc_w.l(handlers.o)
    0x0800398a   0x0800398a   0x00000002   PAD
    0x0800398c   0x0800398c   0x0000000c   Code   RO         5131    i.__set_errno       mc_w.l(errno.o)
    0x08003998   0x08003998   0x00000154   Code   RO         4828    i._printf_core      mc_w.l(printf1.o)
    0x08003aec   0x08003aec   0x000000a8   Code   RO         4048    i.accel_self_test   inv_mpu.o
    0x08003b94   0x08003b94   0x00000270   Code   RO         4750    i.asin              m_ws.l(asin.o)
    0x08003e04   0x08003e04   0x00000220   Code   RO         5070    i.atan              m_ws.l(atan.o)
    0x08004024   0x08004024   0x00000180   Code   RO         4760    i.atan2             m_ws.l(atan2.o)
    0x080041a4   0x080041a4   0x00000064   Code   RO         4337    i.decode_gesture    inv_mpu_dmp_motion_driver.o
    0x08004208   0x08004208   0x0000004c   Code   RO         3211    i.delay_init        delay.o
    0x08004254   0x08004254   0x0000003c   Code   RO         3212    i.delay_ms          delay.o
    0x08004290   0x08004290   0x0000003c   Code   RO         3213    i.delay_us          delay.o
    0x080042cc   0x080042cc   0x0000003c   Code   RO         4338    i.dmp_enable_6x_lp_quat  inv_mpu_dmp_motion_driver.o
    0x08004308   0x08004308   0x0000021c   Code   RO         4339    i.dmp_enable_feature  inv_mpu_dmp_motion_driver.o
    0x08004524   0x08004524   0x00000058   Code   RO         4340    i.dmp_enable_gyro_cal  inv_mpu_dmp_motion_driver.o
    0x0800457c   0x0800457c   0x0000003c   Code   RO         4341    i.dmp_enable_lp_quat  inv_mpu_dmp_motion_driver.o
    0x080045b8   0x080045b8   0x00000018   Code   RO         4346    i.dmp_load_motion_driver_firmware  inv_mpu_dmp_motion_driver.o
    0x080045d0   0x080045d0   0x000001cc   Code   RO         4347    i.dmp_read_fifo     inv_mpu_dmp_motion_driver.o
    0x0800479c   0x0800479c   0x00000130   Code   RO         4350    i.dmp_set_accel_bias  inv_mpu_dmp_motion_driver.o
    0x080048cc   0x080048cc   0x00000070   Code   RO         4351    i.dmp_set_fifo_rate  inv_mpu_dmp_motion_driver.o
    0x0800493c   0x0800493c   0x00000130   Code   RO         4352    i.dmp_set_gyro_bias  inv_mpu_dmp_motion_driver.o
    0x08004a6c   0x08004a6c   0x00000138   Code   RO         4354    i.dmp_set_orientation  inv_mpu_dmp_motion_driver.o
    0x08004ba4   0x08004ba4   0x00000038   Code   RO         4357    i.dmp_set_shake_reject_thresh  inv_mpu_dmp_motion_driver.o
    0x08004bdc   0x08004bdc   0x00000026   Code   RO         4358    i.dmp_set_shake_reject_time  inv_mpu_dmp_motion_driver.o
    0x08004c02   0x08004c02   0x00000026   Code   RO         4359    i.dmp_set_shake_reject_timeout  inv_mpu_dmp_motion_driver.o
    0x08004c28   0x08004c28   0x00000046   Code   RO         4360    i.dmp_set_tap_axes  inv_mpu_dmp_motion_driver.o
    0x08004c6e   0x08004c6e   0x00000026   Code   RO         4361    i.dmp_set_tap_count  inv_mpu_dmp_motion_driver.o
    0x08004c94   0x08004c94   0x000001a0   Code   RO         4362    i.dmp_set_tap_thresh  inv_mpu_dmp_motion_driver.o
    0x08004e34   0x08004e34   0x00000026   Code   RO         4363    i.dmp_set_tap_time  inv_mpu_dmp_motion_driver.o
    0x08004e5a   0x08004e5a   0x00000026   Code   RO         4364    i.dmp_set_tap_time_multi  inv_mpu_dmp_motion_driver.o
    0x08004e80   0x08004e80   0x00000024   Code   RO         3283    i.fputc             usblinker.o
    0x08004ea4   0x08004ea4   0x000000b4   Code   RO         4049    i.get_accel_prod_shift  inv_mpu.o
    0x08004f58   0x08004f58   0x00000470   Code   RO         4050    i.get_st_biases     inv_mpu.o
    0x080053c8   0x080053c8   0x00000110   Code   RO         4051    i.gyro_self_test    inv_mpu.o
    0x080054d8   0x080054d8   0x00000076   Code   RO         4543    i.i2cRead           ioi2c.o
    0x0800554e   0x0800554e   0x00000060   Code   RO         4544    i.i2cWrite          ioi2c.o
    0x080055ae   0x080055ae   0x00000028   Code   RO         3950    i.inv_orientation_matrix_to_scalar  mpu6050.o
    0x080055d6   0x080055d6   0x0000004e   Code   RO         3951    i.inv_row_2_scale   mpu6050.o
    0x08005624   0x08005624   0x0000005c   Code   RO         4640    i.main              main.o
    0x08005680   0x08005680   0x00000070   Code   RO         4052    i.mpu_configure_fifo  inv_mpu.o
    0x080056f0   0x080056f0   0x0000004c   Code   RO         4053    i.mpu_get_accel_fsr  inv_mpu.o
    0x0800573c   0x0800573c   0x00000054   Code   RO         4055    i.mpu_get_accel_sens  inv_mpu.o
    0x08005790   0x08005790   0x00000010   Code   RO         4060    i.mpu_get_fifo_config  inv_mpu.o
    0x080057a0   0x080057a0   0x00000044   Code   RO         4061    i.mpu_get_gyro_fsr  inv_mpu.o
    0x080057e4   0x080057e4   0x00000050   Code   RO         4063    i.mpu_get_gyro_sens  inv_mpu.o
    0x08005834   0x08005834   0x00000050   Code   RO         4065    i.mpu_get_lpf       inv_mpu.o
    0x08005884   0x08005884   0x00000020   Code   RO         4067    i.mpu_get_sample_rate  inv_mpu.o
    0x080058a4   0x080058a4   0x000001f0   Code   RO         4069    i.mpu_init          inv_mpu.o
    0x08005a94   0x08005a94   0x000000b8   Code   RO         4070    i.mpu_load_firmware  inv_mpu.o
    0x08005b4c   0x08005b4c   0x000000e0   Code   RO         4071    i.mpu_lp_accel_mode  inv_mpu.o
    0x08005c2c   0x08005c2c   0x000000c0   Code   RO         4074    i.mpu_read_fifo_stream  inv_mpu.o
    0x08005cec   0x08005cec   0x00000080   Code   RO         4075    i.mpu_read_mem      inv_mpu.o
    0x08005d6c   0x08005d6c   0x000001bc   Code   RO         4078    i.mpu_reset_fifo    inv_mpu.o
    0x08005f28   0x08005f28   0x0000011c   Code   RO         4079    i.mpu_run_self_test  inv_mpu.o
    0x08006044   0x08006044   0x00000084   Code   RO         4081    i.mpu_set_accel_fsr  inv_mpu.o
    0x080060c8   0x080060c8   0x0000014c   Code   RO         4082    i.mpu_set_bypass    inv_mpu.o
    0x08006214   0x08006214   0x00000090   Code   RO         4084    i.mpu_set_dmp_state  inv_mpu.o
    0x080062a4   0x080062a4   0x00000088   Code   RO         4085    i.mpu_set_gyro_fsr  inv_mpu.o
    0x0800632c   0x0800632c   0x0000006c   Code   RO         4086    i.mpu_set_int_latched  inv_mpu.o
    0x08006398   0x08006398   0x00000084   Code   RO         4088    i.mpu_set_lpf       inv_mpu.o
    0x0800641c   0x0800641c   0x0000009c   Code   RO         4089    i.mpu_set_sample_rate  inv_mpu.o
    0x080064b8   0x080064b8   0x000000d0   Code   RO         4090    i.mpu_set_sensors   inv_mpu.o
    0x08006588   0x08006588   0x00000080   Code   RO         4091    i.mpu_write_mem     inv_mpu.o
    0x08006608   0x08006608   0x000000a4   Code   RO         3471    i.mul               kf.o
    0x080066ac   0x080066ac   0x0000000e   Code   RO         3588    i.myabs             motor.o
    0x080066ba   0x080066ba   0x00000002   Code   RO         4092    i.myget_ms          inv_mpu.o
    0x080066bc   0x080066bc   0x00000090   Code   RO         3952    i.run_self_test     mpu6050.o
    0x0800674c   0x0800674c   0x00000090   Code   RO         4093    i.set_int_enable    inv_mpu.o
    0x080067dc   0x080067dc   0x0000004c   Code   RO         5099    i.sqrt              m_ws.l(sqrt.o)
    0x08006828   0x08006828   0x000000b8   Data   RO         3473    .constdata          kf.o
    0x080068e0   0x080068e0   0x00000050   Data   RO         4094    .constdata          inv_mpu.o
    0x08006930   0x08006930   0x00000bf6   Data   RO         4366    .constdata          inv_mpu_dmp_motion_driver.o
    0x08007526   0x08007526   0x00000002   PAD
    0x08007528   0x08007528   0x00000050   Data   RO         4751    .constdata          m_ws.l(asin.o)
    0x08007578   0x08007578   0x00000098   Data   RO         5071    .constdata          m_ws.l(atan.o)
    0x08007610   0x08007610   0x00000008   Data   RO         5097    .constdata          m_ws.l(qnan.o)
    0x08007618   0x08007618   0x0000004e   Data   RO         4095    .conststring        inv_mpu.o
    0x08007666   0x08007666   0x00000002   PAD
    0x08007668   0x08007668   0x00000020   Data   RO         5153    Region$$Table       anon$$obj.o


    Execution Region RW_IRAM1 (Exec base: 0x20000000, Load base: 0x08007688, Size: 0x00000638, Max: 0x00005000, ABSOLUTE, COMPRESSED[0x0000005c])

    Exec Addr    Load Addr    Size         Type   Attr      Idx    E Section Name        Object

    0x20000000   COMPRESSED   0x00000014   Data   RW           28    .data               system_stm32f10x.o
    0x20000014   COMPRESSED   0x00000014   Data   RW         1805    .data               stm32f10x_rcc.o
    0x20000028   COMPRESSED   0x00000004   Data   RW         3214    .data               delay.o
    0x2000002c   COMPRESSED   0x00000003   Data   RW         3245    .data               sbus.o
    0x2000002f   COMPRESSED   0x00000001   PAD
    0x20000030   COMPRESSED   0x00000004   Data   RW         3338    .data               app_control.o
    0x20000034   COMPRESSED   0x00000034   Data   RW         3435    .data               pid_control.o
    0x20000068   COMPRESSED   0x00000050   Data   RW         3474    .data               kf.o
    0x200000b8   COMPRESSED   0x0000007c   Data   RW         3504    .data               filter.o
    0x20000134   COMPRESSED   0x00000009   Data   RW         3589    .data               motor.o
    0x2000013d   COMPRESSED   0x00000003   PAD
    0x20000140   COMPRESSED   0x0000003c   Data   RW         3954    .data               mpu6050.o
    0x2000017c   COMPRESSED   0x0000002c   Data   RW         4096    .data               inv_mpu.o
    0x200001a8   COMPRESSED   0x00000037   Data   RW         4641    .data               main.o
    0x200001df   COMPRESSED   0x00000001   PAD
    0x200001e0   COMPRESSED   0x00000004   Data   RW         5120    .data               mc_w.l(stdout.o)
    0x200001e4   COMPRESSED   0x00000004   Data   RW         5132    .data               mc_w.l(errno.o)
    0x200001e8        -       0x00000019   Zero   RW         3244    .bss                sbus.o
    0x20000201   COMPRESSED   0x00000003   PAD
    0x20000204        -       0x00000020   Zero   RW         3472    .bss                kf.o
    0x20000224        -       0x00000010   Zero   RW         4365    .bss                inv_mpu_dmp_motion_driver.o
    0x20000234   COMPRESSED   0x00000004   PAD
    0x20000238        -       0x00000400   Zero   RW            1    STACK               startup_stm32f10x_md.o


==============================================================================

Image component sizes


      Code (inc. data)   RO Data    RW Data    ZI Data      Debug   Object Name

       130          0          0          0          0        899   allconfig.o
       988         68          0          4          0       1442   app_control.o
         0          0          0          0          0       4540   core_cm3.o
       196         24          0          4          0       1535   delay.o
       416         38          0          0          0       2527   encoder.o
       192         28          0        124          0       3067   filter.o
        80          6          0          0          0        524   intsever.o
      5878        280        158         44          0      25298   inv_mpu.o
      3096        122       3062          0         16      19390   inv_mpu_dmp_motion_driver.o
      1254         92          0          0          0       9807   ioi2c.o
      1556         70        184         80         32       3772   kf.o
       328         72          0         55          0       2006   main.o
       172         22          0          0          0     207153   misc.o
       518         38          0          9          0       4007   motor.o
      1676        396          0         60          0      23207   mpu6050.o
       576        110          0         52          0       5481   pid_control.o
       148         22          0          3         25       1017   sbus.o
        36          8        236          0       1024        780   startup_stm32f10x_md.o
         0          0          0          0          0       1620   stm32f10x_adc.o
       148          6          0          0          0       2928   stm32f10x_exti.o
       342          4          0          0          0      10642   stm32f10x_gpio.o
        26          0          0          0          0       3414   stm32f10x_it.o
       340         44          0         20          0      13760   stm32f10x_rcc.o
      2384        264          0          0          0      36536   stm32f10x_tim.o
       472          6          0          0          0      12111   stm32f10x_usart.o
       328         28          0         20          0      45173   system_stm32f10x.o
       290         12          0          0          0       4309   usblinker.o

    ----------------------------------------------------------------------
     21604       1760       3676        480       1104     446945   Object Totals
         0          0         32          0          0          0   (incl. Generated)
        34          0          4          5          7          0   (incl. Padding)

    ----------------------------------------------------------------------

      Code (inc. data)   RO Data    RW Data    ZI Data      Debug   Library Member Name

       624         52         80          0          0        168   asin.o
       544         70        152          0          0        124   atan.o
       384         38          0          0          0        144   atan2.o
        38          6          0          0          0        272   dunder.o
        40          0          0          0          0         68   fpclassify.o
       170          0          0          0          0         96   poly.o
         0          0          8          0          0          0   qnan.o
        76          0          0          0          0         84   sqrt.o
        86          0          0          0          0          0   __dczerorl2.o
         0          0          0          0          0          0   entry.o
         0          0          0          0          0          0   entry10a.o
         0          0          0          0          0          0   entry11a.o
         8          4          0          0          0          0   entry2.o
         4          0          0          0          0          0   entry5.o
         0          0          0          0          0          0   entry7b.o
         0          0          0          0          0          0   entry8b.o
         8          4          0          0          0          0   entry9a.o
        12          6          0          4          0         68   errno.o
        30          0          0          0          0          0   handlers.o
        36          8          0          0          0         68   init.o
         0          0          0          0          0          0   iusefp.o
        98          0          0          0          0         84   ldiv.o
        30          0          0          0          0         68   llshl.o
        36          0          0          0          0         68   llsshr.o
        32          0          0          0          0         68   llushr.o
        26          0          0          0          0         80   memcmp.o
        36          0          0          0          0        108   memseta.o
       372         14          0          0          0        184   printf1.o
         0          0          0          4          0          0   stdout.o
        44          0          0          0          0         80   uidiv.o
        98          0          0          0          0         92   uldiv.o
        48          0          0          0          0         68   cdcmple.o
        20          0          0          0          0         68   cfcmple.o
        20          0          0          0          0         68   cfrcmple.o
        56          0          0          0          0         88   d2f.o
       334          0          0          0          0        148   dadd.o
       222          0          0          0          0        100   ddiv.o
       186          0          0          0          0        176   depilogue.o
       228          0          0          0          0         96   dmul.o
        46          0          0          0          0         80   dscalb.o
       162          0          0          0          0        100   dsqrt.o
        38          0          0          0          0         68   f2d.o
       176          0          0          0          0        140   fadd.o
       124          0          0          0          0         88   fdiv.o
       110          0          0          0          0        168   fepilogue.o
        50          0          0          0          0         68   ffixi.o
        40          0          0          0          0         68   ffixui.o
        18          0          0          0          0         68   fflti.o
        10          0          0          0          0         68   ffltui.o
       100          0          0          0          0         76   fmul.o

    ----------------------------------------------------------------------
      4824        202        240          8          0       3728   Library Totals
         4          0          0          0          0          0   (incl. Padding)

    ----------------------------------------------------------------------

      Code (inc. data)   RO Data    RW Data    ZI Data      Debug   Library Name

      1876        166        240          0          0        956   m_ws.l
       956         36          0          8          0        968   mc_w.l
      1988          0          0          0          0       1804   mf_w.l

    ----------------------------------------------------------------------
      4824        202        240          8          0       3728   Library Totals

    ----------------------------------------------------------------------

==============================================================================


      Code (inc. data)   RO Data    RW Data    ZI Data      Debug   

     26428       1962       3916        488       1104     440193   Grand Totals
     26428       1962       3916         92       1104     440193   ELF Image Totals (compressed)
     26428       1962       3916         92          0          0   ROM Totals

==============================================================================

    Total RO  Size (Code + RO Data)                30344 (  29.63kB)
    Total RW  Size (RW Data + ZI Data)              1592 (   1.55kB)
    Total ROM Size (Code + RO Data + RW Data)      30436 (  29.72kB)

==============================================================================

