Component: ARM Compiler 5.06 update 5 (build 528) Tool: armlink [4d35e2]

==============================================================================

Section Cross References

    startup_stm32f10x_md.o(RESET) refers to startup_stm32f10x_md.o(STACK) for __initial_sp
    startup_stm32f10x_md.o(RESET) refers to startup_stm32f10x_md.o(.text) for Reset_Handler
    startup_stm32f10x_md.o(RESET) refers to stm32f10x_it.o(i.NMI_Handler) for NMI_Handler
    startup_stm32f10x_md.o(RESET) refers to stm32f10x_it.o(i.HardFault_Handler) for HardFault_Handler
    startup_stm32f10x_md.o(RESET) refers to stm32f10x_it.o(i.MemManage_Handler) for MemManage_Handler
    startup_stm32f10x_md.o(RESET) refers to stm32f10x_it.o(i.BusFault_Handler) for BusFault_Handler
    startup_stm32f10x_md.o(RESET) refers to stm32f10x_it.o(i.UsageFault_Handler) for UsageFault_Handler
    startup_stm32f10x_md.o(RESET) refers to stm32f10x_it.o(i.SVC_Handler) for SVC_Handler
    startup_stm32f10x_md.o(RESET) refers to stm32f10x_it.o(i.DebugMon_Handler) for DebugMon_Handler
    startup_stm32f10x_md.o(RESET) refers to stm32f10x_it.o(i.PendSV_Handler) for PendSV_Handler
    startup_stm32f10x_md.o(RESET) refers to stm32f10x_it.o(i.SysTick_Handler) for SysTick_Handler
    startup_stm32f10x_md.o(RESET) refers to key1.o(i.EXTI9_5_IRQHandler) for EXTI9_5_IRQHandler
    startup_stm32f10x_md.o(RESET) refers to encoder.o(i.TIM3_IRQHandler) for TIM3_IRQHandler
    startup_stm32f10x_md.o(RESET) refers to encoder.o(i.TIM4_IRQHandler) for TIM4_IRQHandler
    startup_stm32f10x_md.o(RESET) refers to usblinker.o(i.USART1_IRQHandler) for USART1_IRQHandler
    startup_stm32f10x_md.o(RESET) refers to sbus.o(i.USART3_IRQHandler) for USART3_IRQHandler
    startup_stm32f10x_md.o(RESET) refers to main.o(i.EXTI15_10_IRQHandler) for EXTI15_10_IRQHandler
    startup_stm32f10x_md.o(.text) refers to system_stm32f10x.o(i.SystemInit) for SystemInit
    startup_stm32f10x_md.o(.text) refers to entry.o(.ARM.Collect$$$$00000000) for __main
    system_stm32f10x.o(i.SetSysClock) refers to system_stm32f10x.o(i.SetSysClockTo72) for SetSysClockTo72
    system_stm32f10x.o(i.SystemCoreClockUpdate) refers to system_stm32f10x.o(.data) for SystemCoreClock
    system_stm32f10x.o(i.SystemInit) refers to system_stm32f10x.o(i.SetSysClock) for SetSysClock
    stm32f10x_adc.o(i.ADC_DeInit) refers to stm32f10x_rcc.o(i.RCC_APB2PeriphResetCmd) for RCC_APB2PeriphResetCmd
    stm32f10x_bkp.o(i.BKP_DeInit) refers to stm32f10x_rcc.o(i.RCC_BackupResetCmd) for RCC_BackupResetCmd
    stm32f10x_can.o(i.CAN_DeInit) refers to stm32f10x_rcc.o(i.RCC_APB1PeriphResetCmd) for RCC_APB1PeriphResetCmd
    stm32f10x_can.o(i.CAN_GetITStatus) refers to stm32f10x_can.o(i.CheckITStatus) for CheckITStatus
    stm32f10x_cec.o(i.CEC_DeInit) refers to stm32f10x_rcc.o(i.RCC_APB1PeriphResetCmd) for RCC_APB1PeriphResetCmd
    stm32f10x_dac.o(i.DAC_DeInit) refers to stm32f10x_rcc.o(i.RCC_APB1PeriphResetCmd) for RCC_APB1PeriphResetCmd
    stm32f10x_flash.o(i.FLASH_EnableWriteProtection) refers to stm32f10x_flash.o(i.FLASH_WaitForLastOperation) for FLASH_WaitForLastOperation
    stm32f10x_flash.o(i.FLASH_EraseAllBank1Pages) refers to stm32f10x_flash.o(i.FLASH_WaitForLastBank1Operation) for FLASH_WaitForLastBank1Operation
    stm32f10x_flash.o(i.FLASH_EraseAllPages) refers to stm32f10x_flash.o(i.FLASH_WaitForLastOperation) for FLASH_WaitForLastOperation
    stm32f10x_flash.o(i.FLASH_EraseOptionBytes) refers to stm32f10x_flash.o(i.FLASH_GetReadOutProtectionStatus) for FLASH_GetReadOutProtectionStatus
    stm32f10x_flash.o(i.FLASH_EraseOptionBytes) refers to stm32f10x_flash.o(i.FLASH_WaitForLastOperation) for FLASH_WaitForLastOperation
    stm32f10x_flash.o(i.FLASH_ErasePage) refers to stm32f10x_flash.o(i.FLASH_WaitForLastOperation) for FLASH_WaitForLastOperation
    stm32f10x_flash.o(i.FLASH_ProgramHalfWord) refers to stm32f10x_flash.o(i.FLASH_WaitForLastOperation) for FLASH_WaitForLastOperation
    stm32f10x_flash.o(i.FLASH_ProgramOptionByteData) refers to stm32f10x_flash.o(i.FLASH_WaitForLastOperation) for FLASH_WaitForLastOperation
    stm32f10x_flash.o(i.FLASH_ProgramWord) refers to stm32f10x_flash.o(i.FLASH_WaitForLastOperation) for FLASH_WaitForLastOperation
    stm32f10x_flash.o(i.FLASH_ReadOutProtection) refers to stm32f10x_flash.o(i.FLASH_WaitForLastOperation) for FLASH_WaitForLastOperation
    stm32f10x_flash.o(i.FLASH_UserOptionByteConfig) refers to stm32f10x_flash.o(i.FLASH_WaitForLastOperation) for FLASH_WaitForLastOperation
    stm32f10x_flash.o(i.FLASH_WaitForLastBank1Operation) refers to stm32f10x_flash.o(i.FLASH_GetBank1Status) for FLASH_GetBank1Status
    stm32f10x_flash.o(i.FLASH_WaitForLastOperation) refers to stm32f10x_flash.o(i.FLASH_GetBank1Status) for FLASH_GetBank1Status
    stm32f10x_gpio.o(i.GPIO_AFIODeInit) refers to stm32f10x_rcc.o(i.RCC_APB2PeriphResetCmd) for RCC_APB2PeriphResetCmd
    stm32f10x_gpio.o(i.GPIO_DeInit) refers to stm32f10x_rcc.o(i.RCC_APB2PeriphResetCmd) for RCC_APB2PeriphResetCmd
[...]
    set_int_enable                           0x08007175   Thumb Code   138  inv_mpu.o(i.set_int_enable)
    i.sqrt                                   0x08007204   Section        0  sqrt.o(i.sqrt)
    i.ssd1306_I2C_Write                      0x08007250   Section        0  bsp_oled.o(i.ssd1306_I2C_Write)
    i.ssd1306_I2C_WriteMulti                 0x08007264   Section        0  bsp_oled.o(i.ssd1306_I2C_WriteMulti)
    .constdata                               0x08007280   Section      184  kf.o(.constdata)
    .constdata                               0x08007338   Section    10260  oled_fonts.o(.constdata)
    .constdata                               0x08009b4c   Section       80  inv_mpu.o(.constdata)
    .constdata                               0x08009b9c   Section     3062  inv_mpu_dmp_motion_driver.o(.constdata)
    dmp_memory                               0x08009b9c   Data        3062  inv_mpu_dmp_motion_driver.o(.constdata)
    .constdata                               0x0800a798   Section       80  asin.o(.constdata)
    pS                                       0x0800a798   Data          48  asin.o(.constdata)
    qS                                       0x0800a7c8   Data          32  asin.o(.constdata)
    .constdata                               0x0800a7e8   Section      152  atan.o(.constdata)
    atanhi                                   0x0800a7e8   Data          32  atan.o(.constdata)
    atanlo                                   0x0800a808   Data          32  atan.o(.constdata)
    aTodd                                    0x0800a828   Data          40  atan.o(.constdata)
    aTeven                                   0x0800a850   Data          48  atan.o(.constdata)
    .constdata                               0x0800a880   Section        8  qnan.o(.constdata)
    .conststring                             0x0800a888   Section       78  inv_mpu.o(.conststring)
    .data                                    0x20000000   Section       20  system_stm32f10x.o(.data)
    .data                                    0x20000014   Section       20  stm32f10x_rcc.o(.data)
    APBAHBPrescTable                         0x20000014   Data          16  stm32f10x_rcc.o(.data)
    ADCPrescTable                            0x20000024   Data           4  stm32f10x_rcc.o(.data)
    .data                                    0x20000028   Section        4  delay.o(.data)
    fac_us                                   0x20000028   Data           1  delay.o(.data)
    fac_ms                                   0x2000002a   Data           2  delay.o(.data)
    .data                                    0x2000002c   Section        3  sbus.o(.data)
    RxState                                  0x2000002d   Data           1  sbus.o(.data)
    pRxPacket                                0x2000002e   Data           1  sbus.o(.data)
    .data                                    0x2000002f   Section        3  usblinker.o(.data)
    RxState                                  0x20000030   Data           1  usblinker.o(.data)
    pRxPacket                                0x20000031   Data           1  usblinker.o(.data)
    .data                                    0x20000034   Section        4  app_control.o(.data)
    .data                                    0x20000038   Section       52  pid_control.o(.data)
    velocity                                 0x20000050   Data           4  pid_control.o(.data)
    Encoder_Least                            0x20000054   Data           4  pid_control.o(.data)
    Encoder_bias                             0x20000058   Data           4  pid_control.o(.data)
    Movement                                 0x2000005c   Data           4  pid_control.o(.data)
    Encoder_Integral                         0x20000060   Data           4  pid_control.o(.data)
    Turn_Target                              0x20000064   Data           4  pid_control.o(.data)
    turn_PWM                                 0x20000068   Data           4  pid_control.o(.data)
    .data                                    0x2000006c   Section       80  kf.o(.data)
    x_hat                                    0x2000006c   Data           8  kf.o(.data)
    x_hat_minus                              0x20000074   Data           8  kf.o(.data)
    p_hat                                    0x2000007c   Data          16  kf.o(.data)
    K                                        0x2000008c   Data           8  kf.o(.data)
    x_hat                                    0x20000094   Data           8  kf.o(.data)
    x_hat_minus                              0x2000009c   Data           8  kf.o(.data)
    p_hat                                    0x200000a4   Data          16  kf.o(.data)
    K                                        0x200000b4   Data           8  kf.o(.data)
    .data                                    0x200000bc   Section      124  filter.o(.data)
    angle                                    0x200000c0   Data           4  filter.o(.data)
    Q_bias                                   0x200000c4   Data           4  filter.o(.data)
    Angle_err                                0x200000c8   Data           4  filter.o(.data)
    PCt_0                                    0x200000cc   Data           4  filter.o(.data)
    PCt_1                                    0x200000d0   Data           4  filter.o(.data)
    E                                        0x200000d4   Data           4  filter.o(.data)
    K_0                                      0x200000d8   Data           4  filter.o(.data)
    K_1                                      0x200000dc   Data           4  filter.o(.data)
    t_0                                      0x200000e0   Data           4  filter.o(.data)
    t_1                                      0x200000e4   Data           4  filter.o(.data)
    PP                                       0x200000e8   Data          16  filter.o(.data)
    angle                                    0x200000f8   Data           4  filter.o(.data)
    angle                                    0x200000fc   Data           4  filter.o(.data)
    Q_bias                                   0x20000100   Data           4  filter.o(.data)
    Angle_err                                0x20000104   Data           4  filter.o(.data)
    PCt_0                                    0x20000108   Data           4  filter.o(.data)
    PCt_1                                    0x2000010c   Data           4  filter.o(.data)
    E                                        0x20000110   Data           4  filter.o(.data)
    K_0                                      0x20000114   Data           4  filter.o(.data)
    K_1                                      0x20000118   Data           4  filter.o(.data)
    t_0                                      0x2000011c   Data           4  filter.o(.data)
    t_1                                      0x20000120   Data           4  filter.o(.data)
    PP                                       0x20000124   Data          16  filter.o(.data)
    angle                                    0x20000134   Data           4  filter.o(.data)
    .data                                    0x20000138   Section        1  command.o(.data)
    ComState                                 0x20000138   Data           1  command.o(.data)
    .data                                    0x2000013c   Section        9  motor.o(.data)
    .data                                    0x20000146   Section        6  bsp_oled.o(.data)
    SSD1306                                  0x20000146   Data           6  bsp_oled.o(.data)
    .data                                    0x2000014c   Section       24  oled_fonts.o(.data)
    .data                                    0x20000164   Section       60  mpu6050.o(.data)
    gyro_orientation                         0x20000190   Data           9  mpu6050.o(.data)
    .data                                    0x200001a0   Section       44  inv_mpu.o(.data)
    st                                       0x200001a0   Data          44  inv_mpu.o(.data)
    .data                                    0x200001cc   Section       52  main.o(.data)
    .data                                    0x20000200   Section        4  strtok.o(.data)
    state                                    0x20000200   Data           4  strtok.o(.data)
    .data                                    0x20000204   Section        4  stdout.o(.data)
    .data                                    0x20000208   Section        4  errno.o(.data)
    _errno                                   0x20000208   Data           4  errno.o(.data)
    .bss                                     0x2000020c   Section       23  sbus.o(.bss)
    .bss                                     0x20000223   Section       50  usblinker.o(.bss)
    .bss                                     0x20000258   Section       32  kf.o(.bss)
    p_hat_minus                              0x20000258   Data          16  kf.o(.bss)
    p_hat_minus                              0x20000268   Data          16  kf.o(.bss)
    .bss                                     0x20000278   Section      512  bsp_oled.o(.bss)
    SSD1306_Buffer                           0x20000278   Data         512  bsp_oled.o(.bss)
    .bss                                     0x20000478   Section       16  inv_mpu_dmp_motion_driver.o(.bss)
    dmp                                      0x20000478   Data          16  inv_mpu_dmp_motion_driver.o(.bss)
    .bss                                     0x20000488   Section       14  main.o(.bss)
    STACK                                    0x20000498   Section     1024  startup_stm32f10x_md.o(STACK)

    Global Symbols

    Symbol Name                              Value     Ov Type        Size  Object(Section)

    BuildAttributes$$THM_ISAv4$P$D$K$B$S$PE$A:L22UL41UL21$X:L11$S22US41US21$IEEE1$IW$USESV6$~STKCKD$USESV7$~SHL$OTIME$ROPI$IEEEX$EBA8$MICROLIB$REQ8$PRES8$EABIv2 0x00000000   Number         0  anon$$obj.o ABSOLUTE
    __ARM_use_no_argv                        0x00000000   Number         0  main.o ABSOLUTE
    _printf_a                                0x00000000   Number         0  stubs.o ABSOLUTE
    _printf_c                                0x00000000   Number         0  stubs.o ABSOLUTE
    _printf_charcount                        0x00000000   Number         0  stubs.o ABSOLUTE
    _printf_d                                0x00000000   Number         0  stubs.o ABSOLUTE
    _printf_e                                0x00000000   Number         0  stubs.o ABSOLUTE
    _printf_f                                0x00000000   Number         0  stubs.o ABSOLUTE
    _printf_flags                            0x00000000   Number         0  stubs.o ABSOLUTE
    _printf_fp_dec                           0x00000000   Number         0  stubs.o ABSOLUTE
    _printf_fp_hex                           0x00000000   Number         0  stubs.o ABSOLUTE
    _printf_g                                0x00000000   Number         0  stubs.o ABSOLUTE
    _printf_i                                0x00000000   Number         0  stubs.o ABSOLUTE
    _printf_int_dec                          0x00000000   Number         0  stubs.o ABSOLUTE
    _printf_l                                0x00000000   Number         0  stubs.o ABSOLUTE
    _printf_lc                               0x00000000   Number         0  stubs.o ABSOLUTE
    _printf_ll                               0x00000000   Number         0  stubs.o ABSOLUTE
    _printf_lld                              0x00000000   Number         0  stubs.o ABSOLUTE
    _printf_lli                              0x00000000   Number         0  stubs.o ABSOLUTE
    _printf_llo                              0x00000000   Number         0  stubs.o ABSOLUTE
    _printf_llu                              0x00000000   Number         0  stubs.o ABSOLUTE
    _printf_llx                              0x00000000   Number         0  stubs.o ABSOLUTE
    _printf_longlong_dec                     0x00000000   Number         0  stubs.o ABSOLUTE
    _printf_longlong_hex                     0x00000000   Number         0  stubs.o ABSOLUTE
    _printf_longlong_oct                     0x00000000   Number         0  stubs.o ABSOLUTE
    _printf_ls                               0x00000000   Number         0  stubs.o ABSOLUTE
    _printf_mbtowc                           0x00000000   Number         0  stubs.o ABSOLUTE
    _printf_n                                0x00000000   Number         0  stubs.o ABSOLUTE
    _printf_o                                0x00000000   Number         0  stubs.o ABSOLUTE
    _printf_p                                0x00000000   Number         0  stubs.o ABSOLUTE
    _printf_percent                          0x00000000   Number         0  stubs.o ABSOLUTE
    _printf_pre_padding                      0x00000000   Number         0  stubs.o ABSOLUTE
    _printf_return_value                     0x00000000   Number         0  stubs.o ABSOLUTE
    _printf_s                                0x00000000   Number         0  stubs.o ABSOLUTE
    _printf_sizespec                         0x00000000   Number         0  stubs.o ABSOLUTE
    _printf_str                              0x00000000   Number         0  stubs.o ABSOLUTE
    _printf_truncate_signed                  0x00000000   Number         0  stubs.o ABSOLUTE
    _printf_truncate_unsigned                0x00000000   Number         0  stubs.o ABSOLUTE
    _printf_u                                0x00000000   Number         0  stubs.o ABSOLUTE
    _printf_wc                               0x00000000   Number         0  stubs.o ABSOLUTE
    _printf_wctomb                           0x00000000   Number         0  stubs.o ABSOLUTE
    _printf_widthprec                        0x00000000   Number         0  stubs.o ABSOLUTE
    _printf_x                                0x00000000   Number         0  stubs.o ABSOLUTE
    __cpp_initialize__aeabi_                  - Undefined Weak Reference
    __cxa_finalize                            - Undefined Weak Reference
    _clock_init                               - Undefined Weak Reference
    _microlib_exit                            - Undefined Weak Reference
    __Vectors_Size                           0x000000ec   Number         0  startup_stm32f10x_md.o ABSOLUTE
    __Vectors                                0x08000000   Data           4  startup_stm32f10x_md.o(RESET)
    __Vectors_End                            0x080000ec   Data           0  startup_stm32f10x_md.o(RESET)
    __main                                   0x080000ed   Thumb Code     0  entry.o(.ARM.Collect$$$$00000000)
    _main_stk                                0x080000ed   Thumb Code     0  entry2.o(.ARM.Collect$$$$00000001)
    _main_scatterload                        0x080000f1   Thumb Code     0  entry5.o(.ARM.Collect$$$$00000004)
    __main_after_scatterload                 0x080000f5   Thumb Code     0  entry5.o(.ARM.Collect$$$$00000004)
    _main_clock                              0x080000f5   Thumb Code     0  entry7b.o(.ARM.Collect$$$$00000008)
    _main_cpp_init                           0x080000f5   Thumb Code     0  entry8b.o(.ARM.Collect$$$$0000000A)
    _main_init                               0x080000f5   Thumb Code     0  entry9a.o(.ARM.Collect$$$$0000000B)
    __rt_final_cpp                           0x080000fd   Thumb Code     0  entry10a.o(.ARM.Collect$$$$0000000D)
    __rt_final_exit                          0x080000fd   Thumb Code     0  entry11a.o(.ARM.Collect$$$$0000000F)
    Reset_Handler                            0x08000101   Thumb Code     8  startup_stm32f10x_md.o(.text)
    ADC1_2_IRQHandler                        0x0800011b   Thumb Code     0  startup_stm32f10x_md.o(.text)
    CAN1_RX1_IRQHandler                      0x0800011b   Thumb Code     0  startup_stm32f10x_md.o(.text)
    CAN1_SCE_IRQHandler                      0x0800011b   Thumb Code     0  startup_stm32f10x_md.o(.text)
    DMA1_Channel1_IRQHandler                 0x0800011b   Thumb Code     0  startup_stm32f10x_md.o(.text)
    DMA1_Channel2_IRQHandler                 0x0800011b   Thumb Code     0  startup_stm32f10x_md.o(.text)
    DMA1_Channel3_IRQHandler                 0x0800011b   Thumb Code     0  startup_stm32f10x_md.o(.text)
    DMA1_Channel4_IRQHandler                 0x0800011b   Thumb Code     0  startup_stm32f10x_md.o(.text)
    DMA1_Channel5_IRQHandler                 0x0800011b   Thumb Code     0  startup_stm32f10x_md.o(.text)
    DMA1_Channel6_IRQHandler                 0x0800011b   Thumb Code     0  startup_stm32f10x_md.o(.text)
    DMA1_Channel7_IRQHandler                 0x0800011b   Thumb Code     0  startup_stm32f10x_md.o(.text)
    EXTI0_IRQHandler                         0x0800011b   Thumb Code     0  startup_stm32f10x_md.o(.text)
    EXTI1_IRQHandler                         0x0800011b   Thumb Code     0  startup_stm32f10x_md.o(.text)
    EXTI2_IRQHandler                         0x0800011b   Thumb Code     0  startup_stm32f10x_md.o(.text)
    EXTI3_IRQHandler                         0x0800011b   Thumb Code     0  startup_stm32f10x_md.o(.text)
    EXTI4_IRQHandler                         0x0800011b   Thumb Code     0  startup_stm32f10x_md.o(.text)
    FLASH_IRQHandler                         0x0800011b   Thumb Code     0  startup_stm32f10x_md.o(.text)
    I2C1_ER_IRQHandler                       0x0800011b   Thumb Code     0  startup_stm32f10x_md.o(.text)
    I2C1_EV_IRQHandler                       0x0800011b   Thumb Code     0  startup_stm32f10x_md.o(.text)
    I2C2_ER_IRQHandler                       0x0800011b   Thumb Code     0  startup_stm32f10x_md.o(.text)
    I2C2_EV_IRQHandler                       0x0800011b   Thumb Code     0  startup_stm32f10x_md.o(.text)
    PVD_IRQHandler                           0x0800011b   Thumb Code     0  startup_stm32f10x_md.o(.text)
    RCC_IRQHandler                           0x0800011b   Thumb Code     0  startup_stm32f10x_md.o(.text)
    RTCAlarm_IRQHandler                      0x0800011b   Thumb Code     0  startup_stm32f10x_md.o(.text)
    RTC_IRQHandler                           0x0800011b   Thumb Code     0  startup_stm32f10x_md.o(.text)
    SPI1_IRQHandler                          0x0800011b   Thumb Code     0  startup_stm32f10x_md.o(.text)
    SPI2_IRQHandler                          0x0800011b   Thumb Code     0  startup_stm32f10x_md.o(.text)
    TAMPER_IRQHandler                        0x0800011b   Thumb Code     0  startup_stm32f10x_md.o(.text)
    TIM1_BRK_IRQHandler                      0x0800011b   Thumb Code     0  startup_stm32f10x_md.o(.text)
    TIM1_CC_IRQHandler                       0x0800011b   Thumb Code     0  startup_stm32f10x_md.o(.text)
    TIM1_TRG_COM_IRQHandler                  0x0800011b   Thumb Code     0  startup_stm32f10x_md.o(.text)
    TIM1_UP_IRQHandler                       0x0800011b   Thumb Code     0  startup_stm32f10x_md.o(.text)
    TIM2_IRQHandler                          0x0800011b   Thumb Code     0  startup_stm32f10x_md.o(.text)
    USART2_IRQHandler                        0x0800011b   Thumb Code     0  startup_stm32f10x_md.o(.text)
    USBWakeUp_IRQHandler                     0x0800011b   Thumb Code     0  startup_stm32f10x_md.o(.text)
    USB_HP_CAN1_TX_IRQHandler                0x0800011b   Thumb Code     0  startup_stm32f10x_md.o(.text)
    USB_LP_CAN1_RX0_IRQHandler               0x0800011b   Thumb Code     0  startup_stm32f10x_md.o(.text)
    WWDG_IRQHandler                          0x0800011b   Thumb Code     0  startup_stm32f10x_md.o(.text)
    __aeabi_ldivmod                          0x08000125   Thumb Code    98  ldiv.o(.text)
    __aeabi_memset                           0x08000187   Thumb Code    14  memseta.o(.text)
    __aeabi_memset4                          0x08000187   Thumb Code     0  memseta.o(.text)
    __aeabi_memset8                          0x08000187   Thumb Code     0  memseta.o(.text)
    __aeabi_memclr                           0x08000195   Thumb Code     4  memseta.o(.text)
    __aeabi_memclr4                          0x08000195   Thumb Code     0  memseta.o(.text)
    __aeabi_memclr8                          0x08000195   Thumb Code     0  memseta.o(.text)
    _memset$wrapper                          0x08000199   Thumb Code    18  memseta.o(.text)
    memcmp                                   0x080001ab   Thumb Code    26  memcmp.o(.text)
    strcpy                                   0x080001c5   Thumb Code    18  strcpy.o(.text)
    strtok                                   0x080001d9   Thumb Code    62  strtok.o(.text)
    __aeabi_fadd                             0x0800021d   Thumb Code   164  fadd.o(.text)
    __aeabi_fsub                             0x080002c1   Thumb Code     6  fadd.o(.text)
    __aeabi_frsub                            0x080002c7   Thumb Code     6  fadd.o(.text)
    __aeabi_fmul                             0x080002cd   Thumb Code   100  fmul.o(.text)
    __aeabi_fdiv                             0x08000331   Thumb Code   124  fdiv.o(.text)
    __aeabi_dadd                             0x080003ad   Thumb Code   322  dadd.o(.text)
    __aeabi_dsub                             0x080004ef   Thumb Code     6  dadd.o(.text)
    __aeabi_drsub                            0x080004f5   Thumb Code     6  dadd.o(.text)
    __aeabi_dmul                             0x080004fb   Thumb Code   228  dmul.o(.text)
    __aeabi_ddiv                             0x080005df   Thumb Code   222  ddiv.o(.text)
    __aeabi_i2f                              0x080006bd   Thumb Code    18  fflti.o(.text)
    __aeabi_ui2f                             0x080006cf   Thumb Code    10  ffltui.o(.text)
    __aeabi_f2iz                             0x080006d9   Thumb Code    50  ffixi.o(.text)
    __aeabi_f2uiz                            0x0800070b   Thumb Code    40  ffixui.o(.text)
    __aeabi_f2d                              0x08000733   Thumb Code    38  f2d.o(.text)
    __aeabi_cdcmpeq                          0x08000759   Thumb Code     0  cdcmple.o(.text)
    __aeabi_cdcmple                          0x08000759   Thumb Code    48  cdcmple.o(.text)
    __aeabi_d2f                              0x08000789   Thumb Code    56  d2f.o(.text)
    __aeabi_cfcmpeq                          0x080007c1   Thumb Code     0  cfcmple.o(.text)
    __aeabi_cfcmple                          0x080007c1   Thumb Code    20  cfcmple.o(.text)
    __aeabi_cfrcmple                         0x080007d5   Thumb Code    20  cfrcmple.o(.text)
    __aeabi_uidiv                            0x080007e9   Thumb Code     0  uidiv.o(.text)
    __aeabi_uidivmod                         0x080007e9   Thumb Code    44  uidiv.o(.text)
    __aeabi_uldivmod                         0x08000815   Thumb Code    98  uldiv.o(.text)
    __aeabi_llsl                             0x08000877   Thumb Code    30  llshl.o(.text)
    _ll_shift_l                              0x08000877   Thumb Code     0  llshl.o(.text)
    __aeabi_lasr                             0x08000895   Thumb Code    36  llsshr.o(.text)
    _ll_sshift_r                             0x08000895   Thumb Code     0  llsshr.o(.text)
    __I$use$fp                               0x080008b9   Thumb Code     0  iusefp.o(.text)
    _float_round                             0x080008b9   Thumb Code    18  fepilogue.o(.text)
    _float_epilogue                          0x080008cb   Thumb Code    92  fepilogue.o(.text)
    _double_round                            0x08000927   Thumb Code    30  depilogue.o(.text)
    _double_epilogue                         0x08000945   Thumb Code   156  depilogue.o(.text)
    __ARM_scalbn                             0x080009e1   Thumb Code    46  dscalb.o(.text)
    scalbn                                   0x080009e1   Thumb Code     0  dscalb.o(.text)
    __scatterload                            0x08000a11   Thumb Code    28  init.o(.text)
    __scatterload_rt2                        0x08000a11   Thumb Code     0  init.o(.text)
    __aeabi_llsr                             0x08000a35   Thumb Code    32  llushr.o(.text)
    _ll_ushift_r                             0x08000a35   Thumb Code     0  llushr.o(.text)
    _dsqrt                                   0x08000a55   Thumb Code   162  dsqrt.o(.text)
    __decompress                             0x08000af7   Thumb Code     0  __dczerorl2.o(.text)
    __decompress1                            0x08000af7   Thumb Code    86  __dczerorl2.o(.text)
    All_config                               0x08000b4d   Thumb Code    74  allconfig.o(i.All_config)
    Balance_Motor_Init                       0x08000b99   Thumb Code    40  motor.o(i.Balance_Motor_Init)
    Balance_PD                               0x08000bc5   Thumb Code   102  pid_control.o(i.Balance_PD)
    Balance_PWM_Init                         0x08000c3d   Thumb Code   166  motor.o(i.Balance_PWM_Init)
    BusFault_Handler                         0x08000ce9   Thumb Code     4  stm32f10x_it.o(i.BusFault_Handler)
    Complementary_Filter_x                   0x08000ced   Thumb Code    82  filter.o(i.Complementary_Filter_x)
    Complementary_Filter_y                   0x08000d4d   Thumb Code    82  filter.o(i.Complementary_Filter_y)
    DMP_Init                                 0x08000dad   Thumb Code   194  mpu6050.o(i.DMP_Init)
    DebugMon_Handler                         0x08000fbd   Thumb Code     2  stm32f10x_it.o(i.DebugMon_Handler)
    EXTI15_10_IRQHandler                     0x08000fe5   Thumb Code   196  main.o(i.EXTI15_10_IRQHandler)
    EXTI9_5_IRQHandler                       0x080010d9   Thumb Code    32  key1.o(i.EXTI9_5_IRQHandler)
    EXTI_Init                                0x08001105   Thumb Code   142  stm32f10x_exti.o(i.EXTI_Init)
    Encoder_Init_TIM3                        0x08001199   Thumb Code   148  encoder.o(i.Encoder_Init_TIM3)
    Encoder_Init_TIM4                        0x08001235   Thumb Code   148  encoder.o(i.Encoder_Init_TIM4)
    GPIO_EXTILineConfig                      0x080012d1   Thumb Code    60  stm32f10x_gpio.o(i.GPIO_EXTILineConfig)
    GPIO_Init                                0x08001311   Thumb Code   278  stm32f10x_gpio.o(i.GPIO_Init)
    GPIO_ReadInputDataBit                    0x08001427   Thumb Code    18  stm32f10x_gpio.o(i.GPIO_ReadInputDataBit)
    GPIO_WriteBit                            0x08001439   Thumb Code    10  stm32f10x_gpio.o(i.GPIO_WriteBit)
    GetCommand                               0x08001445   Thumb Code   128  command.o(i.GetCommand)
    Get_Angle                                0x080014cd   Thumb Code   920  app_control.o(i.Get_Angle)
    Get_W25Q64_PID                           0x080018a9   Thumb Code    74  pid_control.o(i.Get_W25Q64_PID)
    HardFault_Handler                        0x0800190d   Thumb Code     4  stm32f10x_it.o(i.HardFault_Handler)
    I2C_ReadOneByte                          0x08001911   Thumb Code    70  ioi2c.o(i.I2C_ReadOneByte)
    IIC_Ack                                  0x08001959   Thumb Code    64  ioi2c.o(i.IIC_Ack)
    IIC_MPU6050_Init                         0x080019a5   Thumb Code    40  ioi2c.o(i.IIC_MPU6050_Init)
    IIC_NAck                                 0x080019d1   Thumb Code    62  ioi2c.o(i.IIC_NAck)
    IIC_Read_Byte                            0x08001a1d   Thumb Code    98  ioi2c.o(i.IIC_Read_Byte)
    IIC_Send_Byte                            0x08001a8d   Thumb Code    88  ioi2c.o(i.IIC_Send_Byte)
    IIC_Start                                0x08001af1   Thumb Code    92  ioi2c.o(i.IIC_Start)
    IIC_Stop                                 0x08001b59   Thumb Code    60  ioi2c.o(i.IIC_Stop)
    IIC_Wait_Ack                             0x08001ba1   Thumb Code    92  ioi2c.o(i.IIC_Wait_Ack)
    IICreadByte                              0x08001c09   Thumb Code    22  ioi2c.o(i.IICreadByte)
    IICwriteBit                              0x08001c1f   Thumb Code    64  ioi2c.o(i.IICwriteBit)
    IICwriteBits                             0x08001c5f   Thumb Code   106  ioi2c.o(i.IICwriteBits)
    IICwriteByte                             0x08001cc9   Thumb Code    20  ioi2c.o(i.IICwriteByte)
    IICwriteBytes                            0x08001cdd   Thumb Code    70  ioi2c.o(i.IICwriteBytes)
    KF_X                                     0x08001d25   Thumb Code   666  kf.o(i.KF_X)
    KF_Y                                     0x08001fdd   Thumb Code   666  kf.o(i.KF_Y)
    Key1_GPIO_Init                           0x08002295   Thumb Code    64  key1.o(i.Key1_GPIO_Init)
    MPU6050_EXTI_Init                        0x080022d9   Thumb Code    74  intsever.o(i.MPU6050_EXTI_Init)
    MPU6050_initialize                       0x08002329   Thumb Code    40  mpu6050.o(i.MPU6050_initialize)
    MPU6050_setClockSource                   0x08002351   Thumb Code    20  mpu6050.o(i.MPU6050_setClockSource)
    MPU6050_setFullScaleAccelRange           0x08002365   Thumb Code    20  mpu6050.o(i.MPU6050_setFullScaleAccelRange)
    MPU6050_setFullScaleGyroRange            0x08002379   Thumb Code    20  mpu6050.o(i.MPU6050_setFullScaleGyroRange)
    MPU6050_setI2CBypassEnabled              0x0800238d   Thumb Code    18  mpu6050.o(i.MPU6050_setI2CBypassEnabled)
    MPU6050_setI2CMasterModeEnabled          0x0800239f   Thumb Code    18  mpu6050.o(i.MPU6050_setI2CMasterModeEnabled)
    MPU6050_setSleepEnabled                  0x080023b1   Thumb Code    18  mpu6050.o(i.MPU6050_setSleepEnabled)
    MemManage_Handler                        0x080023c3   Thumb Code     4  stm32f10x_it.o(i.MemManage_Handler)
    NMI_Handler                              0x080023c7   Thumb Code     2  stm32f10x_it.o(i.NMI_Handler)
    NVIC_Config                              0x080023c9   Thumb Code    96  allconfig.o(i.NVIC_Config)
    NVIC_Init                                0x08002429   Thumb Code   100  misc.o(i.NVIC_Init)
    NVIC_PriorityGroupConfig                 0x08002499   Thumb Code    10  misc.o(i.NVIC_PriorityGroupConfig)
    OLED_Clear                               0x080024ad   Thumb Code    10  bsp_oled.o(i.OLED_Clear)
    OLED_Draw_Line                           0x080024b7   Thumb Code    42  bsp_oled.o(i.OLED_Draw_Line)
    OLED_Draw_String                         0x080024e1   Thumb Code    54  bsp_oled.o(i.OLED_Draw_String)
    OLED_I2C_Init                            0x0800251d   Thumb Code    24  bsp_oled_i2c.o(i.OLED_I2C_Init)
    OLED_IIC_Init                            0x08002545   Thumb Code    36  bsp_oled_i2c.o(i.OLED_IIC_Init)
    OLED_IIC_Send_Byte                       0x08002571   Thumb Code    88  bsp_oled_i2c.o(i.OLED_IIC_Send_Byte)
    OLED_IIC_Start                           0x080025d5   Thumb Code    92  bsp_oled_i2c.o(i.OLED_IIC_Start)
    OLED_IIC_Stop                            0x0800263d   Thumb Code    68  bsp_oled_i2c.o(i.OLED_IIC_Stop)
    OLED_IIC_Wait_Ack                        0x0800268d   Thumb Code    92  bsp_oled_i2c.o(i.OLED_IIC_Wait_Ack)
    OLED_Init                                0x080026f5   Thumb Code   318  bsp_oled.o(i.OLED_Init)
    OLED_Refresh                             0x08002839   Thumb Code     8  bsp_oled.o(i.OLED_Refresh)
    OLED_i2cWrite                            0x08002841   Thumb Code    96  bsp_oled_i2c.o(i.OLED_i2cWrite)
    PWM_Ignore                               0x080028a1   Thumb Code    26  motor.o(i.PWM_Ignore)
    PWM_Limit                                0x080028bb   Thumb Code    18  motor.o(i.PWM_Limit)
    PendSV_Handler                           0x080028cd   Thumb Code     2  stm32f10x_it.o(i.PendSV_Handler)
    RCC_APB1PeriphClockCmd                   0x080028d1   Thumb Code    26  stm32f10x_rcc.o(i.RCC_APB1PeriphClockCmd)
    RCC_APB1PeriphResetCmd                   0x080028f1   Thumb Code    26  stm32f10x_rcc.o(i.RCC_APB1PeriphResetCmd)
    RCC_APB2PeriphClockCmd                   0x08002911   Thumb Code    26  stm32f10x_rcc.o(i.RCC_APB2PeriphClockCmd)
    RCC_APB2PeriphResetCmd                   0x08002931   Thumb Code    26  stm32f10x_rcc.o(i.RCC_APB2PeriphResetCmd)
    RCC_GetClocksFreq                        0x08002951   Thumb Code   192  stm32f10x_rcc.o(i.RCC_GetClocksFreq)
    Read_DMP                                 0x08002a25   Thumb Code   560  mpu6050.o(i.Read_DMP)
    Read_Encoder                             0x08002c81   Thumb Code    46  encoder.o(i.Read_Encoder)
    Read_Temperature                         0x08002cb9   Thumb Code   110  mpu6050.o(i.Read_Temperature)
    SPI_R_MISO                               0x08002d39   Thumb Code    14  spi.o(i.SPI_R_MISO)
    SPI_Start                                0x08002d4d   Thumb Code    10  spi.o(i.SPI_Start)
    SPI_Stop                                 0x08002d57   Thumb Code    10  spi.o(i.SPI_Stop)
    SPI_SwapByte                             0x08002d61   Thumb Code    60  spi.o(i.SPI_SwapByte)
    SPI_W_MOSI                               0x08002d9d   Thumb Code    18  spi.o(i.SPI_W_MOSI)
    SPI_W_SCK                                0x08002db5   Thumb Code    18  spi.o(i.SPI_W_SCK)
    SPI_W_SS                                 0x08002dcd   Thumb Code    18  spi.o(i.SPI_W_SS)
    SSD1306_DrawPixel                        0x08002de5   Thumb Code   152  bsp_oled.o(i.SSD1306_DrawPixel)
    SSD1306_Fill                             0x08002e85   Thumb Code    26  bsp_oled.o(i.SSD1306_Fill)
    SSD1306_GotoXY                           0x08002ea5   Thumb Code     8  bsp_oled.o(i.SSD1306_GotoXY)
    SSD1306_Putc                             0x08002eb1   Thumb Code   164  bsp_oled.o(i.SSD1306_Putc)
    SSD1306_Puts                             0x08002f59   Thumb Code    42  bsp_oled.o(i.SSD1306_Puts)
    SSD1306_UpdateScreen                     0x08002f85   Thumb Code    68  bsp_oled.o(i.SSD1306_UpdateScreen)
    SVC_Handler                              0x08002fcd   Thumb Code     2  stm32f10x_it.o(i.SVC_Handler)
    Set_Pwm                                  0x080030b9   Thumb Code   120  motor.o(i.Set_Pwm)
    SysTick_CLKSourceConfig                  0x08003135   Thumb Code    40  misc.o(i.SysTick_CLKSourceConfig)
    SysTick_Handler                          0x0800315d   Thumb Code     2  stm32f10x_it.o(i.SysTick_Handler)
    SystemInit                               0x08003161   Thumb Code    78  system_stm32f10x.o(i.SystemInit)
    TIM3_IRQHandler                          0x08003401   Thumb Code    18  encoder.o(i.TIM3_IRQHandler)
    TIM4_IRQHandler                          0x08003419   Thumb Code    18  encoder.o(i.TIM4_IRQHandler)
    TIM_ARRPreloadConfig                     0x08003431   Thumb Code    24  stm32f10x_tim.o(i.TIM_ARRPreloadConfig)
    TIM_ClearFlag                            0x08003449   Thumb Code     6  stm32f10x_tim.o(i.TIM_ClearFlag)
    TIM_Cmd                                  0x0800344f   Thumb Code    24  stm32f10x_tim.o(i.TIM_Cmd)
    TIM_CtrlPWMOutputs                       0x08003467   Thumb Code    30  stm32f10x_tim.o(i.TIM_CtrlPWMOutputs)
    TIM_DeInit                               0x08003485   Thumb Code   424  stm32f10x_tim.o(i.TIM_DeInit)
    TIM_EncoderInterfaceConfig               0x0800366d   Thumb Code    66  stm32f10x_tim.o(i.TIM_EncoderInterfaceConfig)
    TIM_ICInit                               0x080036b1   Thumb Code   150  stm32f10x_tim.o(i.TIM_ICInit)
    TIM_ICStructInit                         0x0800375d   Thumb Code    18  stm32f10x_tim.o(i.TIM_ICStructInit)
    TIM_ITConfig                             0x0800376f   Thumb Code    18  stm32f10x_tim.o(i.TIM_ITConfig)
    TIM_OC1Init                              0x08003781   Thumb Code   132  stm32f10x_tim.o(i.TIM_OC1Init)
    TIM_OC1PreloadConfig                     0x08003819   Thumb Code    18  stm32f10x_tim.o(i.TIM_OC1PreloadConfig)
    TIM_OC2Init                              0x0800382d   Thumb Code   154  stm32f10x_tim.o(i.TIM_OC2Init)
    TIM_OC2PreloadConfig                     0x080038d1   Thumb Code    26  stm32f10x_tim.o(i.TIM_OC2PreloadConfig)
    TIM_OC3Init                              0x080038ed   Thumb Code   150  stm32f10x_tim.o(i.TIM_OC3Init)
    TIM_OC3PreloadConfig                     0x0800398d   Thumb Code    18  stm32f10x_tim.o(i.TIM_OC3PreloadConfig)
    TIM_OC4Init                              0x080039a1   Thumb Code   114  stm32f10x_tim.o(i.TIM_OC4Init)
    TIM_OC4PreloadConfig                     0x08003a1d   Thumb Code    26  stm32f10x_tim.o(i.TIM_OC4PreloadConfig)
    TIM_SetCounter                           0x08003a37   Thumb Code     4  stm32f10x_tim.o(i.TIM_SetCounter)
    TIM_SetIC1Prescaler                      0x08003a3b   Thumb Code    18  stm32f10x_tim.o(i.TIM_SetIC1Prescaler)
    TIM_SetIC2Prescaler                      0x08003a4d   Thumb Code    26  stm32f10x_tim.o(i.TIM_SetIC2Prescaler)
    TIM_SetIC3Prescaler                      0x08003a67   Thumb Code    18  stm32f10x_tim.o(i.TIM_SetIC3Prescaler)
    TIM_SetIC4Prescaler                      0x08003a79   Thumb Code    26  stm32f10x_tim.o(i.TIM_SetIC4Prescaler)
    TIM_TimeBaseInit                         0x08003a95   Thumb Code   122  stm32f10x_tim.o(i.TIM_TimeBaseInit)
    TIM_TimeBaseStructInit                   0x08003b39   Thumb Code    18  stm32f10x_tim.o(i.TIM_TimeBaseStructInit)
    The_SPI_Init                             0x08003b4d   Thumb Code    80  spi.o(i.The_SPI_Init)
    Turn_Off                                 0x08003ba1   Thumb Code    96  motor.o(i.Turn_Off)
    Turn_PD                                  0x08003c19   Thumb Code    92  pid_control.o(i.Turn_PD)
    USART1_IRQHandler                        0x08003c8d   Thumb Code   136  usblinker.o(i.USART1_IRQHandler)
    USART3_IRQHandler                        0x08003d4d   Thumb Code   126  sbus.o(i.USART3_IRQHandler)
    USART_ClearITPendingBit                  0x08003de1   Thumb Code    30  stm32f10x_usart.o(i.USART_ClearITPendingBit)
    USART_Cmd                                0x08003dff   Thumb Code    24  stm32f10x_usart.o(i.USART_Cmd)
    USART_GetFlagStatus                      0x08003e17   Thumb Code    26  stm32f10x_usart.o(i.USART_GetFlagStatus)
    USART_GetITStatus                        0x08003e31   Thumb Code    84  stm32f10x_usart.o(i.USART_GetITStatus)
    USART_ITConfig                           0x08003e85   Thumb Code    74  stm32f10x_usart.o(i.USART_ITConfig)
    USART_Init                               0x08003ed1   Thumb Code   210  stm32f10x_usart.o(i.USART_Init)
    USART_ReceiveData                        0x08003fa9   Thumb Code    10  stm32f10x_usart.o(i.USART_ReceiveData)
    USART_SendData                           0x08003fb3   Thumb Code     8  stm32f10x_usart.o(i.USART_SendData)
    USB_USARTConfig                          0x08003fbd   Thumb Code   132  usblinker.o(i.USB_USARTConfig)
    UsageFault_Handler                       0x08004049   Thumb Code     4  stm32f10x_it.o(i.UsageFault_Handler)
    Velocity_PI                              0x0800404d   Thumb Code   272  pid_control.o(i.Velocity_PI)
    W25Q64_Init                              0x080041a1   Thumb Code    14  w25q64.o(i.W25Q64_Init)
    W25Q64_ReadData                          0x080041c5   Thumb Code    68  w25q64.o(i.W25Q64_ReadData)
    W25Q64_ReadFloat                         0x08004209   Thumb Code    20  w25q64.o(i.W25Q64_ReadFloat)
    __0printf$3                              0x0800421d   Thumb Code    22  printf3.o(i.__0printf$3)
    __1printf$3                              0x0800421d   Thumb Code     0  printf3.o(i.__0printf$3)
    __2printf                                0x0800421d   Thumb Code     0  printf3.o(i.__0printf$3)
    __ARM_fpclassify                         0x0800423d   Thumb Code    40  fpclassify.o(i.__ARM_fpclassify)
    __kernel_poly                            0x08004265   Thumb Code   170  poly.o(i.__kernel_poly)
    __mathlib_dbl_infnan                     0x0800430f   Thumb Code     6  dunder.o(i.__mathlib_dbl_infnan)
    __mathlib_dbl_infnan2                    0x08004315   Thumb Code     4  dunder.o(i.__mathlib_dbl_infnan2)
    __mathlib_dbl_invalid                    0x08004319   Thumb Code    12  dunder.o(i.__mathlib_dbl_invalid)
    __mathlib_dbl_underflow                  0x08004325   Thumb Code    10  dunder.o(i.__mathlib_dbl_underflow)
    __scatterload_copy                       0x08004335   Thumb Code    14  handlers.o(i.__scatterload_copy)
    __scatterload_null                       0x08004343   Thumb Code     2  handlers.o(i.__scatterload_null)
    __scatterload_zeroinit                   0x08004345   Thumb Code    14  handlers.o(i.__scatterload_zeroinit)
    __set_errno                              0x08004355   Thumb Code     6  errno.o(i.__set_errno)
    asin                                     0x080045c1   Thumb Code   572  asin.o(i.asin)
    atan                                     0x08004831   Thumb Code   474  atan.o(i.atan)
    atan2                                    0x08004a51   Thumb Code   346  atan2.o(i.atan2)
    delay_init                               0x08004c35   Thumb Code    60  delay.o(i.delay_init)
    delay_ms                                 0x08004c81   Thumb Code    56  delay.o(i.delay_ms)
    delay_us                                 0x08004cbd   Thumb Code    56  delay.o(i.delay_us)
    dmp_enable_6x_lp_quat                    0x08004cf9   Thumb Code    60  inv_mpu_dmp_motion_driver.o(i.dmp_enable_6x_lp_quat)
    dmp_enable_feature                       0x08004d35   Thumb Code   530  inv_mpu_dmp_motion_driver.o(i.dmp_enable_feature)
    dmp_enable_gyro_cal                      0x08004f51   Thumb Code    62  inv_mpu_dmp_motion_driver.o(i.dmp_enable_gyro_cal)
    dmp_enable_lp_quat                       0x08004fa9   Thumb Code    60  inv_mpu_dmp_motion_driver.o(i.dmp_enable_lp_quat)
    dmp_load_motion_driver_firmware          0x08004fe5   Thumb Code    20  inv_mpu_dmp_motion_driver.o(i.dmp_load_motion_driver_firmware)
    dmp_read_fifo                            0x08004ffd   Thumb Code   456  inv_mpu_dmp_motion_driver.o(i.dmp_read_fifo)
    dmp_set_accel_bias                       0x080051c9   Thumb Code   300  inv_mpu_dmp_motion_driver.o(i.dmp_set_accel_bias)
    dmp_set_fifo_rate                        0x080052f9   Thumb Code    96  inv_mpu_dmp_motion_driver.o(i.dmp_set_fifo_rate)
    dmp_set_gyro_bias                        0x08005369   Thumb Code   294  inv_mpu_dmp_motion_driver.o(i.dmp_set_gyro_bias)
    dmp_set_orientation                      0x08005499   Thumb Code   290  inv_mpu_dmp_motion_driver.o(i.dmp_set_orientation)
    dmp_set_shake_reject_thresh              0x080055d1   Thumb Code    56  inv_mpu_dmp_motion_driver.o(i.dmp_set_shake_reject_thresh)
    dmp_set_shake_reject_time                0x08005609   Thumb Code    38  inv_mpu_dmp_motion_driver.o(i.dmp_set_shake_reject_time)
    dmp_set_shake_reject_timeout             0x0800562f   Thumb Code    38  inv_mpu_dmp_motion_driver.o(i.dmp_set_shake_reject_timeout)
    dmp_set_tap_axes                         0x08005655   Thumb Code    70  inv_mpu_dmp_motion_driver.o(i.dmp_set_tap_axes)
    dmp_set_tap_count                        0x0800569b   Thumb Code    38  inv_mpu_dmp_motion_driver.o(i.dmp_set_tap_count)
    dmp_set_tap_thresh                       0x080056c1   Thumb Code   396  inv_mpu_dmp_motion_driver.o(i.dmp_set_tap_thresh)
    dmp_set_tap_time                         0x08005861   Thumb Code    38  inv_mpu_dmp_motion_driver.o(i.dmp_set_tap_time)
    dmp_set_tap_time_multi                   0x08005887   Thumb Code    38  inv_mpu_dmp_motion_driver.o(i.dmp_set_tap_time_multi)
    fputc                                    0x080058ad   Thumb Code    32  usblinker.o(i.fputc)
    i2cRead                                  0x08005f05   Thumb Code   118  ioi2c.o(i.i2cRead)
    i2cWrite                                 0x08005f7b   Thumb Code    96  ioi2c.o(i.i2cWrite)
    main                                     0x08006051   Thumb Code    68  main.o(i.main)
    mpu_configure_fifo                       0x080060a9   Thumb Code   106  inv_mpu.o(i.mpu_configure_fifo)
    mpu_get_accel_fsr                        0x08006119   Thumb Code    72  inv_mpu.o(i.mpu_get_accel_fsr)
    mpu_get_accel_sens                       0x08006165   Thumb Code    78  inv_mpu.o(i.mpu_get_accel_sens)
    mpu_get_fifo_config                      0x080061b9   Thumb Code    12  inv_mpu.o(i.mpu_get_fifo_config)
    mpu_get_gyro_fsr                         0x080061c9   Thumb Code    64  inv_mpu.o(i.mpu_get_gyro_fsr)
    mpu_get_gyro_sens                        0x0800620d   Thumb Code    58  inv_mpu.o(i.mpu_get_gyro_sens)
    mpu_get_lpf                              0x0800625d   Thumb Code    74  inv_mpu.o(i.mpu_get_lpf)
    mpu_get_sample_rate                      0x080062ad   Thumb Code    26  inv_mpu.o(i.mpu_get_sample_rate)
    mpu_init                                 0x080062cd   Thumb Code   416  inv_mpu.o(i.mpu_init)
    mpu_load_firmware                        0x080064bd   Thumb Code   180  inv_mpu.o(i.mpu_load_firmware)
    mpu_lp_accel_mode                        0x08006575   Thumb Code   218  inv_mpu.o(i.mpu_lp_accel_mode)
    mpu_read_fifo_stream                     0x08006655   Thumb Code   186  inv_mpu.o(i.mpu_read_fifo_stream)
    mpu_read_mem                             0x08006715   Thumb Code   122  inv_mpu.o(i.mpu_read_mem)
    mpu_reset_fifo                           0x08006795   Thumb Code   438  inv_mpu.o(i.mpu_reset_fifo)
    mpu_run_self_test                        0x08006951   Thumb Code   278  inv_mpu.o(i.mpu_run_self_test)
    mpu_set_accel_fsr                        0x08006a6d   Thumb Code   126  inv_mpu.o(i.mpu_set_accel_fsr)
    mpu_set_bypass                           0x08006af1   Thumb Code   328  inv_mpu.o(i.mpu_set_bypass)
    mpu_set_dmp_state                        0x08006c3d   Thumb Code   138  inv_mpu.o(i.mpu_set_dmp_state)
    mpu_set_gyro_fsr                         0x08006ccd   Thumb Code   132  inv_mpu.o(i.mpu_set_gyro_fsr)
    mpu_set_int_latched                      0x08006d55   Thumb Code   102  inv_mpu.o(i.mpu_set_int_latched)
    mpu_set_lpf                              0x08006dc1   Thumb Code   126  inv_mpu.o(i.mpu_set_lpf)
    mpu_set_sample_rate                      0x08006e45   Thumb Code   152  inv_mpu.o(i.mpu_set_sample_rate)
    mpu_set_sensors                          0x08006ee1   Thumb Code   202  inv_mpu.o(i.mpu_set_sensors)
    mpu_write_mem                            0x08006fb1   Thumb Code   122  inv_mpu.o(i.mpu_write_mem)
    mul                                      0x08007031   Thumb Code   154  kf.o(i.mul)
    myabs                                    0x080070d5   Thumb Code    14  motor.o(i.myabs)
    myget_ms                                 0x080070e3   Thumb Code     2  inv_mpu.o(i.myget_ms)
    sqrt                                     0x08007205   Thumb Code    76  sqrt.o(i.sqrt)
    ssd1306_I2C_Write                        0x08007251   Thumb Code    20  bsp_oled.o(i.ssd1306_I2C_Write)
    ssd1306_I2C_WriteMulti                   0x08007265   Thumb Code    28  bsp_oled.o(i.ssd1306_I2C_WriteMulti)
    Font7x10                                 0x08007338   Data        1900  oled_fonts.o(.constdata)
    Font11x18                                0x08007aa4   Data        3420  oled_fonts.o(.constdata)
    Font16x26                                0x08008800   Data        4940  oled_fonts.o(.constdata)
    hw                                       0x08009b4c   Data          12  inv_mpu.o(.constdata)
    reg                                      0x08009b58   Data          27  inv_mpu.o(.constdata)
    test                                     0x08009b74   Data          40  inv_mpu.o(.constdata)
    __mathlib_zero                           0x0800a880   Data           8  qnan.o(.constdata)
    Region$$Table$$Base                      0x0800a8d8   Number         0  anon$$obj.o(Region$$Table)
    Region$$Table$$Limit                     0x0800a8f8   Number         0  anon$$obj.o(Region$$Table)
    SystemCoreClock                          0x20000000   Data           4  system_stm32f10x.o(.data)
    AHBPrescTable                            0x20000004   Data          16  system_stm32f10x.o(.data)
    RxFlag                                   0x2000002c   Data           1  sbus.o(.data)
    ComFlag                                  0x2000002f   Data           1  usblinker.o(.data)
    battery                                  0x20000034   Data           4  app_control.o(.data)
    Balance_Kp                               0x20000038   Data           4  pid_control.o(.data)
    Balance_Kd                               0x2000003c   Data           4  pid_control.o(.data)
    Velocity_Kp                              0x20000040   Data           4  pid_control.o(.data)
    Velocity_Ki                              0x20000044   Data           4  pid_control.o(.data)
    Turn_Kp                                  0x20000048   Data           4  pid_control.o(.data)
    Turn_Kd                                  0x2000004c   Data           4  pid_control.o(.data)
    dt                                       0x200000bc   Data           4  filter.o(.data)
    Velocity_Left                            0x2000013c   Data           4  motor.o(.data)
    Velocity_Right                           0x20000140   Data           4  motor.o(.data)
    angle_max                                0x20000144   Data           1  motor.o(.data)
    Font_7x10                                0x2000014c   Data           8  oled_fonts.o(.data)
    Font_11x18                               0x20000154   Data           8  oled_fonts.o(.data)
    Font_16x26                               0x2000015c   Data           8  oled_fonts.o(.data)
    gyro                                     0x20000164   Data           6  mpu6050.o(.data)
    accel                                    0x2000016a   Data           6  mpu6050.o(.data)
    sensors                                  0x20000170   Data           2  mpu6050.o(.data)
    Roll                                     0x20000174   Data           4  mpu6050.o(.data)
    Pitch                                    0x20000178   Data           4  mpu6050.o(.data)
    Yaw                                      0x2000017c   Data           4  mpu6050.o(.data)
    q0                                       0x20000180   Data           4  mpu6050.o(.data)
    q1                                       0x20000184   Data           4  mpu6050.o(.data)
    q2                                       0x20000188   Data           4  mpu6050.o(.data)
    q3                                       0x2000018c   Data           4  mpu6050.o(.data)
    Gx_offset                                0x2000019a   Data           2  mpu6050.o(.data)
    Gy_offset                                0x2000019c   Data           2  mpu6050.o(.data)
    Gz_offset                                0x2000019e   Data           2  mpu6050.o(.data)
    GET_Angle_Way                            0x200001cc   Data           1  main.o(.data)
    Angle_Balance                            0x200001d0   Data           4  main.o(.data)
    Gyro_Balance                             0x200001d4   Data           4  main.o(.data)
    Gyro_Turn                                0x200001d8   Data           4  main.o(.data)
    Motor_Left                               0x200001dc   Data           4  main.o(.data)
    Motor_Right                              0x200001e0   Data           4  main.o(.data)
    Temperature                              0x200001e4   Data           4  main.o(.data)
    Acceleration_Z                           0x200001e8   Data           4  main.o(.data)
    Mid_Angle                                0x200001ec   Data           4  main.o(.data)
    Move_X                                   0x200001f0   Data           4  main.o(.data)
    Move_Z                                   0x200001f4   Data           4  main.o(.data)
    Stop_Flag                                0x200001f8   Data           1  main.o(.data)
    Costime                                  0x200001fc   Data           4  main.o(.data)
    __stdout                                 0x20000204   Data           4  stdout.o(.data)
    SBUS_Packet                              0x2000020c   Data          23  sbus.o(.bss)
    Command                                  0x20000223   Data          30  usblinker.o(.bss)
    cd                                       0x20000241   Data          20  usblinker.o(.bss)
    datapacket                               0x20000488   Data          14  main.o(.bss)
    __initial_sp                             0x20000898   Data           0  startup_stm32f10x_md.o(STACK)



==============================================================================

Memory Map of the image

  Image Entry point : 0x080000ed

  Load Region LR_IROM1 (Base: 0x08000000, Size: 0x0000ab04, Max: 0x00010000, ABSOLUTE, COMPRESSED[0x0000a96c])

    Execution Region ER_IROM1 (Exec base: 0x08000000, Load base: 0x08000000, Size: 0x0000a8f8, Max: 0x00010000, ABSOLUTE)

    Exec Addr    Load Addr    Size         Type   Attr      Idx    E Section Name        Object

    0x08000000   0x08000000   0x000000ec   Data   RO            3    RESET               startup_stm32f10x_md.o
    0x080000ec   0x080000ec   0x00000000   Code   RO         4967  * .ARM.Collect$$$$00000000  mc_w.l(entry.o)
    0x080000ec   0x080000ec   0x00000004   Code   RO         5314    .ARM.Collect$$$$00000001  mc_w.l(entry2.o)
    0x080000f0   0x080000f0   0x00000004   Code   RO         5317    .ARM.Collect$$$$00000004  mc_w.l(entry5.o)
    0x080000f4   0x080000f4   0x00000000   Code   RO         5319    .ARM.Collect$$$$00000008  mc_w.l(entry7b.o)
    0x080000f4   0x080000f4   0x00000000   Code   RO         5321    .ARM.Collect$$$$0000000A  mc_w.l(entry8b.o)
    0x080000f4   0x080000f4   0x00000008   Code   RO         5322    .ARM.Collect$$$$0000000B  mc_w.l(entry9a.o)
    0x080000fc   0x080000fc   0x00000000   Code   RO         5324    .ARM.Collect$$$$0000000D  mc_w.l(entry10a.o)
    0x080000fc   0x080000fc   0x00000000   Code   RO         5326    .ARM.Collect$$$$0000000F  mc_w.l(entry11a.o)
    0x080000fc   0x080000fc   0x00000004   Code   RO         5315    .ARM.Collect$$$$00002712  mc_w.l(entry2.o)
    0x08000100   0x08000100   0x00000024   Code   RO            4    .text               startup_stm32f10x_md.o
    0x08000124   0x08000124   0x00000062   Code   RO         4970    .text               mc_w.l(ldiv.o)
    0x08000186   0x08000186   0x00000024   Code   RO         4972    .text               mc_w.l(memseta.o)
    0x080001aa   0x080001aa   0x0000001a   Code   RO         4974    .text               mc_w.l(memcmp.o)
    0x080001c4   0x080001c4   0x00000012   Code   RO         4976    .text               mc_w.l(strcpy.o)
    0x080001d6   0x080001d6   0x00000002   PAD
    0x080001d8   0x080001d8   0x00000044   Code   RO         4978    .text               mc_w.l(strtok.o)
    0x0800021c   0x0800021c   0x000000b0   Code   RO         5245    .text               mf_w.l(fadd.o)
    0x080002cc   0x080002cc   0x00000064   Code   RO         5247    .text               mf_w.l(fmul.o)
    0x08000330   0x08000330   0x0000007c   Code   RO         5249    .text               mf_w.l(fdiv.o)
    0x080003ac   0x080003ac   0x0000014e   Code   RO         5251    .text               mf_w.l(dadd.o)
    0x080004fa   0x080004fa   0x000000e4   Code   RO         5253    .text               mf_w.l(dmul.o)
    0x080005de   0x080005de   0x000000de   Code   RO         5255    .text               mf_w.l(ddiv.o)
    0x080006bc   0x080006bc   0x00000012   Code   RO         5257    .text               mf_w.l(fflti.o)
    0x080006ce   0x080006ce   0x0000000a   Code   RO         5259    .text               mf_w.l(ffltui.o)
    0x080006d8   0x080006d8   0x00000032   Code   RO         5263    .text               mf_w.l(ffixi.o)
    0x0800070a   0x0800070a   0x00000028   Code   RO         5265    .text               mf_w.l(ffixui.o)
    0x08000732   0x08000732   0x00000026   Code   RO         5267    .text               mf_w.l(f2d.o)
    0x08000758   0x08000758   0x00000030   Code   RO         5269    .text               mf_w.l(cdcmple.o)
    0x08000788   0x08000788   0x00000038   Code   RO         5271    .text               mf_w.l(d2f.o)
    0x080007c0   0x080007c0   0x00000014   Code   RO         5273    .text               mf_w.l(cfcmple.o)
    0x080007d4   0x080007d4   0x00000014   Code   RO         5275    .text               mf_w.l(cfrcmple.o)
    0x080007e8   0x080007e8   0x0000002c   Code   RO         5329    .text               mc_w.l(uidiv.o)
    0x08000814   0x08000814   0x00000062   Code   RO         5331    .text               mc_w.l(uldiv.o)
    0x08000876   0x08000876   0x0000001e   Code   RO         5333    .text               mc_w.l(llshl.o)
    0x08000894   0x08000894   0x00000024   Code   RO         5335    .text               mc_w.l(llsshr.o)
    0x080008b8   0x080008b8   0x00000000   Code   RO         5344    .text               mc_w.l(iusefp.o)
    0x080008b8   0x080008b8   0x0000006e   Code   RO         5345    .text               mf_w.l(fepilogue.o)
    0x08000926   0x08000926   0x000000ba   Code   RO         5347    .text               mf_w.l(depilogue.o)
    0x080009e0   0x080009e0   0x0000002e   Code   RO         5349    .text               mf_w.l(dscalb.o)
    0x08000a0e   0x08000a0e   0x00000002   PAD
    0x08000a10   0x08000a10   0x00000024   Code   RO         5355    .text               mc_w.l(init.o)
    0x08000a34   0x08000a34   0x00000020   Code   RO         5357    .text               mc_w.l(llushr.o)
    0x08000a54   0x08000a54   0x000000a2   Code   RO         5359    .text               mf_w.l(dsqrt.o)
    0x08000af6   0x08000af6   0x00000056   Code   RO         5369    .text               mc_w.l(__dczerorl2.o)
    0x08000b4c   0x08000b4c   0x0000004a   Code   RO         4864    i.All_config        allconfig.o
    0x08000b96   0x08000b96   0x00000002   PAD
    0x08000b98   0x08000b98   0x0000002c   Code   RO         3692    i.Balance_Motor_Init  motor.o
    0x08000bc4   0x08000bc4   0x00000078   Code   RO         3468    i.Balance_PD        pid_control.o
    0x08000c3c   0x08000c3c   0x000000ac   Code   RO         3693    i.Balance_PWM_Init  motor.o
    0x08000ce8   0x08000ce8   0x00000004   Code   RO         4886    i.BusFault_Handler  stm32f10x_it.o
    0x08000cec   0x08000cec   0x00000060   Code   RO         3546    i.Complementary_Filter_x  filter.o
    0x08000d4c   0x08000d4c   0x00000060   Code   RO         3547    i.Complementary_Filter_y  filter.o
    0x08000dac   0x08000dac   0x00000210   Code   RO         4135    i.DMP_Init          mpu6050.o
    0x08000fbc   0x08000fbc   0x00000002   Code   RO         4887    i.DebugMon_Handler  stm32f10x_it.o
    0x08000fbe   0x08000fbe   0x00000026   Code   RO         3889    i.Delay_For_Pin     bsp_oled_i2c.o
    0x08000fe4   0x08000fe4   0x000000f4   Code   RO         4837    i.EXTI15_10_IRQHandler  main.o
    0x080010d8   0x080010d8   0x0000002c   Code   RO         4114    i.EXTI9_5_IRQHandler  key1.o
    0x08001104   0x08001104   0x00000094   Code   RO          990    i.EXTI_Init         stm32f10x_exti.o
    0x08001198   0x08001198   0x0000009c   Code   RO         3653    i.Encoder_Init_TIM3  encoder.o
    0x08001234   0x08001234   0x0000009c   Code   RO         3654    i.Encoder_Init_TIM4  encoder.o
    0x080012d0   0x080012d0   0x00000040   Code   RO         1344    i.GPIO_EXTILineConfig  stm32f10x_gpio.o
    0x08001310   0x08001310   0x00000116   Code   RO         1347    i.GPIO_Init         stm32f10x_gpio.o
    0x08001426   0x08001426   0x00000012   Code   RO         1351    i.GPIO_ReadInputDataBit  stm32f10x_gpio.o
    0x08001438   0x08001438   0x0000000a   Code   RO         1358    i.GPIO_WriteBit     stm32f10x_gpio.o
    0x08001442   0x08001442   0x00000002   PAD
    0x08001444   0x08001444   0x00000088   Code   RO         3640    i.GetCommand        command.o
    0x080014cc   0x080014cc   0x000003dc   Code   RO         3440    i.Get_Angle         app_control.o
    0x080018a8   0x080018a8   0x00000064   Code   RO         3470    i.Get_W25Q64_PID    pid_control.o
    0x0800190c   0x0800190c   0x00000004   Code   RO         4888    i.HardFault_Handler  stm32f10x_it.o
    0x08001910   0x08001910   0x00000046   Code   RO         4726    i.I2C_ReadOneByte   ioi2c.o
    0x08001956   0x08001956   0x00000002   PAD
    0x08001958   0x08001958   0x0000004c   Code   RO         4727    i.IIC_Ack           ioi2c.o
    0x080019a4   0x080019a4   0x0000002c   Code   RO         4728    i.IIC_MPU6050_Init  ioi2c.o
    0x080019d0   0x080019d0   0x0000004c   Code   RO         4729    i.IIC_NAck          ioi2c.o
    0x08001a1c   0x08001a1c   0x00000070   Code   RO         4730    i.IIC_Read_Byte     ioi2c.o
    0x08001a8c   0x08001a8c   0x00000064   Code   RO         4731    i.IIC_Send_Byte     ioi2c.o
    0x08001af0   0x08001af0   0x00000068   Code   RO         4732    i.IIC_Start         ioi2c.o
    0x08001b58   0x08001b58   0x00000048   Code   RO         4733    i.IIC_Stop          ioi2c.o
    0x08001ba0   0x08001ba0   0x00000068   Code   RO         4734    i.IIC_Wait_Ack      ioi2c.o
    0x08001c08   0x08001c08   0x00000016   Code   RO         4735    i.IICreadByte       ioi2c.o
    0x08001c1e   0x08001c1e   0x00000040   Code   RO         4737    i.IICwriteBit       ioi2c.o
    0x08001c5e   0x08001c5e   0x0000006a   Code   RO         4738    i.IICwriteBits      ioi2c.o
    0x08001cc8   0x08001cc8   0x00000014   Code   RO         4739    i.IICwriteByte      ioi2c.o
    0x08001cdc   0x08001cdc   0x00000046   Code   RO         4740    i.IICwriteBytes     ioi2c.o
    0x08001d22   0x08001d22   0x00000002   PAD
    0x08001d24   0x08001d24   0x000002b8   Code   RO         3516    i.KF_X              kf.o
    0x08001fdc   0x08001fdc   0x000002b8   Code   RO         3517    i.KF_Y              kf.o
    0x08002294   0x08002294   0x00000044   Code   RO         4115    i.Key1_GPIO_Init    key1.o
    0x080022d8   0x080022d8   0x00000050   Code   RO         4711    i.MPU6050_EXTI_Init  intsever.o
    0x08002328   0x08002328   0x00000028   Code   RO         4137    i.MPU6050_initialize  mpu6050.o
    0x08002350   0x08002350   0x00000014   Code   RO         4139    i.MPU6050_setClockSource  mpu6050.o
    0x08002364   0x08002364   0x00000014   Code   RO         4140    i.MPU6050_setFullScaleAccelRange  mpu6050.o
    0x08002378   0x08002378   0x00000014   Code   RO         4141    i.MPU6050_setFullScaleGyroRange  mpu6050.o
    0x0800238c   0x0800238c   0x00000012   Code   RO         4142    i.MPU6050_setI2CBypassEnabled  mpu6050.o
    0x0800239e   0x0800239e   0x00000012   Code   RO         4143    i.MPU6050_setI2CMasterModeEnabled  mpu6050.o
    0x080023b0   0x080023b0   0x00000012   Code   RO         4144    i.MPU6050_setSleepEnabled  mpu6050.o
    0x080023c2   0x080023c2   0x00000004   Code   RO         4889    i.MemManage_Handler  stm32f10x_it.o
    0x080023c6   0x080023c6   0x00000002   Code   RO         4890    i.NMI_Handler       stm32f10x_it.o
    0x080023c8   0x080023c8   0x00000060   Code   RO         4865    i.NVIC_Config       allconfig.o
    0x08002428   0x08002428   0x00000070   Code   RO          137    i.NVIC_Init         misc.o
    0x08002498   0x08002498   0x00000014   Code   RO          138    i.NVIC_PriorityGroupConfig  misc.o
    0x080024ac   0x080024ac   0x0000000a   Code   RO         3756    i.OLED_Clear        bsp_oled.o
    0x080024b6   0x080024b6   0x0000002a   Code   RO         3757    i.OLED_Draw_Line    bsp_oled.o
    0x080024e0   0x080024e0   0x0000003c   Code   RO         3758    i.OLED_Draw_String  bsp_oled.o
    0x0800251c   0x0800251c   0x00000028   Code   RO         3890    i.OLED_I2C_Init     bsp_oled_i2c.o
    0x08002544   0x08002544   0x0000002c   Code   RO         3893    i.OLED_IIC_Init     bsp_oled_i2c.o
    0x08002570   0x08002570   0x00000064   Code   RO         3896    i.OLED_IIC_Send_Byte  bsp_oled_i2c.o
    0x080025d4   0x080025d4   0x00000068   Code   RO         3897    i.OLED_IIC_Start    bsp_oled_i2c.o
    0x0800263c   0x0800263c   0x00000050   Code   RO         3898    i.OLED_IIC_Stop     bsp_oled_i2c.o
    0x0800268c   0x0800268c   0x00000068   Code   RO         3899    i.OLED_IIC_Wait_Ack  bsp_oled_i2c.o
    0x080026f4   0x080026f4   0x00000144   Code   RO         3759    i.OLED_Init         bsp_oled.o
    0x08002838   0x08002838   0x00000008   Code   RO         3760    i.OLED_Refresh      bsp_oled.o
    0x08002840   0x08002840   0x00000060   Code   RO         3907    i.OLED_i2cWrite     bsp_oled_i2c.o
    0x080028a0   0x080028a0   0x0000001a   Code   RO         3695    i.PWM_Ignore        motor.o
    0x080028ba   0x080028ba   0x00000012   Code   RO         3696    i.PWM_Limit         motor.o
    0x080028cc   0x080028cc   0x00000002   Code   RO         4891    i.PendSV_Handler    stm32f10x_it.o
    0x080028ce   0x080028ce   0x00000002   PAD
    0x080028d0   0x080028d0   0x00000020   Code   RO         1775    i.RCC_APB1PeriphClockCmd  stm32f10x_rcc.o
    0x080028f0   0x080028f0   0x00000020   Code   RO         1776    i.RCC_APB1PeriphResetCmd  stm32f10x_rcc.o
    0x08002910   0x08002910   0x00000020   Code   RO         1777    i.RCC_APB2PeriphClockCmd  stm32f10x_rcc.o
    0x08002930   0x08002930   0x00000020   Code   RO         1778    i.RCC_APB2PeriphResetCmd  stm32f10x_rcc.o
    0x08002950   0x08002950   0x000000d4   Code   RO         1785    i.RCC_GetClocksFreq  stm32f10x_rcc.o
    0x08002a24   0x08002a24   0x0000025c   Code   RO         4146    i.Read_DMP          mpu6050.o
    0x08002c80   0x08002c80   0x00000038   Code   RO         3655    i.Read_Encoder      encoder.o
    0x08002cb8   0x08002cb8   0x00000080   Code   RO         4147    i.Read_Temperature  mpu6050.o
    0x08002d38   0x08002d38   0x00000014   Code   RO         3583    i.SPI_R_MISO        spi.o
    0x08002d4c   0x08002d4c   0x0000000a   Code   RO         3584    i.SPI_Start         spi.o
    0x08002d56   0x08002d56   0x0000000a   Code   RO         3585    i.SPI_Stop          spi.o
    0x08002d60   0x08002d60   0x0000003c   Code   RO         3586    i.SPI_SwapByte      spi.o
    0x08002d9c   0x08002d9c   0x00000018   Code   RO         3587    i.SPI_W_MOSI        spi.o
    0x08002db4   0x08002db4   0x00000018   Code   RO         3588    i.SPI_W_SCK         spi.o
    0x08002dcc   0x08002dcc   0x00000018   Code   RO         3589    i.SPI_W_SS          spi.o
    0x08002de4   0x08002de4   0x000000a0   Code   RO         3763    i.SSD1306_DrawPixel  bsp_oled.o
    0x08002e84   0x08002e84   0x00000020   Code   RO         3765    i.SSD1306_Fill      bsp_oled.o
    0x08002ea4   0x08002ea4   0x0000000c   Code   RO         3766    i.SSD1306_GotoXY    bsp_oled.o
    0x08002eb0   0x08002eb0   0x000000a8   Code   RO         3769    i.SSD1306_Putc      bsp_oled.o
    0x08002f58   0x08002f58   0x0000002a   Code   RO         3770    i.SSD1306_Puts      bsp_oled.o
    0x08002f82   0x08002f82   0x00000002   PAD
    0x08002f84   0x08002f84   0x00000048   Code   RO         3772    i.SSD1306_UpdateScreen  bsp_oled.o
    0x08002fcc   0x08002fcc   0x00000002   Code   RO         4892    i.SVC_Handler       stm32f10x_it.o
    0x08002fce   0x08002fce   0x00000008   Code   RO           24    i.SetSysClock       system_stm32f10x.o
    0x08002fd6   0x08002fd6   0x00000002   PAD
    0x08002fd8   0x08002fd8   0x000000e0   Code   RO           25    i.SetSysClockTo72   system_stm32f10x.o
    0x080030b8   0x080030b8   0x0000007c   Code   RO         3697    i.Set_Pwm           motor.o
    0x08003134   0x08003134   0x00000028   Code   RO          141    i.SysTick_CLKSourceConfig  misc.o
    0x0800315c   0x0800315c   0x00000002   Code   RO         4893    i.SysTick_Handler   stm32f10x_it.o
    0x0800315e   0x0800315e   0x00000002   PAD
    0x08003160   0x08003160   0x00000060   Code   RO           27    i.SystemInit        system_stm32f10x.o
    0x080031c0   0x080031c0   0x00000080   Code   RO         2405    i.TI1_Config        stm32f10x_tim.o
    0x08003240   0x08003240   0x00000098   Code   RO         2406    i.TI2_Config        stm32f10x_tim.o
    0x080032d8   0x080032d8   0x00000090   Code   RO         2407    i.TI3_Config        stm32f10x_tim.o
    0x08003368   0x08003368   0x00000098   Code   RO         2408    i.TI4_Config        stm32f10x_tim.o
    0x08003400   0x08003400   0x00000018   Code   RO         3656    i.TIM3_IRQHandler   encoder.o
    0x08003418   0x08003418   0x00000018   Code   RO         3657    i.TIM4_IRQHandler   encoder.o
    0x08003430   0x08003430   0x00000018   Code   RO         2409    i.TIM_ARRPreloadConfig  stm32f10x_tim.o
    0x08003448   0x08003448   0x00000006   Code   RO         2415    i.TIM_ClearFlag     stm32f10x_tim.o
    0x0800344e   0x0800344e   0x00000018   Code   RO         2421    i.TIM_Cmd           stm32f10x_tim.o
    0x08003466   0x08003466   0x0000001e   Code   RO         2423    i.TIM_CtrlPWMOutputs  stm32f10x_tim.o
    0x08003484   0x08003484   0x000001e8   Code   RO         2426    i.TIM_DeInit        stm32f10x_tim.o
    0x0800366c   0x0800366c   0x00000042   Code   RO         2430    i.TIM_EncoderInterfaceConfig  stm32f10x_tim.o
    0x080036ae   0x080036ae   0x00000002   PAD
    0x080036b0   0x080036b0   0x000000ac   Code   RO         2444    i.TIM_ICInit        stm32f10x_tim.o
    0x0800375c   0x0800375c   0x00000012   Code   RO         2445    i.TIM_ICStructInit  stm32f10x_tim.o
    0x0800376e   0x0800376e   0x00000012   Code   RO         2446    i.TIM_ITConfig      stm32f10x_tim.o
    0x08003780   0x08003780   0x00000098   Code   RO         2450    i.TIM_OC1Init       stm32f10x_tim.o
    0x08003818   0x08003818   0x00000012   Code   RO         2453    i.TIM_OC1PreloadConfig  stm32f10x_tim.o
    0x0800382a   0x0800382a   0x00000002   PAD
    0x0800382c   0x0800382c   0x000000a4   Code   RO         2455    i.TIM_OC2Init       stm32f10x_tim.o
    0x080038d0   0x080038d0   0x0000001a   Code   RO         2458    i.TIM_OC2PreloadConfig  stm32f10x_tim.o
    0x080038ea   0x080038ea   0x00000002   PAD
    0x080038ec   0x080038ec   0x000000a0   Code   RO         2460    i.TIM_OC3Init       stm32f10x_tim.o
    0x0800398c   0x0800398c   0x00000012   Code   RO         2463    i.TIM_OC3PreloadConfig  stm32f10x_tim.o
    0x0800399e   0x0800399e   0x00000002   PAD
    0x080039a0   0x080039a0   0x0000007c   Code   RO         2465    i.TIM_OC4Init       stm32f10x_tim.o
    0x08003a1c   0x08003a1c   0x0000001a   Code   RO         2467    i.TIM_OC4PreloadConfig  stm32f10x_tim.o
    0x08003a36   0x08003a36   0x00000004   Code   RO         2486    i.TIM_SetCounter    stm32f10x_tim.o
    0x08003a3a   0x08003a3a   0x00000012   Code   RO         2487    i.TIM_SetIC1Prescaler  stm32f10x_tim.o
    0x08003a4c   0x08003a4c   0x0000001a   Code   RO         2488    i.TIM_SetIC2Prescaler  stm32f10x_tim.o
    0x08003a66   0x08003a66   0x00000012   Code   RO         2489    i.TIM_SetIC3Prescaler  stm32f10x_tim.o
    0x08003a78   0x08003a78   0x0000001a   Code   RO         2490    i.TIM_SetIC4Prescaler  stm32f10x_tim.o
    0x08003a92   0x08003a92   0x00000002   PAD
    0x08003a94   0x08003a94   0x000000a4   Code   RO         2492    i.TIM_TimeBaseInit  stm32f10x_tim.o
    0x08003b38   0x08003b38   0x00000012   Code   RO         2493    i.TIM_TimeBaseStructInit  stm32f10x_tim.o
    0x08003b4a   0x08003b4a   0x00000002   PAD
    0x08003b4c   0x08003b4c   0x00000054   Code   RO         3590    i.The_SPI_Init      spi.o
    0x08003ba0   0x08003ba0   0x00000078   Code   RO         3698    i.Turn_Off          motor.o
    0x08003c18   0x08003c18   0x00000074   Code   RO         3472    i.Turn_PD           pid_control.o
    0x08003c8c   0x08003c8c   0x000000c0   Code   RO         3282    i.USART1_IRQHandler  usblinker.o
    0x08003d4c   0x08003d4c   0x00000094   Code   RO         3243    i.USART3_IRQHandler  sbus.o
    0x08003de0   0x08003de0   0x0000001e   Code   RO         2957    i.USART_ClearITPendingBit  stm32f10x_usart.o
    0x08003dfe   0x08003dfe   0x00000018   Code   RO         2960    i.USART_Cmd         stm32f10x_usart.o
    0x08003e16   0x08003e16   0x0000001a   Code   RO         2963    i.USART_GetFlagStatus  stm32f10x_usart.o
    0x08003e30   0x08003e30   0x00000054   Code   RO         2964    i.USART_GetITStatus  stm32f10x_usart.o
    0x08003e84   0x08003e84   0x0000004a   Code   RO         2966    i.USART_ITConfig    stm32f10x_usart.o
    0x08003ece   0x08003ece   0x00000002   PAD
    0x08003ed0   0x08003ed0   0x000000d8   Code   RO         2967    i.USART_Init        stm32f10x_usart.o
    0x08003fa8   0x08003fa8   0x0000000a   Code   RO         2974    i.USART_ReceiveData  stm32f10x_usart.o
    0x08003fb2   0x08003fb2   0x00000008   Code   RO         2977    i.USART_SendData    stm32f10x_usart.o
    0x08003fba   0x08003fba   0x00000002   PAD
    0x08003fbc   0x08003fbc   0x0000008c   Code   RO         3283    i.USB_USARTConfig   usblinker.o
    0x08004048   0x08004048   0x00000004   Code   RO         4894    i.UsageFault_Handler  stm32f10x_it.o
    0x0800404c   0x0800404c   0x00000154   Code   RO         3473    i.Velocity_PI       pid_control.o
    0x080041a0   0x080041a0   0x00000024   Code   RO         4048    i.W25Q64_Init       w25q64.o
    0x080041c4   0x080041c4   0x00000044   Code   RO         4050    i.W25Q64_ReadData   w25q64.o
    0x08004208   0x08004208   0x00000014   Code   RO         4051    i.W25Q64_ReadFloat  w25q64.o
    0x0800421c   0x0800421c   0x00000020   Code   RO         5073    i.__0printf$3       mc_w.l(printf3.o)
    0x0800423c   0x0800423c   0x00000028   Code   RO         5301    i.__ARM_fpclassify  m_ws.l(fpclassify.o)
    0x08004264   0x08004264   0x000000aa   Code   RO         5303    i.__kernel_poly     m_ws.l(poly.o)
    0x0800430e   0x0800430e   0x00000006   Code   RO         5288    i.__mathlib_dbl_infnan  m_ws.l(dunder.o)
    0x08004314   0x08004314   0x00000004   Code   RO         5289    i.__mathlib_dbl_infnan2  m_ws.l(dunder.o)
    0x08004318   0x08004318   0x0000000c   Code   RO         5290    i.__mathlib_dbl_invalid  m_ws.l(dunder.o)
    0x08004324   0x08004324   0x00000010   Code   RO         5293    i.__mathlib_dbl_underflow  m_ws.l(dunder.o)
    0x08004334   0x08004334   0x0000000e   Code   RO         5363    i.__scatterload_copy  mc_w.l(handlers.o)
    0x08004342   0x08004342   0x00000002   Code   RO         5364    i.__scatterload_null  mc_w.l(handlers.o)
    0x08004344   0x08004344   0x0000000e   Code   RO         5365    i.__scatterload_zeroinit  mc_w.l(handlers.o)
    0x08004352   0x08004352   0x00000002   PAD
    0x08004354   0x08004354   0x0000000c   Code   RO         5339    i.__set_errno       mc_w.l(errno.o)
    0x08004360   0x08004360   0x000001b8   Code   RO         5080    i._printf_core      mc_w.l(printf3.o)
    0x08004518   0x08004518   0x000000a8   Code   RO         4246    i.accel_self_test   inv_mpu.o
    0x080045c0   0x080045c0   0x00000270   Code   RO         4950    i.asin              m_ws.l(asin.o)
    0x08004830   0x08004830   0x00000220   Code   RO         5278    i.atan              m_ws.l(atan.o)
    0x08004a50   0x08004a50   0x00000180   Code   RO         4960    i.atan2             m_ws.l(atan2.o)
    0x08004bd0   0x08004bd0   0x00000064   Code   RO         4535    i.decode_gesture    inv_mpu_dmp_motion_driver.o
    0x08004c34   0x08004c34   0x0000004c   Code   RO         3211    i.delay_init        delay.o
    0x08004c80   0x08004c80   0x0000003c   Code   RO         3212    i.delay_ms          delay.o
    0x08004cbc   0x08004cbc   0x0000003c   Code   RO         3213    i.delay_us          delay.o
    0x08004cf8   0x08004cf8   0x0000003c   Code   RO         4536    i.dmp_enable_6x_lp_quat  inv_mpu_dmp_motion_driver.o
    0x08004d34   0x08004d34   0x0000021c   Code   RO         4537    i.dmp_enable_feature  inv_mpu_dmp_motion_driver.o
    0x08004f50   0x08004f50   0x00000058   Code   RO         4538    i.dmp_enable_gyro_cal  inv_mpu_dmp_motion_driver.o
    0x08004fa8   0x08004fa8   0x0000003c   Code   RO         4539    i.dmp_enable_lp_quat  inv_mpu_dmp_motion_driver.o
    0x08004fe4   0x08004fe4   0x00000018   Code   RO         4544    i.dmp_load_motion_driver_firmware  inv_mpu_dmp_motion_driver.o
    0x08004ffc   0x08004ffc   0x000001cc   Code   RO         4545    i.dmp_read_fifo     inv_mpu_dmp_motion_driver.o
    0x080051c8   0x080051c8   0x00000130   Code   RO         4548    i.dmp_set_accel_bias  inv_mpu_dmp_motion_driver.o
    0x080052f8   0x080052f8   0x00000070   Code   RO         4549    i.dmp_set_fifo_rate  inv_mpu_dmp_motion_driver.o
    0x08005368   0x08005368   0x00000130   Code   RO         4550    i.dmp_set_gyro_bias  inv_mpu_dmp_motion_driver.o
    0x08005498   0x08005498   0x00000138   Code   RO         4552    i.dmp_set_orientation  inv_mpu_dmp_motion_driver.o
    0x080055d0   0x080055d0   0x00000038   Code   RO         4555    i.dmp_set_shake_reject_thresh  inv_mpu_dmp_motion_driver.o
    0x08005608   0x08005608   0x00000026   Code   RO         4556    i.dmp_set_shake_reject_time  inv_mpu_dmp_motion_driver.o
    0x0800562e   0x0800562e   0x00000026   Code   RO         4557    i.dmp_set_shake_reject_timeout  inv_mpu_dmp_motion_driver.o
    0x08005654   0x08005654   0x00000046   Code   RO         4558    i.dmp_set_tap_axes  inv_mpu_dmp_motion_driver.o
    0x0800569a   0x0800569a   0x00000026   Code   RO         4559    i.dmp_set_tap_count  inv_mpu_dmp_motion_driver.o
    0x080056c0   0x080056c0   0x000001a0   Code   RO         4560    i.dmp_set_tap_thresh  inv_mpu_dmp_motion_driver.o
    0x08005860   0x08005860   0x00000026   Code   RO         4561    i.dmp_set_tap_time  inv_mpu_dmp_motion_driver.o
    0x08005886   0x08005886   0x00000026   Code   RO         4562    i.dmp_set_tap_time_multi  inv_mpu_dmp_motion_driver.o
    0x080058ac   0x080058ac   0x00000024   Code   RO         3290    i.fputc             usblinker.o
    0x080058d0   0x080058d0   0x000000b4   Code   RO         4247    i.get_accel_prod_shift  inv_mpu.o
    0x08005984   0x08005984   0x00000470   Code   RO         4248    i.get_st_biases     inv_mpu.o
    0x08005df4   0x08005df4   0x00000110   Code   RO         4249    i.gyro_self_test    inv_mpu.o
    0x08005f04   0x08005f04   0x00000076   Code   RO         4741    i.i2cRead           ioi2c.o
    0x08005f7a   0x08005f7a   0x00000060   Code   RO         4742    i.i2cWrite          ioi2c.o
    0x08005fda   0x08005fda   0x00000028   Code   RO         4148    i.inv_orientation_matrix_to_scalar  mpu6050.o
    0x08006002   0x08006002   0x0000004e   Code   RO         4149    i.inv_row_2_scale   mpu6050.o
    0x08006050   0x08006050   0x00000058   Code   RO         4838    i.main              main.o
    0x080060a8   0x080060a8   0x00000070   Code   RO         4250    i.mpu_configure_fifo  inv_mpu.o
    0x08006118   0x08006118   0x0000004c   Code   RO         4251    i.mpu_get_accel_fsr  inv_mpu.o
    0x08006164   0x08006164   0x00000054   Code   RO         4253    i.mpu_get_accel_sens  inv_mpu.o
    0x080061b8   0x080061b8   0x00000010   Code   RO         4258    i.mpu_get_fifo_config  inv_mpu.o
    0x080061c8   0x080061c8   0x00000044   Code   RO         4259    i.mpu_get_gyro_fsr  inv_mpu.o
    0x0800620c   0x0800620c   0x00000050   Code   RO         4261    i.mpu_get_gyro_sens  inv_mpu.o
    0x0800625c   0x0800625c   0x00000050   Code   RO         4263    i.mpu_get_lpf       inv_mpu.o
    0x080062ac   0x080062ac   0x00000020   Code   RO         4265    i.mpu_get_sample_rate  inv_mpu.o
    0x080062cc   0x080062cc   0x000001f0   Code   RO         4267    i.mpu_init          inv_mpu.o
    0x080064bc   0x080064bc   0x000000b8   Code   RO         4268    i.mpu_load_firmware  inv_mpu.o
    0x08006574   0x08006574   0x000000e0   Code   RO         4269    i.mpu_lp_accel_mode  inv_mpu.o
    0x08006654   0x08006654   0x000000c0   Code   RO         4272    i.mpu_read_fifo_stream  inv_mpu.o
    0x08006714   0x08006714   0x00000080   Code   RO         4273    i.mpu_read_mem      inv_mpu.o
    0x08006794   0x08006794   0x000001bc   Code   RO         4276    i.mpu_reset_fifo    inv_mpu.o
    0x08006950   0x08006950   0x0000011c   Code   RO         4277    i.mpu_run_self_test  inv_mpu.o
    0x08006a6c   0x08006a6c   0x00000084   Code   RO         4279    i.mpu_set_accel_fsr  inv_mpu.o
    0x08006af0   0x08006af0   0x0000014c   Code   RO         4280    i.mpu_set_bypass    inv_mpu.o
    0x08006c3c   0x08006c3c   0x00000090   Code   RO         4282    i.mpu_set_dmp_state  inv_mpu.o
    0x08006ccc   0x08006ccc   0x00000088   Code   RO         4283    i.mpu_set_gyro_fsr  inv_mpu.o
    0x08006d54   0x08006d54   0x0000006c   Code   RO         4284    i.mpu_set_int_latched  inv_mpu.o
    0x08006dc0   0x08006dc0   0x00000084   Code   RO         4286    i.mpu_set_lpf       inv_mpu.o
    0x08006e44   0x08006e44   0x0000009c   Code   RO         4287    i.mpu_set_sample_rate  inv_mpu.o
    0x08006ee0   0x08006ee0   0x000000d0   Code   RO         4288    i.mpu_set_sensors   inv_mpu.o
    0x08006fb0   0x08006fb0   0x00000080   Code   RO         4289    i.mpu_write_mem     inv_mpu.o
    0x08007030   0x08007030   0x000000a4   Code   RO         3518    i.mul               kf.o
    0x080070d4   0x080070d4   0x0000000e   Code   RO         3699    i.myabs             motor.o
    0x080070e2   0x080070e2   0x00000002   Code   RO         4290    i.myget_ms          inv_mpu.o
    0x080070e4   0x080070e4   0x00000090   Code   RO         4150    i.run_self_test     mpu6050.o
    0x08007174   0x08007174   0x00000090   Code   RO         4291    i.set_int_enable    inv_mpu.o
    0x08007204   0x08007204   0x0000004c   Code   RO         5307    i.sqrt              m_ws.l(sqrt.o)
    0x08007250   0x08007250   0x00000014   Code   RO         3773    i.ssd1306_I2C_Write  bsp_oled.o
    0x08007264   0x08007264   0x0000001c   Code   RO         3774    i.ssd1306_I2C_WriteMulti  bsp_oled.o
    0x08007280   0x08007280   0x000000b8   Data   RO         3520    .constdata          kf.o
    0x08007338   0x08007338   0x00002814   Data   RO         4008    .constdata          oled_fonts.o
    0x08009b4c   0x08009b4c   0x00000050   Data   RO         4292    .constdata          inv_mpu.o
    0x08009b9c   0x08009b9c   0x00000bf6   Data   RO         4564    .constdata          inv_mpu_dmp_motion_driver.o
    0x0800a792   0x0800a792   0x00000006   PAD
    0x0800a798   0x0800a798   0x00000050   Data   RO         4951    .constdata          m_ws.l(asin.o)
    0x0800a7e8   0x0800a7e8   0x00000098   Data   RO         5279    .constdata          m_ws.l(atan.o)
    0x0800a880   0x0800a880   0x00000008   Data   RO         5305    .constdata          m_ws.l(qnan.o)
    0x0800a888   0x0800a888   0x0000004e   Data   RO         4293    .conststring        inv_mpu.o
    0x0800a8d6   0x0800a8d6   0x00000002   PAD
    0x0800a8d8   0x0800a8d8   0x00000020   Data   RO         5361    Region$$Table       anon$$obj.o


    Execution Region RW_IRAM1 (Exec base: 0x20000000, Load base: 0x0800a8f8, Size: 0x00000898, Max: 0x00005000, ABSOLUTE, COMPRESSED[0x00000074])

    Exec Addr    Load Addr    Size         Type   Attr      Idx    E Section Name        Object

    0x20000000   COMPRESSED   0x00000014   Data   RW           28    .data               system_stm32f10x.o
    0x20000014   COMPRESSED   0x00000014   Data   RW         1805    .data               stm32f10x_rcc.o
    0x20000028   COMPRESSED   0x00000004   Data   RW         3214    .data               delay.o
    0x2000002c   COMPRESSED   0x00000003   Data   RW         3246    .data               sbus.o
    0x2000002f   COMPRESSED   0x00000003   Data   RW         3292    .data               usblinker.o
    0x20000032   COMPRESSED   0x00000002   PAD
    0x20000034   COMPRESSED   0x00000004   Data   RW         3441    .data               app_control.o
    0x20000038   COMPRESSED   0x00000034   Data   RW         3474    .data               pid_control.o
    0x2000006c   COMPRESSED   0x00000050   Data   RW         3521    .data               kf.o
    0x200000bc   COMPRESSED   0x0000007c   Data   RW         3551    .data               filter.o
    0x20000138   COMPRESSED   0x00000001   Data   RW         3641    .data               command.o
    0x20000139   COMPRESSED   0x00000003   PAD
    0x2000013c   COMPRESSED   0x00000009   Data   RW         3700    .data               motor.o
    0x20000145   COMPRESSED   0x00000001   PAD
    0x20000146   COMPRESSED   0x00000006   Data   RW         3776    .data               bsp_oled.o
    0x2000014c   COMPRESSED   0x00000018   Data   RW         4009    .data               oled_fonts.o
    0x20000164   COMPRESSED   0x0000003c   Data   RW         4152    .data               mpu6050.o
    0x200001a0   COMPRESSED   0x0000002c   Data   RW         4294    .data               inv_mpu.o
    0x200001cc   COMPRESSED   0x00000034   Data   RW         4840    .data               main.o
    0x20000200   COMPRESSED   0x00000004   Data   RW         4979    .data               mc_w.l(strtok.o)
    0x20000204   COMPRESSED   0x00000004   Data   RW         5328    .data               mc_w.l(stdout.o)
    0x20000208   COMPRESSED   0x00000004   Data   RW         5340    .data               mc_w.l(errno.o)
    0x2000020c        -       0x00000017   Zero   RW         3245    .bss                sbus.o
    0x20000223        -       0x00000032   Zero   RW         3291    .bss                usblinker.o
    0x20000255   COMPRESSED   0x00000003   PAD
    0x20000258        -       0x00000020   Zero   RW         3519    .bss                kf.o
    0x20000278        -       0x00000200   Zero   RW         3775    .bss                bsp_oled.o
    0x20000478        -       0x00000010   Zero   RW         4563    .bss                inv_mpu_dmp_motion_driver.o
    0x20000488        -       0x0000000e   Zero   RW         4839    .bss                main.o
    0x20000496   COMPRESSED   0x00000002   PAD
    0x20000498        -       0x00000400   Zero   RW            1    STACK               startup_stm32f10x_md.o


==============================================================================

Image component sizes


      Code (inc. data)   RO Data    RW Data    ZI Data      Debug   Object Name

       170          0          0          0          0        963   allconfig.o
       988         68          0          4          0       1474   app_control.o
       978         38          0          6        512       9264   bsp_oled.o
       606         72          0          0          0       4846   bsp_oled_i2c.o
       136          8          0          1          0        929   command.o
         0          0          0          0          0       4540   core_cm3.o
       196         24          0          4          0       1599   delay.o
       416         38          0          0          0       2607   encoder.o
       192         28          0        124          0       3147   filter.o
        80          6          0          0          0        540   intsever.o
      5878        280        158         44          0      25810   inv_mpu.o
      3096        122       3062          0         16      19726   inv_mpu_dmp_motion_driver.o
      1254         92          0          0          0      10079   ioi2c.o
       112         16          0          0          0        910   key1.o
      1556         70        184         80         32       3820   kf.o
       332         68          0         52         14       2168   main.o
       172         22          0          0          0     207265   misc.o
       518         38          0          9          0       4139   motor.o
      1676        396          0         60          0      23463   mpu6050.o
         0          0      10260         24          0       1127   oled_fonts.o
       676        136          0         52          0       2834   pid_control.o
       148         22          0          3         23       1181   sbus.o
       256         28          0          0          0       3606   spi.o
        36          8        236          0       1024        796   startup_stm32f10x_md.o
         0          0          0          0          0       1636   stm32f10x_adc.o
       148          6          0          0          0       2976   stm32f10x_exti.o
       370          4          0          0          0      11798   stm32f10x_gpio.o
        26          0          0          0          0       3558   stm32f10x_it.o
       340         44          0         20          0      13888   stm32f10x_rcc.o
      2384        264          0          0          0      37016   stm32f10x_tim.o
       472          6          0          0          0      12271   stm32f10x_usart.o
       328         28          0         20          0      45317   system_stm32f10x.o
       368         68          0          3         50       7123   usblinker.o
       124         22          0          0          0       1911   w25q64.o

    ----------------------------------------------------------------------
     24064       2022      13940        512       1676     474327   Object Totals
         0          0         32          0          0          0   (incl. Generated)
        32          0          8          6          5          0   (incl. Padding)

    ----------------------------------------------------------------------

      Code (inc. data)   RO Data    RW Data    ZI Data      Debug   Library Member Name

       624         52         80          0          0        168   asin.o
       544         70        152          0          0        124   atan.o
       384         38          0          0          0        144   atan2.o
        38          6          0          0          0        272   dunder.o
        40          0          0          0          0         68   fpclassify.o
       170          0          0          0          0         96   poly.o
         0          0          8          0          0          0   qnan.o
        76          0          0          0          0         84   sqrt.o
        86          0          0          0          0          0   __dczerorl2.o
         0          0          0          0          0          0   entry.o
         0          0          0          0          0          0   entry10a.o
         0          0          0          0          0          0   entry11a.o
         8          4          0          0          0          0   entry2.o
         4          0          0          0          0          0   entry5.o
         0          0          0          0          0          0   entry7b.o
         0          0          0          0          0          0   entry8b.o
         8          4          0          0          0          0   entry9a.o
        12          6          0          4          0         68   errno.o
        30          0          0          0          0          0   handlers.o
        36          8          0          0          0         68   init.o
         0          0          0          0          0          0   iusefp.o
        98          0          0          0          0         84   ldiv.o
        30          0          0          0          0         68   llshl.o
        36          0          0          0          0         68   llsshr.o
        32          0          0          0          0         68   llushr.o
        26          0          0          0          0         80   memcmp.o
        36          0          0          0          0        108   memseta.o
       472         14          0          0          0        184   printf3.o
         0          0          0          4          0          0   stdout.o
        18          0          0          0          0         68   strcpy.o
        68          6          0          4          0         80   strtok.o
        44          0          0          0          0         80   uidiv.o
        98          0          0          0          0         92   uldiv.o
        48          0          0          0          0         68   cdcmple.o
        20          0          0          0          0         68   cfcmple.o
        20          0          0          0          0         68   cfrcmple.o
        56          0          0          0          0         88   d2f.o
       334          0          0          0          0        148   dadd.o
       222          0          0          0          0        100   ddiv.o
       186          0          0          0          0        176   depilogue.o
       228          0          0          0          0         96   dmul.o
        46          0          0          0          0         80   dscalb.o
       162          0          0          0          0        100   dsqrt.o
        38          0          0          0          0         68   f2d.o
       176          0          0          0          0        140   fadd.o
       124          0          0          0          0         88   fdiv.o
       110          0          0          0          0        168   fepilogue.o
        50          0          0          0          0         68   ffixi.o
        40          0          0          0          0         68   ffixui.o
        18          0          0          0          0         68   fflti.o
        10          0          0          0          0         68   ffltui.o
       100          0          0          0          0         76   fmul.o

    ----------------------------------------------------------------------
      5012        208        240         12          0       3876   Library Totals
         6          0          0          0          0          0   (incl. Padding)

    ----------------------------------------------------------------------

      Code (inc. data)   RO Data    RW Data    ZI Data      Debug   Library Name

      1876        166        240          0          0        956   m_ws.l
      1142         42          0         12          0       1116   mc_w.l
      1988          0          0          0          0       1804   mf_w.l

    ----------------------------------------------------------------------
      5012        208        240         12          0       3876   Library Totals

    ----------------------------------------------------------------------

==============================================================================


      Code (inc. data)   RO Data    RW Data    ZI Data      Debug   

     29076       2230      14180        524       1676     465747   Grand Totals
     29076       2230      14180        116       1676     465747   ELF Image Totals (compressed)
     29076       2230      14180        116          0          0   ROM Totals

==============================================================================

    Total RO  Size (Code + RO Data)                43256 (  42.24kB)
    Total RW  Size (RW Data + ZI Data)              2200 (   2.15kB)
    Total ROM Size (Code + RO Data + RW Data)      43372 (  42.36kB)

==============================================================================

