Component: ARM Compiler 5.06 update 5 (build 528) Tool: armlink [4d35e2]

==============================================================================

Section Cross References

    stm32f4xx_it.o(.text) refers to stm32f4xx_exti.o(.text) for EXTI_GetITStatus
    stm32f4xx_it.o(.text) refers to drv_rcin.o(.text) for PPM_IRQH
    stm32f4xx_it.o(.text) refers to drv_gps.o(.text) for Uart1_GPS_IRQ
    stm32f4xx_it.o(.text) refers to drv_usart.o(.text) for Usart2_IRQ
    ano_usb.o(.text) refers to usbd_core.o(.text) for usbd_init
    ano_usb.o(.text) refers to usbd_hid.o(.text) for usbd_hid_get_report_trigger
    ano_usb.o(.text) refers to ano_dt.o(.text) for AnoDTRxOneByteUsb
    ano_usb.o(.text) refers to ano_usb.o(.data) for hid_datatemp_end
    ano_usb.o(.text) refers to ano_usb.o(.bss) for hid_datatemp
    usb_config.o(.text) refers to usbd_hid.o(.text) for USBD_HID_Configure_Event
    usb_config.o(.constdata) refers to usb_config.o(.text) for USBD_SOF_Event
    usb_config.o(.constdata) refers to usbd_core.o(.text) for USBD_EndPoint0
    usb_config.o(.constdata) refers to usbd_hid.o(.text) for USBD_HID_EP_INT_Event
    main.o(.text) refers to bsp_init.o(.text) for All_Init
    main.o(.text) refers to ano_scheduler.o(.text) for Scheduler_Setup
    main.o(.text) refers to ano_fcdata.o(.bss) for flag
    ano_scheduler.o(.text) refers to drv_time.o(.text) for GetSysTime_us
    ano_scheduler.o(.text) refers to ano_flightdatacal.o(.text) for Fc_Sensor_Get
    ano_scheduler.o(.text) refers to ano_sensor_basic.o(.text) for Sensor_Data_Prepare
    ano_scheduler.o(.text) refers to drv_gps.o(.text) for WCXY_Acc_Get_Task
    ano_scheduler.o(.text) refers to ano_flightctrl.o(.text) for Flight_State_Task
    ano_scheduler.o(.text) refers to ano_of_decofusion.o(.text) for ANO_OF_Data_Prepare_Task
    ano_scheduler.o(.text) refers to ano_dt.o(.text) for ANO_DT_Task1Ms
    ano_scheduler.o(.text) refers to ano_attctrl.o(.text) for Att_1level_Ctrl
    ano_scheduler.o(.text) refers to ano_motorctrl.o(.text) for Motor_Ctrl_Task
    ano_scheduler.o(.text) refers to ano_uwb.o(.text) for Ano_UWB_Get_Data_Task
    ano_scheduler.o(.text) refers to ano_imu.o(.text) for calculate_RPY
    ano_scheduler.o(.text) refers to drv_bsp.o(.text) for DrvRcInputTask
    ano_scheduler.o(.text) refers to ano_rc.o(.text) for RC_duty_task
    ano_scheduler.o(.text) refers to ano_altctrl.o(.text) for Alt_1level_Ctrl
    ano_scheduler.o(.text) refers to ano_of.o(.text) for AnoOF_Check_State
    ano_scheduler.o(.text) refers to drv_led.o(.text) for LED_Task2
    ano_scheduler.o(.text) refers to ano_imu_task.o(.text) for ImuServices_20ms_c
    ano_scheduler.o(.text) refers to ano_flyctrl.o(.text) for FlyCtrl_Task
    ano_scheduler.o(.text) refers to ano_locctrl.o(.text) for Loc_1level_Ctrl
    ano_scheduler.o(.text) refers to drv_openmv.o(.text) for OpenMV_Offline_Check
    ano_scheduler.o(.text) refers to ano_opmv_cbtracking_ctrl.o(.text) for ANO_CBTracking_Task
    ano_scheduler.o(.text) refers to ano_opmv_linetracking_ctrl.o(.text) for ANO_LTracking_Task
    ano_scheduler.o(.text) refers to ano_opmv_ctrl.o(.text) for ANO_OPMV_Ctrl_Task
    ano_scheduler.o(.text) refers to ano_power.o(.text) for Power_UpdateTask
    ano_scheduler.o(.text) refers to drv_heating.o(.text) for Thermostatic_Ctrl_Task
    ano_scheduler.o(.text) refers to ano_parameter.o(.text) for Ano_Parame_Write_task
    ano_scheduler.o(.text) refers to ano_scheduler.o(.bss) for test_dT_1000hz
    ano_scheduler.o(.text) refers to ano_rc.o(.bss) for CH_N
    ano_scheduler.o(.text) refers to ano_scheduler.o(.data) for sched_tasks
    ano_scheduler.o(.data) refers to ano_scheduler.o(.text) for Loop_1000Hz
    bsp_init.o(.text) refers to drv_ak09915.o(.text) for DrvAK09915Check
    bsp_init.o(.text) refers to drv_ak8975.o(.text) for DrvAK8975Check
    bsp_init.o(.text) refers to misc.o(.text) for NVIC_PriorityGroupConfig
    bsp_init.o(.text) refers to drv_time.o(.text) for SysTick_Configuration
    bsp_init.o(.text) refers to drv_led.o(.text) for Drv_LED_Init
    bsp_init.o(.text) refers to drv_w25qxx.o(.text) for Flash_Init
    bsp_init.o(.text) refers to ano_fcdata.o(.text) for Para_Data_Init
    bsp_init.o(.text) refers to drv_bsp.o(.text) for DrvRcInputInit
    bsp_init.o(.text) refers to drv_pwm_out.o(.text) for PWM_Out_Init
    bsp_init.o(.text) refers to drv_spi.o(.text) for Drv_SPI2_init
    bsp_init.o(.text) refers to drv_spl06.o(.text) for Drv_SPL06CSPin_Init
    bsp_init.o(.text) refers to drv_bmi088.o(.text) for DrvGpioSenser088CsPinInit
    bsp_init.o(.text) refers to ano_usb.o(.text) for Usb_Hid_Init
    bsp_init.o(.text) refers to drv_usart.o(.text) for Usart2_Init
    bsp_init.o(.text) refers to drv_adc.o(.text) for Drv_AdcInit
    bsp_init.o(.text) refers to ano_flightctrl.o(.text) for All_PID_Init
    bsp_init.o(.text) refers to drv_gps.o(.text) for Drv_GpsPin_Init
    bsp_init.o(.text) refers to drv_heating.o(.text) for Drv_HeatingInit
[...]
    ADC_DiscModeCmd                          0x0800ff29   Thumb Code    80  stm32f4xx_adc.o(.text)
    ADC_GetConversionValue                   0x0800ff79   Thumb Code    42  stm32f4xx_adc.o(.text)
    ADC_GetMultiModeConversionValue          0x0800ffa3   Thumb Code     6  stm32f4xx_adc.o(.text)
    ADC_DMACmd                               0x0800ffa9   Thumb Code    80  stm32f4xx_adc.o(.text)
    ADC_DMARequestAfterLastTransferCmd       0x0800fff9   Thumb Code    80  stm32f4xx_adc.o(.text)
    ADC_MultiModeDMARequestAfterLastTransferCmd 0x08010049   Thumb Code    62  stm32f4xx_adc.o(.text)
    ADC_InjectedChannelConfig                0x08010087   Thumb Code   340  stm32f4xx_adc.o(.text)
    ADC_InjectedSequencerLengthConfig        0x080101db   Thumb Code    84  stm32f4xx_adc.o(.text)
    ADC_SetInjectedOffset                    0x0801022f   Thumb Code   108  stm32f4xx_adc.o(.text)
    ADC_ExternalTrigInjectedConvConfig       0x0801029b   Thumb Code   174  stm32f4xx_adc.o(.text)
    ADC_ExternalTrigInjectedConvEdgeConfig   0x08010349   Thumb Code    86  stm32f4xx_adc.o(.text)
    ADC_SoftwareStartInjectedConv            0x0801039f   Thumb Code    46  stm32f4xx_adc.o(.text)
    ADC_GetSoftwareStartInjectedConvCmdStatus 0x080103cd   Thumb Code    56  stm32f4xx_adc.o(.text)
    ADC_AutoInjectedConvCmd                  0x08010405   Thumb Code    80  stm32f4xx_adc.o(.text)
    ADC_InjectedDiscModeCmd                  0x08010455   Thumb Code    80  stm32f4xx_adc.o(.text)
    ADC_GetInjectedConversionValue           0x080104a5   Thumb Code    92  stm32f4xx_adc.o(.text)
    ADC_ITConfig                             0x08010501   Thumb Code   136  stm32f4xx_adc.o(.text)
    ADC_GetFlagStatus                        0x08010589   Thumb Code    94  stm32f4xx_adc.o(.text)
    ADC_ClearFlag                            0x080105e7   Thumb Code    66  stm32f4xx_adc.o(.text)
    ADC_GetITStatus                          0x08010629   Thumb Code   126  stm32f4xx_adc.o(.text)
    ADC_ClearITPendingBit                    0x080106a7   Thumb Code    92  stm32f4xx_adc.o(.text)
    DMA_DeInit                               0x08010711   Thumb Code   462  stm32f4xx_dma.o(.text)
    DMA_Init                                 0x080108df   Thumb Code   744  stm32f4xx_dma.o(.text)
    DMA_StructInit                           0x08010bc7   Thumb Code    34  stm32f4xx_dma.o(.text)
    DMA_Cmd                                  0x08010be9   Thumb Code   186  stm32f4xx_dma.o(.text)
    DMA_PeriphIncOffsetSizeConfig            0x08010ca3   Thumb Code   188  stm32f4xx_dma.o(.text)
    DMA_FlowControllerConfig                 0x08010d5f   Thumb Code   186  stm32f4xx_dma.o(.text)
    DMA_SetCurrDataCounter                   0x08010e19   Thumb Code   148  stm32f4xx_dma.o(.text)
    DMA_GetCurrDataCounter                   0x08010ead   Thumb Code   148  stm32f4xx_dma.o(.text)
    DMA_DoubleBufferModeConfig               0x08010f41   Thumb Code   204  stm32f4xx_dma.o(.text)
    DMA_DoubleBufferModeCmd                  0x0801100d   Thumb Code   186  stm32f4xx_dma.o(.text)
    DMA_MemoryTargetConfig                   0x080110c7   Thumb Code   178  stm32f4xx_dma.o(.text)
    DMA_GetCurrentMemoryTarget               0x08011179   Thumb Code   162  stm32f4xx_dma.o(.text)
    DMA_GetCmdStatus                         0x0801121b   Thumb Code   162  stm32f4xx_dma.o(.text)
    DMA_GetFIFOStatus                        0x080112bd   Thumb Code   154  stm32f4xx_dma.o(.text)
    DMA_GetFlagStatus                        0x08011357   Thumb Code   486  stm32f4xx_dma.o(.text)
    DMA_ClearFlag                            0x0801153d   Thumb Code   220  stm32f4xx_dma.o(.text)
    DMA_ITConfig                             0x08011619   Thumb Code   244  stm32f4xx_dma.o(.text)
    DMA_GetITStatus                          0x0801170d   Thumb Code   590  stm32f4xx_dma.o(.text)
    DMA_ClearITPendingBit                    0x0801195b   Thumb Code   222  stm32f4xx_dma.o(.text)
    EXTI_DeInit                              0x08011add   Thumb Code    28  stm32f4xx_exti.o(.text)
    EXTI_Init                                0x08011af9   Thumb Code   236  stm32f4xx_exti.o(.text)
    EXTI_StructInit                          0x08011be5   Thumb Code    16  stm32f4xx_exti.o(.text)
    EXTI_GenerateSWInterrupt                 0x08011bf5   Thumb Code    38  stm32f4xx_exti.o(.text)
    EXTI_GetFlagStatus                       0x08011c1b   Thumb Code   158  stm32f4xx_exti.o(.text)
    EXTI_ClearFlag                           0x08011cb9   Thumb Code    30  stm32f4xx_exti.o(.text)
    EXTI_GetITStatus                         0x08011cd7   Thumb Code   172  stm32f4xx_exti.o(.text)
    EXTI_ClearITPendingBit                   0x08011d83   Thumb Code    32  stm32f4xx_exti.o(.text)
    GPIO_DeInit                              0x08011de9   Thumb Code   284  stm32f4xx_gpio.o(.text)
    GPIO_Init                                0x08011f05   Thumb Code   342  stm32f4xx_gpio.o(.text)
    GPIO_StructInit                          0x0801205b   Thumb Code    18  stm32f4xx_gpio.o(.text)
    GPIO_PinLockConfig                       0x0801206d   Thumb Code   122  stm32f4xx_gpio.o(.text)
    GPIO_ReadInputDataBit                    0x080120e7   Thumb Code   182  stm32f4xx_gpio.o(.text)
    GPIO_ReadInputData                       0x0801219d   Thumb Code   174  stm32f4xx_gpio.o(.text)
    GPIO_ReadOutputDataBit                   0x0801224b   Thumb Code   186  stm32f4xx_gpio.o(.text)
    GPIO_ReadOutputData                      0x08012305   Thumb Code    78  stm32f4xx_gpio.o(.text)
    GPIO_SetBits                             0x08012353   Thumb Code    98  stm32f4xx_gpio.o(.text)
    GPIO_ResetBits                           0x080123b5   Thumb Code    98  stm32f4xx_gpio.o(.text)
    GPIO_WriteBit                            0x08012417   Thumb Code   200  stm32f4xx_gpio.o(.text)
    GPIO_Write                               0x080124df   Thumb Code    78  stm32f4xx_gpio.o(.text)
    GPIO_ToggleBits                          0x0801252d   Thumb Code    82  stm32f4xx_gpio.o(.text)
    GPIO_PinAFConfig                         0x0801257f   Thumb Code   384  stm32f4xx_gpio.o(.text)
    RCC_DeInit                               0x08012701   Thumb Code    60  stm32f4xx_rcc.o(.text)
    RCC_HSEConfig                            0x0801273d   Thumb Code    38  stm32f4xx_rcc.o(.text)
    RCC_GetFlagStatus                        0x08012763   Thumb Code   130  stm32f4xx_rcc.o(.text)
    RCC_WaitForHSEStartUp                    0x080127e5   Thumb Code    56  stm32f4xx_rcc.o(.text)
    RCC_AdjustHSICalibrationValue            0x0801281d   Thumb Code    38  stm32f4xx_rcc.o(.text)
    RCC_HSICmd                               0x08012843   Thumb Code    28  stm32f4xx_rcc.o(.text)
    RCC_LSEConfig                            0x0801285f   Thumb Code    72  stm32f4xx_rcc.o(.text)
    RCC_LSICmd                               0x080128a7   Thumb Code    28  stm32f4xx_rcc.o(.text)
    RCC_PLLConfig                            0x080128c3   Thumb Code   156  stm32f4xx_rcc.o(.text)
    RCC_PLLCmd                               0x0801295f   Thumb Code    28  stm32f4xx_rcc.o(.text)
    RCC_PLLI2SConfig                         0x0801297b   Thumb Code    62  stm32f4xx_rcc.o(.text)
    RCC_PLLI2SCmd                            0x080129b9   Thumb Code    28  stm32f4xx_rcc.o(.text)
    RCC_ClockSecuritySystemCmd               0x080129d5   Thumb Code    28  stm32f4xx_rcc.o(.text)
    RCC_MCO1Config                           0x080129f1   Thumb Code   102  stm32f4xx_rcc.o(.text)
    RCC_MCO2Config                           0x08012a57   Thumb Code   102  stm32f4xx_rcc.o(.text)
    RCC_SYSCLKConfig                         0x08012abd   Thumb Code   124  stm32f4xx_rcc.o(.text)
    RCC_GetSYSCLKSource                      0x08012b39   Thumb Code    10  stm32f4xx_rcc.o(.text)
    RCC_HCLKConfig                           0x08012b43   Thumb Code    68  stm32f4xx_rcc.o(.text)
    RCC_PCLK1Config                          0x08012b87   Thumb Code    60  stm32f4xx_rcc.o(.text)
    RCC_PCLK2Config                          0x08012bc3   Thumb Code    62  stm32f4xx_rcc.o(.text)
    RCC_GetClocksFreq                        0x08012c01   Thumb Code   214  stm32f4xx_rcc.o(.text)
    RCC_RTCCLKConfig                         0x08012cd7   Thumb Code   262  stm32f4xx_rcc.o(.text)
    RCC_RTCCLKCmd                            0x08012ddd   Thumb Code    30  stm32f4xx_rcc.o(.text)
    RCC_BackupResetCmd                       0x08012dfb   Thumb Code    32  stm32f4xx_rcc.o(.text)
    RCC_I2SCLKConfig                         0x08012e1b   Thumb Code    30  stm32f4xx_rcc.o(.text)
    RCC_AHB1PeriphClockCmd                   0x08012e39   Thumb Code    82  stm32f4xx_rcc.o(.text)
    RCC_AHB2PeriphClockCmd                   0x08012e8b   Thumb Code    82  stm32f4xx_rcc.o(.text)
    RCC_AHB3PeriphClockCmd                   0x08012edd   Thumb Code   232  stm32f4xx_rcc.o(.text)
    RCC_APB1PeriphClockCmd                   0x08012fc5   Thumb Code    82  stm32f4xx_rcc.o(.text)
    RCC_APB2PeriphClockCmd                   0x08013017   Thumb Code    82  stm32f4xx_rcc.o(.text)
    RCC_AHB1PeriphResetCmd                   0x08013069   Thumb Code    82  stm32f4xx_rcc.o(.text)
    RCC_AHB2PeriphResetCmd                   0x080130bb   Thumb Code    82  stm32f4xx_rcc.o(.text)
    RCC_AHB3PeriphResetCmd                   0x0801310d   Thumb Code    82  stm32f4xx_rcc.o(.text)
    RCC_APB1PeriphResetCmd                   0x0801315f   Thumb Code    82  stm32f4xx_rcc.o(.text)
    RCC_APB2PeriphResetCmd                   0x080131b1   Thumb Code    82  stm32f4xx_rcc.o(.text)
    RCC_AHB1PeriphClockLPModeCmd             0x08013203   Thumb Code    82  stm32f4xx_rcc.o(.text)
    RCC_AHB2PeriphClockLPModeCmd             0x08013255   Thumb Code    82  stm32f4xx_rcc.o(.text)
    RCC_AHB3PeriphClockLPModeCmd             0x080132a7   Thumb Code    82  stm32f4xx_rcc.o(.text)
    RCC_APB1PeriphClockLPModeCmd             0x080132f9   Thumb Code    82  stm32f4xx_rcc.o(.text)
    RCC_APB2PeriphClockLPModeCmd             0x0801334b   Thumb Code   106  stm32f4xx_rcc.o(.text)
    RCC_ITConfig                             0x080133b5   Thumb Code    74  stm32f4xx_rcc.o(.text)
    RCC_ClearFlag                            0x080133ff   Thumb Code    18  stm32f4xx_rcc.o(.text)
    RCC_GetITStatus                          0x08013411   Thumb Code    68  stm32f4xx_rcc.o(.text)
    RCC_ClearITPendingBit                    0x08013455   Thumb Code    34  stm32f4xx_rcc.o(.text)
    SPI_I2S_DeInit                           0x0801347d   Thumb Code   104  stm32f4xx_spi.o(.text)
    SPI_Init                                 0x080134e5   Thumb Code   348  stm32f4xx_spi.o(.text)
    I2S_Init                                 0x08013641   Thumb Code   508  stm32f4xx_spi.o(.text)
    SPI_StructInit                           0x0801383d   Thumb Code    24  stm32f4xx_spi.o(.text)
    I2S_StructInit                           0x08013855   Thumb Code   104  stm32f4xx_spi.o(.text)
    SPI_Cmd                                  0x080138bd   Thumb Code    82  stm32f4xx_spi.o(.text)
    I2S_Cmd                                  0x0801390f   Thumb Code    88  stm32f4xx_spi.o(.text)
    SPI_DataSizeConfig                       0x08013967   Thumb Code    78  stm32f4xx_spi.o(.text)
    SPI_BiDirectionalLineConfig              0x080139b5   Thumb Code    94  stm32f4xx_spi.o(.text)
    SPI_NSSInternalSoftwareConfig            0x08013a13   Thumb Code    96  stm32f4xx_spi.o(.text)
    SPI_SSOutputCmd                          0x08013a73   Thumb Code    82  stm32f4xx_spi.o(.text)
    SPI_TIModeCmd                            0x08013ac5   Thumb Code    82  stm32f4xx_spi.o(.text)
    I2S_FullDuplexConfig                     0x08013b17   Thumb Code   258  stm32f4xx_spi.o(.text)
    SPI_I2S_ReceiveData                      0x08013c19   Thumb Code    52  stm32f4xx_spi.o(.text)
    SPI_I2S_SendData                         0x08013c4d   Thumb Code    54  stm32f4xx_spi.o(.text)
    SPI_CalculateCRC                         0x08013c83   Thumb Code    98  stm32f4xx_spi.o(.text)
    SPI_TransmitCRC                          0x08013ce5   Thumb Code    46  stm32f4xx_spi.o(.text)
    SPI_GetCRC                               0x08013d13   Thumb Code    74  stm32f4xx_spi.o(.text)
    SPI_GetCRCPolynomial                     0x08013d5d   Thumb Code    40  stm32f4xx_spi.o(.text)
    SPI_I2S_DMACmd                           0x08013d85   Thumb Code   114  stm32f4xx_spi.o(.text)
    SPI_I2S_ITConfig                         0x08013df7   Thumb Code   138  stm32f4xx_spi.o(.text)
    SPI_I2S_GetFlagStatus                    0x08013e81   Thumb Code   120  stm32f4xx_spi.o(.text)
    SPI_I2S_ClearFlag                        0x08013ef9   Thumb Code    74  stm32f4xx_spi.o(.text)
    SPI_I2S_GetITStatus                      0x08013f43   Thumb Code   154  stm32f4xx_spi.o(.text)
    SPI_I2S_ClearITPendingBit                0x08013fdd   Thumb Code    86  stm32f4xx_spi.o(.text)
    TIM_DeInit                               0x08014045   Thumb Code   440  stm32f4xx_tim.o(.text)
    TIM_TimeBaseInit                         0x080141fd   Thumb Code   278  stm32f4xx_tim.o(.text)
    TIM_TimeBaseStructInit                   0x08014313   Thumb Code    18  stm32f4xx_tim.o(.text)
    TIM_PrescalerConfig                      0x08014325   Thumb Code   128  stm32f4xx_tim.o(.text)
    TIM_CounterModeConfig                    0x080143a5   Thumb Code   100  stm32f4xx_tim.o(.text)
    TIM_SetCounter                           0x08014409   Thumb Code   222  stm32f4xx_tim.o(.text)
    TIM_SetAutoreload                        0x080144e7   Thumb Code   108  stm32f4xx_tim.o(.text)
    TIM_GetCounter                           0x08014553   Thumb Code   106  stm32f4xx_tim.o(.text)
    TIM_GetPrescaler                         0x080145bd   Thumb Code   106  stm32f4xx_tim.o(.text)
    TIM_UpdateDisableConfig                  0x08014627   Thumb Code   148  stm32f4xx_tim.o(.text)
    TIM_UpdateRequestConfig                  0x080146bb   Thumb Code   148  stm32f4xx_tim.o(.text)
    TIM_ARRPreloadConfig                     0x0801474f   Thumb Code   148  stm32f4xx_tim.o(.text)
    TIM_SelectOnePulseMode                   0x080147e3   Thumb Code   142  stm32f4xx_tim.o(.text)
    TIM_SetClockDivision                     0x08014871   Thumb Code   192  stm32f4xx_tim.o(.text)
    TIM_Cmd                                  0x08014931   Thumb Code   148  stm32f4xx_tim.o(.text)
    TIM_OC1Init                              0x080149c5   Thumb Code   416  stm32f4xx_tim.o(.text)
    TIM_OC2Init                              0x08014b65   Thumb Code   486  stm32f4xx_tim.o(.text)
    TIM_OC3Init                              0x08014d4b   Thumb Code   416  stm32f4xx_tim.o(.text)
    TIM_OC4Init                              0x08014eeb   Thumb Code   300  stm32f4xx_tim.o(.text)
    TIM_OCStructInit                         0x08015017   Thumb Code    20  stm32f4xx_tim.o(.text)
    TIM_SelectOCxM                           0x0801502b   Thumb Code   256  stm32f4xx_tim.o(.text)
    TIM_SetCompare1                          0x0801512b   Thumb Code   142  stm32f4xx_tim.o(.text)
    TIM_SetCompare2                          0x080151b9   Thumb Code    72  stm32f4xx_tim.o(.text)
    TIM_SetCompare3                          0x08015201   Thumb Code    60  stm32f4xx_tim.o(.text)
    TIM_SetCompare4                          0x0801523d   Thumb Code    60  stm32f4xx_tim.o(.text)
    TIM_ForcedOC1Config                      0x08015279   Thumb Code   130  stm32f4xx_tim.o(.text)
    TIM_ForcedOC2Config                      0x080152fb   Thumb Code   114  stm32f4xx_tim.o(.text)
    TIM_ForcedOC3Config                      0x0801536d   Thumb Code    94  stm32f4xx_tim.o(.text)
    TIM_ForcedOC4Config                      0x080153cb   Thumb Code   102  stm32f4xx_tim.o(.text)
    TIM_OC1PreloadConfig                     0x08015431   Thumb Code   124  stm32f4xx_tim.o(.text)
    TIM_OC2PreloadConfig                     0x080154ad   Thumb Code   108  stm32f4xx_tim.o(.text)
    TIM_OC3PreloadConfig                     0x08015519   Thumb Code   136  stm32f4xx_tim.o(.text)
    TIM_OC4PreloadConfig                     0x080155a1   Thumb Code    96  stm32f4xx_tim.o(.text)
    TIM_OC1FastConfig                        0x08015601   Thumb Code   124  stm32f4xx_tim.o(.text)
    TIM_OC2FastConfig                        0x0801567d   Thumb Code   108  stm32f4xx_tim.o(.text)
    TIM_OC3FastConfig                        0x080156e9   Thumb Code    88  stm32f4xx_tim.o(.text)
    TIM_OC4FastConfig                        0x08015741   Thumb Code    96  stm32f4xx_tim.o(.text)
    TIM_ClearOC1Ref                          0x080157a1   Thumb Code   124  stm32f4xx_tim.o(.text)
    TIM_ClearOC2Ref                          0x0801581d   Thumb Code   106  stm32f4xx_tim.o(.text)
    TIM_ClearOC3Ref                          0x08015887   Thumb Code    88  stm32f4xx_tim.o(.text)
    TIM_ClearOC4Ref                          0x080158df   Thumb Code    94  stm32f4xx_tim.o(.text)
    TIM_OC1PolarityConfig                    0x0801593d   Thumb Code   174  stm32f4xx_tim.o(.text)
    TIM_OC1NPolarityConfig                   0x080159eb   Thumb Code    64  stm32f4xx_tim.o(.text)
    TIM_OC2PolarityConfig                    0x08015a2b   Thumb Code   108  stm32f4xx_tim.o(.text)
    TIM_OC2NPolarityConfig                   0x08015a97   Thumb Code    72  stm32f4xx_tim.o(.text)
    TIM_OC3PolarityConfig                    0x08015adf   Thumb Code    96  stm32f4xx_tim.o(.text)
    TIM_OC3NPolarityConfig                   0x08015b3f   Thumb Code    72  stm32f4xx_tim.o(.text)
    TIM_OC4PolarityConfig                    0x08015b87   Thumb Code    96  stm32f4xx_tim.o(.text)
    TIM_CCxCmd                               0x08015be7   Thumb Code   168  stm32f4xx_tim.o(.text)
    TIM_CCxNCmd                              0x08015c8f   Thumb Code   104  stm32f4xx_tim.o(.text)
    TIM_SetIC4Prescaler                      0x08015cf7   Thumb Code   106  stm32f4xx_tim.o(.text)
    TIM_SetIC3Prescaler                      0x08015de1   Thumb Code    98  stm32f4xx_tim.o(.text)
    TIM_SetIC2Prescaler                      0x08015e8b   Thumb Code   118  stm32f4xx_tim.o(.text)
    TIM_SetIC1Prescaler                      0x08015f51   Thumb Code   134  stm32f4xx_tim.o(.text)
    TIM_ICInit                               0x08016011   Thumb Code   508  stm32f4xx_tim.o(.text)
    TIM_ICStructInit                         0x0801620d   Thumb Code    18  stm32f4xx_tim.o(.text)
    TIM_PWMIConfig                           0x0801621f   Thumb Code   184  stm32f4xx_tim.o(.text)
    TIM_GetCapture1                          0x080162d7   Thumb Code    92  stm32f4xx_tim.o(.text)
    TIM_GetCapture2                          0x08016333   Thumb Code    68  stm32f4xx_tim.o(.text)
    TIM_GetCapture3                          0x08016377   Thumb Code    56  stm32f4xx_tim.o(.text)
    TIM_GetCapture4                          0x080163af   Thumb Code    56  stm32f4xx_tim.o(.text)
    TIM_BDTRConfig                           0x080163e7   Thumb Code   222  stm32f4xx_tim.o(.text)
    TIM_BDTRStructInit                       0x080164c5   Thumb Code    18  stm32f4xx_tim.o(.text)
    TIM_CtrlPWMOutputs                       0x080164d7   Thumb Code    78  stm32f4xx_tim.o(.text)
    TIM_SelectCOM                            0x08016525   Thumb Code    72  stm32f4xx_tim.o(.text)
    TIM_CCPreloadControl                     0x0801656d   Thumb Code    72  stm32f4xx_tim.o(.text)
    TIM_ITConfig                             0x080165b5   Thumb Code   218  stm32f4xx_tim.o(.text)
    TIM_GenerateEvent                        0x0801668f   Thumb Code   126  stm32f4xx_tim.o(.text)
    TIM_GetFlagStatus                        0x0801670d   Thumb Code   188  stm32f4xx_tim.o(.text)
    TIM_ClearFlag                            0x080167c9   Thumb Code   108  stm32f4xx_tim.o(.text)
    TIM_GetITStatus                          0x08016835   Thumb Code   186  stm32f4xx_tim.o(.text)
    TIM_ClearITPendingBit                    0x080168ef   Thumb Code   108  stm32f4xx_tim.o(.text)
    TIM_DMAConfig                            0x0801695b   Thumb Code   334  stm32f4xx_tim.o(.text)
    TIM_DMACmd                               0x08016aa9   Thumb Code   126  stm32f4xx_tim.o(.text)
    TIM_SelectCCDMA                          0x08016b27   Thumb Code    96  stm32f4xx_tim.o(.text)
    TIM_InternalClockConfig                  0x08016b87   Thumb Code    76  stm32f4xx_tim.o(.text)
    TIM_SelectInputTrigger                   0x08016bd3   Thumb Code   148  stm32f4xx_tim.o(.text)
    TIM_ITRxExternalClockConfig              0x08016c67   Thumb Code   110  stm32f4xx_tim.o(.text)
    TIM_TIxExternalClockConfig               0x08016cd5   Thumb Code   184  stm32f4xx_tim.o(.text)
    TIM_ETRConfig                            0x08016d8d   Thumb Code   164  stm32f4xx_tim.o(.text)
    TIM_ETRClockMode1Config                  0x08016e31   Thumb Code   228  stm32f4xx_tim.o(.text)
    TIM_ETRClockMode2Config                  0x08016f15   Thumb Code   152  stm32f4xx_tim.o(.text)
    TIM_SelectOutputTrigger                  0x08016fad   Thumb Code   126  stm32f4xx_tim.o(.text)
    TIM_SelectSlaveMode                      0x0801702b   Thumb Code   112  stm32f4xx_tim.o(.text)
    TIM_SelectMasterSlaveMode                0x0801709b   Thumb Code   102  stm32f4xx_tim.o(.text)
    TIM_EncoderInterfaceConfig               0x08017101   Thumb Code   226  stm32f4xx_tim.o(.text)
    TIM_SelectHallSensor                     0x080171e3   Thumb Code   108  stm32f4xx_tim.o(.text)
    TIM_RemapConfig                          0x0801724f   Thumb Code   138  stm32f4xx_tim.o(.text)
    USART_DeInit                             0x080172d9   Thumb Code   202  stm32f4xx_usart.o(.text)
    USART_Init                               0x080173a3   Thumb Code   456  stm32f4xx_usart.o(.text)
    USART_StructInit                         0x0801756b   Thumb Code    24  stm32f4xx_usart.o(.text)
    USART_ClockInit                          0x08017583   Thumb Code   166  stm32f4xx_usart.o(.text)
    USART_ClockStructInit                    0x08017629   Thumb Code    12  stm32f4xx_usart.o(.text)
    USART_Cmd                                0x08017635   Thumb Code    96  stm32f4xx_usart.o(.text)
    USART_SetPrescaler                       0x08017695   Thumb Code   160  stm32f4xx_usart.o(.text)
    USART_OverSampling8Cmd                   0x08017735   Thumb Code    98  stm32f4xx_usart.o(.text)
    USART_OneBitMethodCmd                    0x08017797   Thumb Code   100  stm32f4xx_usart.o(.text)
    USART_SendData                           0x080177fb   Thumb Code    84  stm32f4xx_usart.o(.text)
    USART_ReceiveData                        0x0801784f   Thumb Code    62  stm32f4xx_usart.o(.text)
    USART_SetAddress                         0x0801788d   Thumb Code    92  stm32f4xx_usart.o(.text)
    USART_ReceiverWakeUpCmd                  0x080178e9   Thumb Code   100  stm32f4xx_usart.o(.text)
    USART_WakeUpConfig                       0x0801794d   Thumb Code    96  stm32f4xx_usart.o(.text)
    USART_LINBreakDetectLengthConfig         0x080179ad   Thumb Code    94  stm32f4xx_usart.o(.text)
    USART_LINCmd                             0x08017a0b   Thumb Code   100  stm32f4xx_usart.o(.text)
    USART_SendBreak                          0x08017a6f   Thumb Code    64  stm32f4xx_usart.o(.text)
    USART_HalfDuplexCmd                      0x08017aaf   Thumb Code   100  stm32f4xx_usart.o(.text)
    USART_SetGuardTime                       0x08017b13   Thumb Code    86  stm32f4xx_usart.o(.text)
    USART_SmartCardCmd                       0x08017b69   Thumb Code    88  stm32f4xx_usart.o(.text)
    USART_SmartCardNACKCmd                   0x08017bc1   Thumb Code    88  stm32f4xx_usart.o(.text)
    USART_IrDAConfig                         0x08017c19   Thumb Code    94  stm32f4xx_usart.o(.text)
    USART_IrDACmd                            0x08017c77   Thumb Code   100  stm32f4xx_usart.o(.text)
    USART_DMACmd                             0x08017cdb   Thumb Code   120  stm32f4xx_usart.o(.text)
    USART_ITConfig                           0x08017d53   Thumb Code   268  stm32f4xx_usart.o(.text)
    USART_GetFlagStatus                      0x08017e5f   Thumb Code   176  stm32f4xx_usart.o(.text)
    USART_ClearFlag                          0x08017f0f   Thumb Code   160  stm32f4xx_usart.o(.text)
    USART_GetITStatus                        0x08017faf   Thumb Code   284  stm32f4xx_usart.o(.text)
    USART_ClearITPendingBit                  0x080180cb   Thumb Code   170  stm32f4xx_usart.o(.text)
    SystemInit                               0x08018269   Thumb Code    88  system_stm32f4xx.o(.text)
    SystemCoreClockUpdate                    0x080182c1   Thumb Code   174  system_stm32f4xx.o(.text)
    Reset_Handler                            0x0801839d   Thumb Code     8  startup_stm32f4xx.o(.text)
    HardFault_Handler                        0x080183a7   Thumb Code     2  startup_stm32f4xx.o(.text)
    PendSV_Handler                           0x080183b3   Thumb Code     2  startup_stm32f4xx.o(.text)
    ADC_IRQHandler                           0x080183b7   Thumb Code     0  startup_stm32f4xx.o(.text)
    CAN1_RX0_IRQHandler                      0x080183b7   Thumb Code     0  startup_stm32f4xx.o(.text)
    CAN1_RX1_IRQHandler                      0x080183b7   Thumb Code     0  startup_stm32f4xx.o(.text)
    CAN1_SCE_IRQHandler                      0x080183b7   Thumb Code     0  startup_stm32f4xx.o(.text)
    CAN1_TX_IRQHandler                       0x080183b7   Thumb Code     0  startup_stm32f4xx.o(.text)
    CAN2_RX0_IRQHandler                      0x080183b7   Thumb Code     0  startup_stm32f4xx.o(.text)
    CAN2_RX1_IRQHandler                      0x080183b7   Thumb Code     0  startup_stm32f4xx.o(.text)
    CAN2_SCE_IRQHandler                      0x080183b7   Thumb Code     0  startup_stm32f4xx.o(.text)
    CAN2_TX_IRQHandler                       0x080183b7   Thumb Code     0  startup_stm32f4xx.o(.text)
    CRYP_IRQHandler                          0x080183b7   Thumb Code     0  startup_stm32f4xx.o(.text)
    DCMI_IRQHandler                          0x080183b7   Thumb Code     0  startup_stm32f4xx.o(.text)
    DMA1_Stream0_IRQHandler                  0x080183b7   Thumb Code     0  startup_stm32f4xx.o(.text)
    DMA1_Stream1_IRQHandler                  0x080183b7   Thumb Code     0  startup_stm32f4xx.o(.text)
    DMA1_Stream2_IRQHandler                  0x080183b7   Thumb Code     0  startup_stm32f4xx.o(.text)
    DMA1_Stream3_IRQHandler                  0x080183b7   Thumb Code     0  startup_stm32f4xx.o(.text)
    DMA1_Stream4_IRQHandler                  0x080183b7   Thumb Code     0  startup_stm32f4xx.o(.text)
    DMA1_Stream5_IRQHandler                  0x080183b7   Thumb Code     0  startup_stm32f4xx.o(.text)
    DMA1_Stream6_IRQHandler                  0x080183b7   Thumb Code     0  startup_stm32f4xx.o(.text)
    DMA1_Stream7_IRQHandler                  0x080183b7   Thumb Code     0  startup_stm32f4xx.o(.text)
    DMA2_Stream0_IRQHandler                  0x080183b7   Thumb Code     0  startup_stm32f4xx.o(.text)
    DMA2_Stream1_IRQHandler                  0x080183b7   Thumb Code     0  startup_stm32f4xx.o(.text)
    DMA2_Stream2_IRQHandler                  0x080183b7   Thumb Code     0  startup_stm32f4xx.o(.text)
    DMA2_Stream3_IRQHandler                  0x080183b7   Thumb Code     0  startup_stm32f4xx.o(.text)
    DMA2_Stream4_IRQHandler                  0x080183b7   Thumb Code     0  startup_stm32f4xx.o(.text)
    DMA2_Stream5_IRQHandler                  0x080183b7   Thumb Code     0  startup_stm32f4xx.o(.text)
    DMA2_Stream6_IRQHandler                  0x080183b7   Thumb Code     0  startup_stm32f4xx.o(.text)
    DMA2_Stream7_IRQHandler                  0x080183b7   Thumb Code     0  startup_stm32f4xx.o(.text)
    ETH_IRQHandler                           0x080183b7   Thumb Code     0  startup_stm32f4xx.o(.text)
    ETH_WKUP_IRQHandler                      0x080183b7   Thumb Code     0  startup_stm32f4xx.o(.text)
    EXTI0_IRQHandler                         0x080183b7   Thumb Code     0  startup_stm32f4xx.o(.text)
    EXTI15_10_IRQHandler                     0x080183b7   Thumb Code     0  startup_stm32f4xx.o(.text)
    EXTI1_IRQHandler                         0x080183b7   Thumb Code     0  startup_stm32f4xx.o(.text)
    EXTI2_IRQHandler                         0x080183b7   Thumb Code     0  startup_stm32f4xx.o(.text)
    EXTI3_IRQHandler                         0x080183b7   Thumb Code     0  startup_stm32f4xx.o(.text)
    EXTI4_IRQHandler                         0x080183b7   Thumb Code     0  startup_stm32f4xx.o(.text)
    FLASH_IRQHandler                         0x080183b7   Thumb Code     0  startup_stm32f4xx.o(.text)
    FPU_IRQHandler                           0x080183b7   Thumb Code     0  startup_stm32f4xx.o(.text)
    FSMC_IRQHandler                          0x080183b7   Thumb Code     0  startup_stm32f4xx.o(.text)
    HASH_RNG_IRQHandler                      0x080183b7   Thumb Code     0  startup_stm32f4xx.o(.text)
    I2C1_ER_IRQHandler                       0x080183b7   Thumb Code     0  startup_stm32f4xx.o(.text)
    I2C1_EV_IRQHandler                       0x080183b7   Thumb Code     0  startup_stm32f4xx.o(.text)
    I2C2_ER_IRQHandler                       0x080183b7   Thumb Code     0  startup_stm32f4xx.o(.text)
    I2C2_EV_IRQHandler                       0x080183b7   Thumb Code     0  startup_stm32f4xx.o(.text)
    I2C3_ER_IRQHandler                       0x080183b7   Thumb Code     0  startup_stm32f4xx.o(.text)
    I2C3_EV_IRQHandler                       0x080183b7   Thumb Code     0  startup_stm32f4xx.o(.text)
    OTG_FS_WKUP_IRQHandler                   0x080183b7   Thumb Code     0  startup_stm32f4xx.o(.text)
    OTG_HS_EP1_IN_IRQHandler                 0x080183b7   Thumb Code     0  startup_stm32f4xx.o(.text)
    OTG_HS_EP1_OUT_IRQHandler                0x080183b7   Thumb Code     0  startup_stm32f4xx.o(.text)
    OTG_HS_IRQHandler                        0x080183b7   Thumb Code     0  startup_stm32f4xx.o(.text)
    OTG_HS_WKUP_IRQHandler                   0x080183b7   Thumb Code     0  startup_stm32f4xx.o(.text)
    PVD_IRQHandler                           0x080183b7   Thumb Code     0  startup_stm32f4xx.o(.text)
    RCC_IRQHandler                           0x080183b7   Thumb Code     0  startup_stm32f4xx.o(.text)
    RTC_Alarm_IRQHandler                     0x080183b7   Thumb Code     0  startup_stm32f4xx.o(.text)
    RTC_WKUP_IRQHandler                      0x080183b7   Thumb Code     0  startup_stm32f4xx.o(.text)
    SDIO_IRQHandler                          0x080183b7   Thumb Code     0  startup_stm32f4xx.o(.text)
    SPI1_IRQHandler                          0x080183b7   Thumb Code     0  startup_stm32f4xx.o(.text)
    SPI2_IRQHandler                          0x080183b7   Thumb Code     0  startup_stm32f4xx.o(.text)
    SPI3_IRQHandler                          0x080183b7   Thumb Code     0  startup_stm32f4xx.o(.text)
    TAMP_STAMP_IRQHandler                    0x080183b7   Thumb Code     0  startup_stm32f4xx.o(.text)
    TIM1_BRK_TIM9_IRQHandler                 0x080183b7   Thumb Code     0  startup_stm32f4xx.o(.text)
    TIM1_CC_IRQHandler                       0x080183b7   Thumb Code     0  startup_stm32f4xx.o(.text)
    TIM1_TRG_COM_TIM11_IRQHandler            0x080183b7   Thumb Code     0  startup_stm32f4xx.o(.text)
    TIM1_UP_TIM10_IRQHandler                 0x080183b7   Thumb Code     0  startup_stm32f4xx.o(.text)
    TIM2_IRQHandler                          0x080183b7   Thumb Code     0  startup_stm32f4xx.o(.text)
    TIM5_IRQHandler                          0x080183b7   Thumb Code     0  startup_stm32f4xx.o(.text)
    TIM6_DAC_IRQHandler                      0x080183b7   Thumb Code     0  startup_stm32f4xx.o(.text)
    TIM7_IRQHandler                          0x080183b7   Thumb Code     0  startup_stm32f4xx.o(.text)
    TIM8_BRK_TIM12_IRQHandler                0x080183b7   Thumb Code     0  startup_stm32f4xx.o(.text)
    TIM8_CC_IRQHandler                       0x080183b7   Thumb Code     0  startup_stm32f4xx.o(.text)
    TIM8_TRG_COM_TIM14_IRQHandler            0x080183b7   Thumb Code     0  startup_stm32f4xx.o(.text)
    TIM8_UP_TIM13_IRQHandler                 0x080183b7   Thumb Code     0  startup_stm32f4xx.o(.text)
    WWDG_IRQHandler                          0x080183b7   Thumb Code     0  startup_stm32f4xx.o(.text)
    usbd_init                                0x080183c1   Thumb Code    22  usbd_core.o(.text)
    usbd_connect                             0x080183d7   Thumb Code    12  usbd_core.o(.text)
    usbd_reset_core                          0x080183e3   Thumb Code    38  usbd_core.o(.text)
    usbd_configured                          0x08018409   Thumb Code    14  usbd_core.o(.text)
    USBD_SetupStage                          0x08018417   Thumb Code    12  usbd_core.o(.text)
    USBD_DataInStage                         0x08018423   Thumb Code    66  usbd_core.o(.text)
    USBD_DataOutStage                        0x08018465   Thumb Code    34  usbd_core.o(.text)
    USBD_StatusInStage                       0x08018487   Thumb Code    14  usbd_core.o(.text)
    USBD_StatusOutStage                      0x08018495   Thumb Code    12  usbd_core.o(.text)
    USBD_ReqGetStatus                        0x080184a1   Thumb Code   160  usbd_core.o(.text)
    USBD_ReqSetClrFeature                    0x08018541   Thumb Code   216  usbd_core.o(.text)
    USBD_ReqGetDescriptor                    0x08018619   Thumb Code   380  usbd_core.o(.text)
    USBD_ReqGetConfiguration                 0x08018795   Thumb Code   122  usbd_core.o(.text)
    USBD_ReqSetConfiguration                 0x0801880f   Thumb Code   432  usbd_core.o(.text)
    USBD_ReqGetInterface                     0x080189bf   Thumb Code    60  usbd_core.o(.text)
    USBD_ReqSetInterface                     0x080189fb   Thumb Code   308  usbd_core.o(.text)
    USBD_EndPoint0                           0x08018b2f   Thumb Code   680  usbd_core.o(.text)
    USBD_ReqGetDescriptor_HID                0x08018df1   Thumb Code   132  usbd_core_hid.o(.text)
    USBD_EndPoint0_Setup_HID_ReqToIF         0x08018e75   Thumb Code   200  usbd_core_hid.o(.text)
    USBD_EndPoint0_Out_HID_ReqToIF           0x08018f3d   Thumb Code    44  usbd_core_hid.o(.text)
    usbd_hid_init                            0x08018fa1   Thumb Code     2  usbd_hid.o(.text)
    usbd_hid_get_protocol                    0x08018fb1   Thumb Code     4  usbd_hid.o(.text)
    usbd_hid_set_protocol                    0x08018fb5   Thumb Code     2  usbd_hid.o(.text)
    USBD_HID_GetReport                       0x08018fb7   Thumb Code    54  usbd_hid.o(.text)
    USBD_HID_SetReport                       0x08018fed   Thumb Code    58  usbd_hid.o(.text)
    USBD_HID_GetIdle                         0x08019027   Thumb Code    16  usbd_hid.o(.text)
    USBD_HID_SetIdle                         0x08019037   Thumb Code    48  usbd_hid.o(.text)
    USBD_HID_GetProtocol                     0x08019067   Thumb Code    14  usbd_hid.o(.text)
    USBD_HID_SetProtocol                     0x08019075   Thumb Code    14  usbd_hid.o(.text)
    USBD_HID_EP_INTIN_Event                  0x08019083   Thumb Code   422  usbd_hid.o(.text)
    USBD_HID_EP_INTOUT_Event                 0x08019229   Thumb Code   148  usbd_hid.o(.text)
    USBD_HID_Configure_Event                 0x080192bd   Thumb Code    48  usbd_hid.o(.text)
    USBD_HID_EP_INT_Event                    0x080192ed   Thumb Code    30  usbd_hid.o(.text)
    USBD_HID_SOF_Event                       0x0801930b   Thumb Code   460  usbd_hid.o(.text)
    usbd_hid_get_report_trigger              0x080194d7   Thumb Code   148  usbd_hid.o(.text)
    AccGyrStableCheck_Services               0x080195a5   Thumb Code   512  ano_imu_calibration.o(.text)
    GetGyrAvValue                            0x080197a5   Thumb Code   174  ano_imu_calibration.o(.text)
    GetAccAvValue                            0x08019853   Thumb Code   174  ano_imu_calibration.o(.text)
    ImuSensitivityInit                       0x08019941   Thumb Code   108  ano_imu_data.o(.text)
    ImuDataGet                               0x080199ad   Thumb Code    64  ano_imu_data.o(.text)
    ImuTemperatureGet                        0x080199ed   Thumb Code    10  ano_imu_data.o(.text)
    ImuDataCalcu                             0x080199f7   Thumb Code   282  ano_imu_data.o(.text)
    ImuServices_1ms_c                        0x08019b25   Thumb Code   116  ano_imu_task.o(.text)
    ImuServices_20ms_c                       0x08019b99   Thumb Code    18  ano_imu_task.o(.text)
    __aeabi_memcpy                           0x08019bc9   Thumb Code    36  memcpya.o(.text)
    __aeabi_memcpy4                          0x08019bc9   Thumb Code     0  memcpya.o(.text)
    __aeabi_memcpy8                          0x08019bc9   Thumb Code     0  memcpya.o(.text)
    __aeabi_dadd                             0x08019bed   Thumb Code   322  dadd.o(.text)
    __aeabi_dsub                             0x08019d2f   Thumb Code     6  dadd.o(.text)
    __aeabi_drsub                            0x08019d35   Thumb Code     6  dadd.o(.text)
    __aeabi_dmul                             0x08019d3b   Thumb Code   228  dmul.o(.text)
    __aeabi_i2d                              0x08019e1f   Thumb Code    34  dflti.o(.text)
    __aeabi_d2iz                             0x08019e41   Thumb Code    62  dfixi.o(.text)
    __aeabi_f2d                              0x08019e7f   Thumb Code    38  f2d.o(.text)
    __aeabi_cdcmpeq                          0x08019ea5   Thumb Code     0  cdcmple.o(.text)
    __aeabi_cdcmple                          0x08019ea5   Thumb Code    48  cdcmple.o(.text)
    __aeabi_cdrcmple                         0x08019ed5   Thumb Code    48  cdrcmple.o(.text)
    __aeabi_d2f                              0x08019f05   Thumb Code    56  d2f.o(.text)
    __aeabi_llsl                             0x08019f3d   Thumb Code    30  llshl.o(.text)
    _ll_shift_l                              0x08019f3d   Thumb Code     0  llshl.o(.text)
    __aeabi_llsr                             0x08019f5b   Thumb Code    32  llushr.o(.text)
    _ll_ushift_r                             0x08019f5b   Thumb Code     0  llushr.o(.text)
    __aeabi_lasr                             0x08019f7b   Thumb Code    36  llsshr.o(.text)
    _ll_sshift_r                             0x08019f7b   Thumb Code     0  llsshr.o(.text)
    __I$use$fp                               0x08019f9f   Thumb Code     0  iusefp.o(.text)
    _float_round                             0x08019f9f   Thumb Code    18  fepilogue.o(.text)
    _float_epilogue                          0x08019fb1   Thumb Code    92  fepilogue.o(.text)
    _double_round                            0x0801a00d   Thumb Code    30  depilogue.o(.text)
    _double_epilogue                         0x0801a02b   Thumb Code   156  depilogue.o(.text)
    __scatterload                            0x0801a0c9   Thumb Code    28  init.o(.text)
    __scatterload_rt2                        0x0801a0c9   Thumb Code     0  init.o(.text)
    __decompress                             0x0801a0ed   Thumb Code     0  __dczerorl2.o(.text)
    __decompress1                            0x0801a0ed   Thumb Code    86  __dczerorl2.o(.text)
    __scatterload_copy                       0x0801a143   Thumb Code    14  handlers.o(i.__scatterload_copy)
    __scatterload_null                       0x0801a151   Thumb Code     2  handlers.o(i.__scatterload_null)
    __scatterload_zeroinit                   0x0801a153   Thumb Code    14  handlers.o(i.__scatterload_zeroinit)
    usbd_power                               0x0801a160   Data           1  usb_config.o(.constdata)
    usbd_hs_enable                           0x0801a161   Data           1  usb_config.o(.constdata)
    usbd_if_num                              0x0801a162   Data           2  usb_config.o(.constdata)
    usbd_ep_num                              0x0801a164   Data           1  usb_config.o(.constdata)
    usbd_max_packet0                         0x0801a165   Data           1  usb_config.o(.constdata)
    usbd_hid_if_num                          0x0801a166   Data           1  usb_config.o(.constdata)
    usbd_hid_ep_intin                        0x0801a167   Data           1  usb_config.o(.constdata)
    usbd_hid_ep_intout                       0x0801a168   Data           1  usb_config.o(.constdata)
    usbd_hid_interval                        0x0801a16a   Data           4  usb_config.o(.constdata)
    usbd_hid_maxpacketsize                   0x0801a16e   Data           4  usb_config.o(.constdata)
    usbd_hid_inreport_num                    0x0801a172   Data           1  usb_config.o(.constdata)
    usbd_hid_outreport_num                   0x0801a173   Data           1  usb_config.o(.constdata)
    usbd_hid_inreport_max_sz                 0x0801a174   Data           2  usb_config.o(.constdata)
    usbd_hid_outreport_max_sz                0x0801a176   Data           2  usb_config.o(.constdata)
    usbd_hid_featreport_max_sz               0x0801a178   Data           2  usb_config.o(.constdata)
    USBD_P_Power_Event                       0x0801a17c   Data           4  usb_config.o(.constdata)
    USBD_P_Reset_Event                       0x0801a180   Data           4  usb_config.o(.constdata)
    USBD_P_Suspend_Event                     0x0801a184   Data           4  usb_config.o(.constdata)
    USBD_P_Resume_Event                      0x0801a188   Data           4  usb_config.o(.constdata)
    USBD_P_WakeUp_Event                      0x0801a18c   Data           4  usb_config.o(.constdata)
    USBD_P_SOF_Event                         0x0801a190   Data           4  usb_config.o(.constdata)
    USBD_P_Error_Event                       0x0801a194   Data           4  usb_config.o(.constdata)
    USBD_P_EP                                0x0801a198   Data          64  usb_config.o(.constdata)
    USBD_P_Configure_Event                   0x0801a1d8   Data           4  usb_config.o(.constdata)
    USBD_P_Interface_Event                   0x0801a1dc   Data           4  usb_config.o(.constdata)
    USBD_P_Feature_Event                     0x0801a1e0   Data           4  usb_config.o(.constdata)
    __rtx                                    0x0801a1e4   Data           4  usb_config.o(.constdata)
    USBD_HID_ReportDescriptor                0x0801a1e8   Data          33  usb_config.o(.constdata)
    USBD_HID_ReportDescriptorSize            0x0801a20a   Data           2  usb_config.o(.constdata)
    USBD_HID_DescriptorOffset                0x0801a20c   Data           2  usb_config.o(.constdata)
    USBD_DeviceDescriptor                    0x0801a20e   Data          18  usb_config.o(.constdata)
    USBD_DeviceQualifier                     0x0801a220   Data           1  usb_config.o(.constdata)
    USBD_DeviceQualifier_HS                  0x0801a221   Data           1  usb_config.o(.constdata)
    USBD_ConfigDescriptor                    0x0801a222   Data          42  usb_config.o(.constdata)
    USBD_ConfigDescriptor_HS                 0x0801a24c   Data           1  usb_config.o(.constdata)
    USBD_OtherSpeedConfigDescriptor          0x0801a24d   Data           1  usb_config.o(.constdata)
    USBD_OtherSpeedConfigDescriptor_HS       0x0801a24e   Data           1  usb_config.o(.constdata)
    USBD_StringDescriptor                    0x0801a250   Data         132  usb_config.o(.constdata)
    _cs_idlist                               0x0801a2d4   Data          24  ano_dt.o(.constdata)
    fast_atan_table                          0x0801a2ec   Data        1028  ano_math.o(.constdata)
    gps_petrol_out_config                    0x0801a6f0   Data          28  drv_gps.o(.constdata)
    gps_pvt_out_config                       0x0801a70c   Data          90  drv_gps.o(.constdata)
    gps_rate_out_config                      0x0801a766   Data          16  drv_gps.o(.constdata)
    Enter_Send                               0x0801a776   Data           9  drv_gps.o(.constdata)
    Region$$Table$$Base                      0x0801a8c4   Number         0  anon$$obj.o(Region$$Table)
    Region$$Table$$Limit                     0x0801a8e4   Number         0  anon$$obj.o(Region$$Table)
    HID_SEND_TIMEOUT                         0x20000000   Data           1  ano_usb.o(.data)
    hid_datatemp_begin                       0x20000002   Data           2  ano_usb.o(.data)
    hid_datatemp_end                         0x20000004   Data           2  ano_usb.o(.data)
    USBD_AltSetting                          0x20000008   Data           1  usb_config.o(.data)
    USBD_HID_PollingCnt                      0x2000000a   Data           2  usb_config.o(.data)
    USBD_HID_IdleCnt                         0x2000000c   Data           1  usb_config.o(.data)
    USBD_HID_IdleReload                      0x2000000d   Data           1  usb_config.o(.data)
    USBD_HID_IdleSet                         0x2000000e   Data           1  usb_config.o(.data)
    USBD_HID_FeatReport                      0x2000000f   Data           2  usb_config.o(.data)
    MagType                                  0x20000068   Data           1  bsp_init.o(.data)
    of_init_type                             0x20000069   Data           1  bsp_init.o(.data)
    test_cali_cnt                            0x2000006a   Data           1  ano_dt.o(.data)
    unlock_f                                 0x2000006c   Data           2  ano_rc.o(.data)
    stick_fun_0                              0x2000006e   Data           1  ano_rc.o(.data)
    unlock_time                              0x20000070   Data           2  ano_rc.o(.data)
    cali_gyro                                0x20000072   Data           2  ano_rc.o(.data)
    cali_acc                                 0x20000074   Data           2  ano_rc.o(.data)
    cali_surface                             0x20000076   Data           2  ano_rc.o(.data)
    cali_mag                                 0x20000078   Data           4  ano_rc.o(.data)
    stick_fun_1                              0x2000007c   Data           1  ano_rc.o(.data)
    stick_fun_2                              0x2000007d   Data           1  ano_rc.o(.data)
    stick_fun_3                              0x2000007e   Data           1  ano_rc.o(.data)
    stick_fun_4                              0x2000007f   Data           1  ano_rc.o(.data)
    stick_fun_5_magcali                      0x20000080   Data           1  ano_rc.o(.data)
    opmv_ct_sta                              0x20000091   Data           3  ano_opmv_ctrl.o(.data)
    of_buf_update_flag                       0x200000c4   Data           1  ano_of_decofusion.o(.data)
    of_rot_d_degs                            0x200000c8   Data           8  ano_of_decofusion.o(.data)
    of_fus_err                               0x200000d0   Data           8  ano_of_decofusion.o(.data)
    of_fus_err_i                             0x200000d8   Data           8  ano_of_decofusion.o(.data)
    switchs                                  0x200000f4   Data           8  ano_fcdata.o(.data)
    imu_data                                 0x20000108   Data         232  ano_imu.o(.data)
    imu_state                                0x20000224   Data          24  ano_imu.o(.data)
    ref_height_old                           0x2000025c   Data           4  ano_motioncal.o(.data)
    ref_speed_old                            0x20000260   Data           4  ano_motioncal.o(.data)
    wcz_ref_height                           0x20000264   Data           4  ano_motioncal.o(.data)
    wcz_ref_speed                            0x20000268   Data           4  ano_motioncal.o(.data)
    wcz_ref_acc                              0x2000026c   Data           4  ano_motioncal.o(.data)
    flying_cnt                               0x2000029a   Data           2  ano_flightctrl.o(.data)
    landing_cnt                              0x2000029c   Data           2  ano_flightctrl.o(.data)
    stop_baro_hpf                            0x200002a0   Data           4  ano_flightctrl.o(.data)
    jsdata                                   0x200002b0   Data           6  ano_flightctrl.o(.data)
    speed_mode_old                           0x200002b6   Data           1  ano_flightctrl.o(.data)
    flight_mode_old                          0x200002b7   Data           1  ano_flightctrl.o(.data)
    vel_fb_d_lpf                             0x200002d0   Data           8  ano_locctrl.o(.data)
    vel_fb_h                                 0x200002d8   Data           8  ano_locctrl.o(.data)
    vel_fb_w                                 0x200002e0   Data           8  ano_locctrl.o(.data)
    vel_fb_fix_w                             0x200002e8   Data           8  ano_locctrl.o(.data)
    mag                                      0x20000308   Data           8  ano_magprocess.o(.data)
    motor                                    0x2000031c   Data           8  ano_motorctrl.o(.data)
    motor_step                               0x20000324   Data           8  ano_motorctrl.o(.data)
    IDLING                                   0x2000032e   Data           2  ano_motorctrl.o(.data)
    Plane_Votage                             0x20000330   Data           4  ano_power.o(.data)
    test_time_cnt                            0x2000033c   Data           2  ano_flightdatacal.o(.data)
    baro_height                              0x20000348   Data           4  ano_flightdatacal.o(.data)
    baro_h_offset                            0x2000034c   Data           4  ano_flightdatacal.o(.data)
    ref_height_get_1                         0x20000350   Data           4  ano_flightdatacal.o(.data)
    ref_height_get_2                         0x20000354   Data           4  ano_flightdatacal.o(.data)
    ref_height_used                          0x20000358   Data           4  ano_flightdatacal.o(.data)
    baro2tof_offset                          0x2000035c   Data           4  ano_flightdatacal.o(.data)
    tof2baro_offset                          0x20000360   Data           4  ano_flightdatacal.o(.data)
    baro_fix1                                0x20000364   Data           4  ano_flightdatacal.o(.data)
    baro_fix2                                0x20000368   Data           4  ano_flightdatacal.o(.data)
    baro_fix                                 0x2000036c   Data           4  ano_flightdatacal.o(.data)
    wcz_acc_use                              0x20000374   Data           4  ano_flightdatacal.o(.data)
    ref_tof_height                           0x20000378   Data           2  ano_flightdatacal.o(.data)
    led_accuracy                             0x20000380   Data           2  drv_led.o(.data)
    LED_Brightness                           0x20000384   Data          16  drv_led.o(.data)
    AdcValue                                 0x200003a8   Data           2  drv_adc.o(.data)
    para_sta                                 0x200003aa   Data           4  ano_parameter.o(.data)
    sysTickUptime                            0x200003b0   Data           4  drv_time.o(.data)
    systime_ms                               0x200003b4   Data           4  drv_time.o(.data)
    TxCounter                                0x200003b8   Data           1  drv_usart.o(.data)
    count                                    0x200003b9   Data           1  drv_usart.o(.data)
    Tx3Counter                               0x200003ba   Data           1  drv_usart.o(.data)
    count3                                   0x200003bb   Data           1  drv_usart.o(.data)
    Tx4Counter                               0x200003bc   Data           1  drv_usart.o(.data)
    count4                                   0x200003bd   Data           1  drv_usart.o(.data)
    Tx5Counter                               0x200003be   Data           1  drv_usart.o(.data)
    count5                                   0x200003bf   Data           1  drv_usart.o(.data)
    alt_3                                    0x200003cc   Data           4  drv_spl06.o(.data)
    baro_start                               0x200003d0   Data           1  drv_spl06.o(.data)
    OutMaxPacketSize                         0x200003d4   Data          16  usbd_stm32f4xx_fs.o(.data)
    InPacketDataPtr                          0x200003e4   Data          16  usbd_stm32f4xx_fs.o(.data)
    InPacketDataReady                        0x200003f4   Data           4  usbd_stm32f4xx_fs.o(.data)
    SyncWriteEP                              0x200003f8   Data           4  usbd_stm32f4xx_fs.o(.data)
    IsoOutTokenRead                          0x200003fc   Data           4  usbd_stm32f4xx_fs.o(.data)
    len                                      0x20000404   Data           2  drv_gps.o(.data)
    wcx_acc_use                              0x20000408   Data           4  drv_gps.o(.data)
    wcy_acc_use                              0x2000040c   Data           4  drv_gps.o(.data)
    GPS_get_cnt                              0x20000410   Data           1  drv_gps.o(.data)
    temperature_err                          0x20000420   Data           4  drv_heating.o(.data)
    temperature_err_i                        0x20000424   Data           4  drv_heating.o(.data)
    temperature_diff                         0x20000428   Data           4  drv_heating.o(.data)
    temperature_ctrl_val                     0x2000042c   Data           4  drv_heating.o(.data)
    LASER_LINKOK                             0x20000434   Data           1  drv_laser.o(.data)
    Laser_height_cm                          0x20000436   Data           2  drv_laser.o(.data)
    offline_check_time                       0x2000043a   Data           2  drv_openmv.o(.data)
    of_init_cnt                              0x2000043e   Data           1  drv_up_flow.o(.data)
    of_buf_update_cnt                        0x2000043f   Data           1  drv_up_flow.o(.data)
    SystemCoreClock                          0x20000468   Data           4  system_stm32f4xx.o(.data)
    AHBPrescTable                            0x2000046c   Data          16  system_stm32f4xx.o(.data)
    USBD_DeviceStatus                        0x2000047c   Data           2  usbd_core.o(.data)
    USBD_DeviceAddress                       0x2000047e   Data           1  usbd_core.o(.data)
    USBD_Configuration                       0x2000047f   Data           1  usbd_core.o(.data)
    USBD_EndPointMask                        0x20000480   Data           4  usbd_core.o(.data)
    USBD_EndPointHalt                        0x20000484   Data           4  usbd_core.o(.data)
    USBD_EndPointStall                       0x20000488   Data           4  usbd_core.o(.data)
    USBD_NumInterfaces                       0x2000048c   Data           1  usbd_core.o(.data)
    USBD_HighSpeed                           0x2000048d   Data           1  usbd_core.o(.data)
    USBD_ZLP                                 0x2000048e   Data           1  usbd_core.o(.data)
    USBD_EP0Data                             0x20000490   Data           8  usbd_core.o(.data)
    USBD_SetupPacket                         0x20000498   Data           8  usbd_core.o(.data)
    USBD_HID_Protocol                        0x200004a0   Data           1  usbd_hid.o(.data)
    DataOutAsyncReq                          0x200004a4   Data           4  usbd_hid.o(.data)
    DataOutUpdateReqMask                     0x200004a8   Data           4  usbd_hid.o(.data)
    ptrDataOut                               0x200004ac   Data           4  usbd_hid.o(.data)
    DataOutToSendLen                         0x200004b0   Data           2  usbd_hid.o(.data)
    DataOutSentLen                           0x200004b2   Data           2  usbd_hid.o(.data)
    DataOutEndWithShortPacket                0x200004b4   Data           4  usbd_hid.o(.data)
    ptrDataIn                                0x200004b8   Data           4  usbd_hid.o(.data)
    DataInReceLen                            0x200004bc   Data           2  usbd_hid.o(.data)
    ptrDataFeat                              0x200004c0   Data           4  usbd_hid.o(.data)
    DataFeatReceLen                          0x200004c4   Data           2  usbd_hid.o(.data)
    st_imu_cali                              0x200004c8   Data           4  ano_imu_calibration.o(.data)
    hid_datatemp                             0x200004e0   Data        1000  ano_usb.o(.bss)
    hid_data2send                            0x200008c8   Data          64  ano_usb.o(.bss)
    USBD_EP0Buf                              0x20000908   Data          64  usb_config.o(.bss)
    USBD_HID_InReport                        0x20000948   Data          65  usb_config.o(.bss)
    USBD_HID_OutReport                       0x20000989   Data          65  usb_config.o(.bss)
    stk_usb_msc_task                         0x200009d0   Data         600  usb_config.o(.bss)
    test_dT_1000hz                           0x20000c28   Data          12  ano_scheduler.o(.bss)
    test_rT                                  0x20000c34   Data          24  ano_scheduler.o(.bss)
    dt                                       0x20000c4c   Data         432  ano_dt.o(.bss)
    CycleSendData                            0x20000dfc   Data          64  ano_dt.o(.bss)
    OtherSendData                            0x20000e3c   Data         335  ano_dt.o(.bss)
    otherDataTmp                             0x20000f8b   Data          64  ano_dt.o(.bss)
    CH_N                                     0x20001094   Data          16  ano_rc.o(.bss)
    ano_of                                   0x200010a4   Data          60  ano_of.o(.bss)
    program_ctrl                             0x20001120   Data          84  ano_flyctrl.o(.bss)
    uwb_data                                 0x20001174   Data          60  ano_uwb.o(.bss)
    pc_user                                  0x200013b0   Data          32  ano_programctrl_user.o(.bss)
    ano_opmv_cbt_ctrl                        0x200013d0   Data          52  ano_opmv_cbtracking_ctrl.o(.bss)
    ano_opmv_lt_ctrl                         0x20001414   Data          32  ano_opmv_linetracking_ctrl.o(.bss)
    of_data                                  0x20001434   Data          10  ano_of_decofusion.o(.bss)
    of_rdf                                   0x20001440   Data          72  ano_of_decofusion.o(.bss)
    flag                                     0x20001488   Data          28  ano_fcdata.o(.bss)
    fc_stv                                   0x200014a4   Data          16  ano_fcdata.o(.bss)
    sens_hd_check                            0x200014b4   Data           9  ano_fcdata.o(.bss)
    att_matrix                               0x200014c0   Data          36  ano_imu.o(.bss)
    imu_test                                 0x20001508   Data          12  ano_imu.o(.bss)
    wcz_acc_fus                              0x20001514   Data          28  ano_motioncal.o(.bss)
    wcz_spe_fus                              0x20001530   Data          24  ano_motioncal.o(.bss)
    wcz_hei_fus                              0x20001548   Data          24  ano_motioncal.o(.bss)
    center_pos                               0x20001560   Data          60  ano_sensor_basic.o(.bss)
    sensor                                   0x2000159c   Data          60  ano_sensor_basic.o(.bss)
    sensor_val                               0x200015d8   Data          24  ano_sensor_basic.o(.bss)
    alt_arg_2                                0x20001668   Data          24  ano_altctrl.o(.bss)
    alt_val_2                                0x20001680   Data          40  ano_altctrl.o(.bss)
    alt_arg_1                                0x200016a8   Data          24  ano_altctrl.o(.bss)
    alt_val_1                                0x200016c0   Data          40  ano_altctrl.o(.bss)
    arg_2                                    0x200016e8   Data          72  ano_attctrl.o(.bss)
    arg_1                                    0x20001730   Data          72  ano_attctrl.o(.bss)
    val_2                                    0x20001778   Data         120  ano_attctrl.o(.bss)
    val_1                                    0x200017f0   Data         120  ano_attctrl.o(.bss)
    att_2l_ct                                0x20001868   Data          36  ano_attctrl.o(.bss)
    att_1l_ct                                0x2000188c   Data          28  ano_attctrl.o(.bss)
    rolling_flag                             0x200018b8   Data          24  ano_attctrl.o(.bss)
    fs                                       0x200018d0   Data          52  ano_flightctrl.o(.bss)
    loc_arg_1                                0x20001904   Data          48  ano_locctrl.o(.bss)
    loc_val_1                                0x20001934   Data          80  ano_locctrl.o(.bss)
    loc_arg_1_fix                            0x20001984   Data          48  ano_locctrl.o(.bss)
    loc_val_1_fix                            0x200019b4   Data          80  ano_locctrl.o(.bss)
    loc_ctrl_1                               0x20001a04   Data          36  ano_locctrl.o(.bss)
    loc_ctrl_2                               0x20001a28   Data          36  ano_locctrl.o(.bss)
    mc                                       0x20001a4c   Data          16  ano_motorctrl.o(.bss)
    LED_STA                                  0x20001a5c   Data          15  drv_led.o(.bss)
    Ano_Parame                               0x20001a6c   Data        4096  ano_parameter.o(.bss)
    TxBuffer                                 0x20002a6c   Data         256  drv_usart.o(.bss)
    Rx_Buf                                   0x20002b6c   Data         256  drv_usart.o(.bss)
    Tx3Buffer                                0x20002c6c   Data         256  drv_usart.o(.bss)
    Tx4Buffer                                0x20002d6c   Data         256  drv_usart.o(.bss)
    Tx5Buffer                                0x20002e6c   Data         256  drv_usart.o(.bss)
    ak09915Buf                               0x20002f6c   Data           9  drv_ak09915.o(.bss)
    spl_data                                 0x20002fa4   Data          20  drv_spl06.o(.bss)
    HID_IntInPacketData                      0x20002fc4   Data          64  usbd_stm32f4xx_fs.o(.bss)
    IsoOutPacketDataPtr                      0x20003004   Data          16  usbd_stm32f4xx_fs.o(.bss)
    InPacketDataCnt                          0x20003014   Data          16  usbd_stm32f4xx_fs.o(.bss)
    IsoOutPacketDataCnt                      0x20003024   Data          16  usbd_stm32f4xx_fs.o(.bss)
    Gps_information                          0x20003038   Data         112  drv_gps.o(.bss)
    GPS_data_buff                            0x200030a8   Data         100  drv_gps.o(.bss)
    ext_sens                                 0x2000310c   Data          23  drv_gps.o(.bss)
    temperature_fb                           0x20003124   Data          12  drv_heating.o(.bss)
    openmv_buf                               0x20003130   Data          20  drv_openmv.o(.bss)
    opmv                                     0x20003144   Data          26  drv_openmv.o(.bss)
    OF_DATA                                  0x2000315e   Data          14  drv_up_flow.o(.bss)
    st_bmi_data                              0x2000317a   Data          14  drv_bmi088.o(.bss)
    rc_in                                    0x20003188   Data          82  drv_bsp.o(.bss)
    st_imuData                               0x2000323c   Data         152  ano_imu_data.o(.bss)
    test_st                                  0x200032d4   Data          16  ano_imu_data.o(.bss)
    __initial_sp                             0x20003ae8   Data           0  startup_stm32f4xx.o(STACK)



==============================================================================

Memory Map of the image

  Image Entry point : 0x08000189

  Load Region LR_IROM1 (Base: 0x08000000, Size: 0x0001adc4, Max: 0x00100000, ABSOLUTE, COMPRESSED[0x0001a958])

    Execution Region ER_IROM1 (Exec base: 0x08000000, Load base: 0x08000000, Size: 0x0001a8e4, Max: 0x00100000, ABSOLUTE)

    Exec Addr    Load Addr    Size         Type   Attr      Idx    E Section Name        Object

    0x08000000   0x08000000   0x00000188   Data   RO         2093    RESET               startup_stm32f4xx.o
    0x08000188   0x08000188   0x00000000   Code   RO         2246  * .ARM.Collect$$$$00000000  mc_w.l(entry.o)
    0x08000188   0x08000188   0x00000004   Code   RO         2269    .ARM.Collect$$$$00000001  mc_w.l(entry2.o)
    0x0800018c   0x0800018c   0x00000004   Code   RO         2272    .ARM.Collect$$$$00000004  mc_w.l(entry5.o)
    0x08000190   0x08000190   0x00000000   Code   RO         2274    .ARM.Collect$$$$00000008  mc_w.l(entry7b.o)
    0x08000190   0x08000190   0x00000000   Code   RO         2276    .ARM.Collect$$$$0000000A  mc_w.l(entry8b.o)
    0x08000190   0x08000190   0x00000008   Code   RO         2277    .ARM.Collect$$$$0000000B  mc_w.l(entry9a.o)
    0x08000198   0x08000198   0x00000000   Code   RO         2279    .ARM.Collect$$$$0000000D  mc_w.l(entry10a.o)
    0x08000198   0x08000198   0x00000000   Code   RO         2281    .ARM.Collect$$$$0000000F  mc_w.l(entry11a.o)
    0x08000198   0x08000198   0x00000004   Code   RO         2270    .ARM.Collect$$$$00002712  mc_w.l(entry2.o)
    0x0800019c   0x0800019c   0x0000005e   Code   RO            2    .text               stm32f4xx_it.o
    0x080001fa   0x080001fa   0x00000002   PAD
    0x080001fc   0x080001fc   0x00000198   Code   RO          149    .text               ano_usb.o
    0x08000394   0x08000394   0x00000052   Code   RO          226    .text               usb_config.o
    0x080003e6   0x080003e6   0x00000002   PAD
    0x080003e8   0x080003e8   0x0000001c   Code   RO          250    .text               main.o
    0x08000404   0x08000404   0x00000204   Code   RO          266    .text               ano_scheduler.o
    0x08000608   0x08000608   0x00000170   Code   RO          391    .text               bsp_init.o
    0x08000778   0x08000778   0x000011c0   Code   RO          456    .text               ano_dt.o
    0x08001938   0x08001938   0x00000554   Code   RO          646    .text               ano_rc.o
    0x08001e8c   0x08001e8c   0x00000354   Code   RO          674    .text               ano_of.o
    0x080021e0   0x080021e0   0x0000098c   Code   RO          697    .text               ano_flyctrl.o
    0x08002b6c   0x08002b6c   0x000002dc   Code   RO          724    .text               ano_uwb.o
    0x08002e48   0x08002e48   0x000000d0   Code   RO          747    .text               ano_programctrl_user.o
    0x08002f18   0x08002f18   0x000000f4   Code   RO          769    .text               ano_opmv_ctrl.o
    0x0800300c   0x0800300c   0x00000478   Code   RO          795    .text               ano_opmv_cbtracking_ctrl.o
    0x08003484   0x08003484   0x00000574   Code   RO          822    .text               ano_opmv_linetracking_ctrl.o
    0x080039f8   0x080039f8   0x000005c4   Code   RO          845    .text               ano_of_decofusion.o
    0x08003fbc   0x08003fbc   0x00000028   Code   RO          872    .text               ano_fcdata.o
    0x08003fe4   0x08003fe4   0x00000844   Code   RO          899    .text               ano_filter.o
    0x08004828   0x08004828   0x00000ba0   Code   RO          926    .text               ano_imu.o
    0x080053c8   0x080053c8   0x000008d4   Code   RO          970    .text               ano_math.o
    0x08005c9c   0x08005c9c   0x00000200   Code   RO          989    .text               ano_motioncal.o
    0x08005e9c   0x08005e9c   0x00000120   Code   RO         1036    .text               ano_pid.o
    0x08005fbc   0x08005fbc   0x00000214   Code   RO         1055    .text               ano_sensor_basic.o
    0x080061d0   0x080061d0   0x000005d4   Code   RO         1077    .text               ano_altctrl.o
    0x080067a4   0x080067a4   0x00000a54   Code   RO         1120    .text               ano_attctrl.o
    0x080071f8   0x080071f8   0x000008ac   Code   RO         1151    .text               ano_flightctrl.o
    0x08007aa4   0x08007aa4   0x00000db8   Code   RO         1192    .text               ano_locctrl.o
    0x0800885c   0x0800885c   0x000004b0   Code   RO         1215    .text               ano_magprocess.o
    0x08008d0c   0x08008d0c   0x00000210   Code   RO         1241    .text               ano_motorctrl.o
    0x08008f1c   0x08008f1c   0x0000021c   Code   RO         1272    .text               ano_power.o
    0x08009138   0x08009138   0x00000410   Code   RO         1294    .text               ano_flightdatacal.o
    0x08009548   0x08009548   0x00000658   Code   RO         1318    .text               drv_led.o
    0x08009ba0   0x08009ba0   0x00000124   Code   RO         1353    .text               drv_adc.o
    0x08009cc4   0x08009cc4   0x00001468   Code   RO         1375    .text               ano_parameter.o
    0x0800b12c   0x0800b12c   0x00000130   Code   RO         1402    .text               drv_spi.o
    0x0800b25c   0x0800b25c   0x0000031c   Code   RO         1421    .text               drv_pwm_out.o
    0x0800b578   0x0800b578   0x000001b8   Code   RO         1440    .text               drv_time.o
    0x0800b730   0x0800b730   0x000006a0   Code   RO         1470    .text               drv_usart.o
    0x0800bdd0   0x0800bdd0   0x0000012c   Code   RO         1505    .text               drv_ak8975.o
    0x0800befc   0x0800befc   0x000000a8   Code   RO         1526    .text               drv_ak09915.o
    0x0800bfa4   0x0800bfa4   0x00000700   Code   RO         1573    .text               drv_spl06.o
    0x0800c6a4   0x0800c6a4   0x000003c8   Code   RO         1596    .text               drv_w25qxx.o
    0x0800ca6c   0x0800ca6c   0x000012b8   Code   RO         1621    .text               usbd_stm32f4xx_fs.o
    0x0800dd24   0x0800dd24   0x00000714   Code   RO         1648    .text               drv_gps.o
    0x0800e438   0x0800e438   0x00000390   Code   RO         1677    .text               drv_heating.o
    0x0800e7c8   0x0800e7c8   0x000001dc   Code   RO         1723    .text               drv_openmv.o
    0x0800e9a4   0x0800e9a4   0x00000224   Code   RO         1746    .text               drv_up_flow.o
    0x0800ebc8   0x0800ebc8   0x000002a0   Code   RO         1774    .text               drv_bmi088.o
    0x0800ee68   0x0800ee68   0x00000460   Code   RO         1801    .text               drv_bsp.o
    0x0800f2c8   0x0800f2c8   0x000001e0   Code   RO         1827    .text               drv_rcin.o
    0x0800f4a8   0x0800f4a8   0x000001ec   Code   RO         1844    .text               misc.o
    0x0800f694   0x0800f694   0x0000107c   Code   RO         1860    .text               stm32f4xx_adc.o
    0x08010710   0x08010710   0x000013cc   Code   RO         1892    .text               stm32f4xx_dma.o
    0x08011adc   0x08011adc   0x0000030c   Code   RO         1908    .text               stm32f4xx_exti.o
    0x08011de8   0x08011de8   0x00000916   Code   RO         1940    .text               stm32f4xx_gpio.o
    0x080126fe   0x080126fe   0x00000002   PAD
    0x08012700   0x08012700   0x00000d7c   Code   RO         1988    .text               stm32f4xx_rcc.o
    0x0801347c   0x0801347c   0x00000bc8   Code   RO         2006    .text               stm32f4xx_spi.o
    0x08014044   0x08014044   0x00003294   Code   RO         2038    .text               stm32f4xx_tim.o
    0x080172d8   0x080172d8   0x00000eb4   Code   RO         2054    .text               stm32f4xx_usart.o
    0x0801818c   0x0801818c   0x00000210   Code   RO         2070    .text               system_stm32f4xx.o
    0x0801839c   0x0801839c   0x00000024   Code   RO         2094    .text               startup_stm32f4xx.o
    0x080183c0   0x080183c0   0x00000a30   Code   RO         2099    .text               usbd_core.o
    0x08018df0   0x08018df0   0x000001b0   Code   RO         2140    .text               usbd_core_hid.o
    0x08018fa0   0x08018fa0   0x00000604   Code   RO         2152    .text               usbd_hid.o
    0x080195a4   0x080195a4   0x0000039c   Code   RO         2168    .text               ano_imu_calibration.o
    0x08019940   0x08019940   0x000001e4   Code   RO         2194    .text               ano_imu_data.o
    0x08019b24   0x08019b24   0x000000a4   Code   RO         2216    .text               ano_imu_task.o
    0x08019bc8   0x08019bc8   0x00000024   Code   RO         2249    .text               mc_w.l(memcpya.o)
    0x08019bec   0x08019bec   0x0000014e   Code   RO         2253    .text               mf_w.l(dadd.o)
    0x08019d3a   0x08019d3a   0x000000e4   Code   RO         2255    .text               mf_w.l(dmul.o)
    0x08019e1e   0x08019e1e   0x00000022   Code   RO         2257    .text               mf_w.l(dflti.o)
    0x08019e40   0x08019e40   0x0000003e   Code   RO         2259    .text               mf_w.l(dfixi.o)
    0x08019e7e   0x08019e7e   0x00000026   Code   RO         2261    .text               mf_w.l(f2d.o)
    0x08019ea4   0x08019ea4   0x00000030   Code   RO         2263    .text               mf_w.l(cdcmple.o)
    0x08019ed4   0x08019ed4   0x00000030   Code   RO         2265    .text               mf_w.l(cdrcmple.o)
    0x08019f04   0x08019f04   0x00000038   Code   RO         2267    .text               mf_w.l(d2f.o)
    0x08019f3c   0x08019f3c   0x0000001e   Code   RO         2283    .text               mc_w.l(llshl.o)
    0x08019f5a   0x08019f5a   0x00000020   Code   RO         2285    .text               mc_w.l(llushr.o)
    0x08019f7a   0x08019f7a   0x00000024   Code   RO         2287    .text               mc_w.l(llsshr.o)
    0x08019f9e   0x08019f9e   0x00000000   Code   RO         2289    .text               mc_w.l(iusefp.o)
    0x08019f9e   0x08019f9e   0x0000006e   Code   RO         2290    .text               mf_w.l(fepilogue.o)
    0x0801a00c   0x0801a00c   0x000000ba   Code   RO         2292    .text               mf_w.l(depilogue.o)
    0x0801a0c6   0x0801a0c6   0x00000002   PAD
    0x0801a0c8   0x0801a0c8   0x00000024   Code   RO         2294    .text               mc_w.l(init.o)
    0x0801a0ec   0x0801a0ec   0x00000056   Code   RO         2304    .text               mc_w.l(__dczerorl2.o)
    0x0801a142   0x0801a142   0x0000000e   Code   RO         2298    i.__scatterload_copy  mc_w.l(handlers.o)
    0x0801a150   0x0801a150   0x00000002   Code   RO         2299    i.__scatterload_null  mc_w.l(handlers.o)
    0x0801a152   0x0801a152   0x0000000e   Code   RO         2300    i.__scatterload_zeroinit  mc_w.l(handlers.o)
    0x0801a160   0x0801a160   0x00000174   Data   RO          228    .constdata          usb_config.o
    0x0801a2d4   0x0801a2d4   0x00000018   Data   RO          458    .constdata          ano_dt.o
    0x0801a2ec   0x0801a2ec   0x00000404   Data   RO          971    .constdata          ano_math.o
    0x0801a6f0   0x0801a6f0   0x0000008f   Data   RO         1650    .constdata          drv_gps.o
    0x0801a77f   0x0801a77f   0x00000142   Data   RO         1748    .constdata          drv_up_flow.o
    0x0801a8c1   0x0801a8c1   0x00000003   PAD
    0x0801a8c4   0x0801a8c4   0x00000020   Data   RO         2296    Region$$Table       anon$$obj.o


    Execution Region RW_IRAM1 (Exec base: 0x20000000, Load base: 0x0801a8e4, Size: 0x00003ae8, Max: 0x00020000, ABSOLUTE, COMPRESSED[0x00000074])

    Exec Addr    Load Addr    Size         Type   Attr      Idx    E Section Name        Object

    0x20000000   COMPRESSED   0x00000007   Data   RW          151    .data               ano_usb.o
    0x20000007   COMPRESSED   0x00000001   PAD
    0x20000008   COMPRESSED   0x00000009   Data   RW          229    .data               usb_config.o
    0x20000011   COMPRESSED   0x00000003   PAD
    0x20000014   COMPRESSED   0x00000054   Data   RW          268    .data               ano_scheduler.o
    0x20000068   COMPRESSED   0x00000002   Data   RW          392    .data               bsp_init.o
    0x2000006a   COMPRESSED   0x00000001   Data   RW          459    .data               ano_dt.o
    0x2000006b   COMPRESSED   0x00000001   PAD
    0x2000006c   COMPRESSED   0x00000015   Data   RW          648    .data               ano_rc.o
    0x20000081   COMPRESSED   0x00000003   Data   RW          676    .data               ano_of.o
    0x20000084   COMPRESSED   0x00000005   Data   RW          699    .data               ano_flyctrl.o
    0x20000089   COMPRESSED   0x00000001   PAD
    0x2000008a   COMPRESSED   0x00000007   Data   RW          726    .data               ano_uwb.o
    0x20000091   COMPRESSED   0x00000003   Data   RW          770    .data               ano_opmv_ctrl.o
    0x20000094   COMPRESSED   0x00000014   Data   RW          797    .data               ano_opmv_cbtracking_ctrl.o
    0x200000a8   COMPRESSED   0x0000001c   Data   RW          824    .data               ano_opmv_linetracking_ctrl.o
    0x200000c4   COMPRESSED   0x00000030   Data   RW          847    .data               ano_of_decofusion.o
    0x200000f4   COMPRESSED   0x00000008   Data   RW          874    .data               ano_fcdata.o
    0x200000fc   COMPRESSED   0x0000000c   Data   RW          900    .data               ano_filter.o
    0x20000108   COMPRESSED   0x00000154   Data   RW          928    .data               ano_imu.o
    0x2000025c   COMPRESSED   0x00000019   Data   RW          991    .data               ano_motioncal.o
    0x20000275   COMPRESSED   0x00000003   PAD
    0x20000278   COMPRESSED   0x0000000e   Data   RW         1079    .data               ano_altctrl.o
    0x20000286   COMPRESSED   0x00000002   PAD
    0x20000288   COMPRESSED   0x00000010   Data   RW         1122    .data               ano_attctrl.o
    0x20000298   COMPRESSED   0x0000002c   Data   RW         1153    .data               ano_flightctrl.o
    0x200002c4   COMPRESSED   0x00000036   Data   RW         1194    .data               ano_locctrl.o
    0x200002fa   COMPRESSED   0x00000002   PAD
    0x200002fc   COMPRESSED   0x00000020   Data   RW         1216    .data               ano_magprocess.o
    0x2000031c   COMPRESSED   0x00000014   Data   RW         1243    .data               ano_motorctrl.o
    0x20000330   COMPRESSED   0x0000000c   Data   RW         1273    .data               ano_power.o
    0x2000033c   COMPRESSED   0x00000044   Data   RW         1295    .data               ano_flightdatacal.o
    0x20000380   COMPRESSED   0x00000027   Data   RW         1320    .data               drv_led.o
    0x200003a7   COMPRESSED   0x00000001   PAD
    0x200003a8   COMPRESSED   0x00000002   Data   RW         1354    .data               drv_adc.o
    0x200003aa   COMPRESSED   0x00000004   Data   RW         1377    .data               ano_parameter.o
    0x200003ae   COMPRESSED   0x00000002   PAD
    0x200003b0   COMPRESSED   0x00000008   Data   RW         1441    .data               drv_time.o
    0x200003b8   COMPRESSED   0x00000008   Data   RW         1472    .data               drv_usart.o
    0x200003c0   COMPRESSED   0x00000006   Data   RW         1506    .data               drv_ak8975.o
    0x200003c6   COMPRESSED   0x00000002   PAD
    0x200003c8   COMPRESSED   0x0000000b   Data   RW         1575    .data               drv_spl06.o
    0x200003d3   COMPRESSED   0x00000001   PAD
    0x200003d4   COMPRESSED   0x00000030   Data   RW         1623    .data               usbd_stm32f4xx_fs.o
    0x20000404   COMPRESSED   0x00000019   Data   RW         1651    .data               drv_gps.o
    0x2000041d   COMPRESSED   0x00000003   PAD
    0x20000420   COMPRESSED   0x00000013   Data   RW         1679    .data               drv_heating.o
    0x20000433   COMPRESSED   0x00000001   PAD
    0x20000434   COMPRESSED   0x00000006   Data   RW         1702    .data               drv_laser.o
    0x2000043a   COMPRESSED   0x00000004   Data   RW         1725    .data               drv_openmv.o
    0x2000043e   COMPRESSED   0x00000004   Data   RW         1749    .data               drv_up_flow.o
    0x20000442   COMPRESSED   0x00000002   Data   RW         1776    .data               drv_bmi088.o
    0x20000444   COMPRESSED   0x0000000e   Data   RW         1803    .data               drv_bsp.o
    0x20000452   COMPRESSED   0x00000004   Data   RW         1828    .data               drv_rcin.o
    0x20000456   COMPRESSED   0x00000010   Data   RW         1989    .data               stm32f4xx_rcc.o
    0x20000466   COMPRESSED   0x00000002   PAD
    0x20000468   COMPRESSED   0x00000014   Data   RW         2071    .data               system_stm32f4xx.o
    0x2000047c   COMPRESSED   0x00000024   Data   RW         2100    .data               usbd_core.o
    0x200004a0   COMPRESSED   0x00000027   Data   RW         2153    .data               usbd_hid.o
    0x200004c7   COMPRESSED   0x00000001   PAD
    0x200004c8   COMPRESSED   0x00000018   Data   RW         2170    .data               ano_imu_calibration.o
    0x200004e0        -       0x00000428   Zero   RW          150    .bss                ano_usb.o
    0x20000908        -       0x00000320   Zero   RW          227    .bss                usb_config.o
    0x20000c28        -       0x00000024   Zero   RW          267    .bss                ano_scheduler.o
    0x20000c4c        -       0x00000448   Zero   RW          457    .bss                ano_dt.o
    0x20001094        -       0x00000010   Zero   RW          647    .bss                ano_rc.o
    0x200010a4        -       0x0000007c   Zero   RW          675    .bss                ano_of.o
    0x20001120        -       0x00000054   Zero   RW          698    .bss                ano_flyctrl.o
    0x20001174        -       0x0000023c   Zero   RW          725    .bss                ano_uwb.o
    0x200013b0        -       0x00000020   Zero   RW          748    .bss                ano_programctrl_user.o
    0x200013d0        -       0x00000044   Zero   RW          796    .bss                ano_opmv_cbtracking_ctrl.o
    0x20001414        -       0x00000020   Zero   RW          823    .bss                ano_opmv_linetracking_ctrl.o
    0x20001434        -       0x00000054   Zero   RW          846    .bss                ano_of_decofusion.o
    0x20001488        -       0x00000035   Zero   RW          873    .bss                ano_fcdata.o
    0x200014bd   COMPRESSED   0x00000003   PAD
    0x200014c0        -       0x00000054   Zero   RW          927    .bss                ano_imu.o
    0x20001514        -       0x0000004c   Zero   RW          990    .bss                ano_motioncal.o
    0x20001560        -       0x00000108   Zero   RW         1056    .bss                ano_sensor_basic.o
    0x20001668        -       0x00000080   Zero   RW         1078    .bss                ano_altctrl.o
    0x200016e8        -       0x000001e8   Zero   RW         1121    .bss                ano_attctrl.o
    0x200018d0        -       0x00000034   Zero   RW         1152    .bss                ano_flightctrl.o
    0x20001904        -       0x00000148   Zero   RW         1193    .bss                ano_locctrl.o
    0x20001a4c        -       0x00000010   Zero   RW         1242    .bss                ano_motorctrl.o
    0x20001a5c        -       0x0000000f   Zero   RW         1319    .bss                drv_led.o
    0x20001a6b   COMPRESSED   0x00000001   PAD
    0x20001a6c        -       0x00001000   Zero   RW         1376    .bss                ano_parameter.o
    0x20002a6c        -       0x00000500   Zero   RW         1471    .bss                drv_usart.o
    0x20002f6c        -       0x00000009   Zero   RW         1527    .bss                drv_ak09915.o
    0x20002f75   COMPRESSED   0x00000003   PAD
    0x20002f78        -       0x00000040   Zero   RW         1574    .bss                drv_spl06.o
    0x20002fb8        -       0x0000000c   Zero   RW         1597    .bss                drv_w25qxx.o
    0x20002fc4        -       0x00000070   Zero   RW         1622    .bss                usbd_stm32f4xx_fs.o
    0x20003034   COMPRESSED   0x00000004   PAD
    0x20003038        -       0x000000eb   Zero   RW         1649    .bss                drv_gps.o
    0x20003123   COMPRESSED   0x00000001   PAD
    0x20003124        -       0x0000000c   Zero   RW         1678    .bss                drv_heating.o
    0x20003130        -       0x0000002e   Zero   RW         1724    .bss                drv_openmv.o
    0x2000315e        -       0x0000001c   Zero   RW         1747    .bss                drv_up_flow.o
    0x2000317a        -       0x0000000e   Zero   RW         1775    .bss                drv_bmi088.o
    0x20003188        -       0x0000006b   Zero   RW         1802    .bss                drv_bsp.o
    0x200031f3   COMPRESSED   0x00000001   PAD
    0x200031f4        -       0x00000048   Zero   RW         2169    .bss                ano_imu_calibration.o
    0x2000323c        -       0x000000a8   Zero   RW         2195    .bss                ano_imu_data.o
    0x200032e4   COMPRESSED   0x00000004   PAD
    0x200032e8        -       0x00000800   Zero   RW         2091    STACK               startup_stm32f4xx.o


==============================================================================

Image component sizes


      Code (inc. data)   RO Data    RW Data    ZI Data      Debug   Object Name

      1492        138          0         14        128       2392   ano_altctrl.o
      2644        172          0         16        488       4821   ano_attctrl.o
      4544        154         24          1       1096     226750   ano_dt.o
        40         10          0          8         53       3151   ano_fcdata.o
      2116         26          0         12          0       7751   ano_filter.o
      2220        244          0         44         52       5997   ano_flightctrl.o
      1040        158          0         68          0       3503   ano_flightdatacal.o
      2444        382          0          5         84       3458   ano_flyctrl.o
      2976        182          0        340         84       7505   ano_imu.o
       924         64          0         24         72       3699   ano_imu_calibration.o
       484         20          0          0        168       3368   ano_imu_data.o
       164         30          0          0          0        727   ano_imu_task.o
      3512        288          0         54        328       3962   ano_locctrl.o
      1200         92          0         32          0       3535   ano_magprocess.o
      2260        146       1028          0          0       8404   ano_math.o
       512         60          0         25         76       1799   ano_motioncal.o
       528         32          0         20         16       2315   ano_motorctrl.o
       852         40          0          3        124       3242   ano_of.o
      1476        124          0         48         84       4779   ano_of_decofusion.o
      1144         82          0         20         68       3894   ano_opmv_cbtracking_ctrl.o
       244         34          0          3          0       1395   ano_opmv_ctrl.o
      1396        116          0         28         32       4132   ano_opmv_linetracking_ctrl.o
      5224        310          0          4       4096       8567   ano_parameter.o
       288          4          0          0          0       1988   ano_pid.o
       540         62          0         12          0       1074   ano_power.o
       208         26          0          0         32       2083   ano_programctrl_user.o
      1364        166          0         21         16       4836   ano_rc.o
       516         34          0         84         36       3805   ano_scheduler.o
       532         46          0          0        264       3426   ano_sensor_basic.o
       408         24          0          7       1064      15422   ano_usb.o
       732         48          0          7        572       3016   ano_uwb.o
       368         44          0          2          0       1554   bsp_init.o
       292         18          0          2          0       1525   drv_adc.o
       168         10          0          0          9       2121   drv_ak09915.o
       300         10          0          6          0       2200   drv_ak8975.o
       672         28          0          2         14       4045   drv_bmi088.o
      1120         54          0         14        107       3437   drv_bsp.o
      1812        102        143         25        235       5751   drv_gps.o
       912        174          0         19         12       2461   drv_heating.o
         0          0          0          6          0       1253   drv_laser.o
      1624         74          0         39         15       4919   drv_led.o
       476         22          0          4         46       2956   drv_openmv.o
       796         38          0          0          0       1910   drv_pwm_out.o
       480         20          0          4          0       1444   drv_rcin.o
       304         10          0          0          0       1807   drv_spi.o
      1792         58          0         11         64       5873   drv_spl06.o
       440         18          0          8          0      22118   drv_time.o
       548         28        322          4         28       2215   drv_up_flow.o
      1696         96          0          8       1280       5306   drv_usart.o
       968         14          0          0         12       5457   drv_w25qxx.o
        28          4          0          0          0       1117   main.o
       492         74          0          0          0       2249   misc.o
        36          8        392          0       2048        952   startup_stm32f4xx.o
      4220        148          0          0          0      13562   stm32f4xx_adc.o
      5068        352          0          0          0       9173   stm32f4xx_dma.o
       780         70          0          0          0       2927   stm32f4xx_exti.o
      2326        132          0          0          0       5625   stm32f4xx_gpio.o
        94          0          0          0          0     307166   stm32f4xx_it.o
      3452        262          0         16          0      13783   stm32f4xx_rcc.o
      3016        118          0          0          0       8757   stm32f4xx_spi.o
     12948        670          0          0          0      31420   stm32f4xx_tim.o
      3764        164          0          0          0      10308   stm32f4xx_usart.o
       528         46          0         20          0       2179   system_stm32f4xx.o
        82          0        372          9        800      15814   usb_config.o
      2608        202          0         36          0       8196   usbd_core.o
       432         68          0          0          0       1852   usbd_core_hid.o
      1540        184          0         39          0       6175   usbd_hid.o
      4792        220          0         48        112      27561   usbd_stm32f4xx_fs.o

    ----------------------------------------------------------------------
    105004       6854       2316       1248      13832     901964   Object Totals
         0          0         32          0          0          0   (incl. Generated)
         6          0          3         26         17          0   (incl. Padding)

    ----------------------------------------------------------------------

      Code (inc. data)   RO Data    RW Data    ZI Data      Debug   Library Member Name

        86          0          0          0          0          0   __dczerorl2.o
         0          0          0          0          0          0   entry.o
         0          0          0          0          0          0   entry10a.o
         0          0          0          0          0          0   entry11a.o
         8          4          0          0          0          0   entry2.o
         4          0          0          0          0          0   entry5.o
         0          0          0          0          0          0   entry7b.o
         0          0          0          0          0          0   entry8b.o
         8          4          0          0          0          0   entry9a.o
        30          0          0          0          0          0   handlers.o
        36          8          0          0          0         68   init.o
         0          0          0          0          0          0   iusefp.o
        30          0          0          0          0         68   llshl.o
        36          0          0          0          0         68   llsshr.o
        32          0          0          0          0         68   llushr.o
        36          0          0          0          0         68   memcpya.o
        48          0          0          0          0         68   cdcmple.o
        48          0          0          0          0         68   cdrcmple.o
        56          0          0          0          0         88   d2f.o
       334          0          0          0          0        148   dadd.o
       186          0          0          0          0        176   depilogue.o
        62          0          0          0          0         80   dfixi.o
        34          0          0          0          0         76   dflti.o
       228          0          0          0          0         96   dmul.o
        38          0          0          0          0         68   f2d.o
       110          0          0          0          0        168   fepilogue.o

    ----------------------------------------------------------------------
      1452         16          0          0          0       1376   Library Totals
         2          0          0          0          0          0   (incl. Padding)

    ----------------------------------------------------------------------

      Code (inc. data)   RO Data    RW Data    ZI Data      Debug   Library Name

       306         16          0          0          0        340   mc_w.l
      1144          0          0          0          0       1036   mf_w.l

    ----------------------------------------------------------------------
      1452         16          0          0          0       1376   Library Totals

    ----------------------------------------------------------------------

==============================================================================


      Code (inc. data)   RO Data    RW Data    ZI Data      Debug   

    106456       6870       2316       1248      13832     890000   Grand Totals
    106456       6870       2316        116      13832     890000   ELF Image Totals (compressed)
    106456       6870       2316        116          0          0   ROM Totals

==============================================================================

    Total RO  Size (Code + RO Data)               108772 ( 106.22kB)
    Total RW  Size (RW Data + ZI Data)             15080 (  14.73kB)
    Total ROM Size (Code + RO Data + RW Data)     108888 ( 106.34kB)

==============================================================================

